D2 tp=identity seed=1 source=E:\codes_python\relation latent world\E0\outputs\e0a\main\identity\seed_1\best_checkpoint.pt device=cpu
probe=participation/linear step=0000 loss=0.742865
probe=participation/linear step=0100 loss=0.718941
probe=participation/linear step=0200 loss=0.690338
probe=participation/linear step=0300 loss=0.688165
probe=participation/linear step=0400 loss=0.672271
probe=participation/linear step=0500 loss=0.681864
probe=participation/linear step=0600 loss=0.672818
probe=participation/linear step=0700 loss=0.674562
probe=participation/linear step=0800 loss=0.672136
probe=participation/linear step=0900 loss=0.675660
probe=participation/linear step=1000 loss=0.671335
probe=participation/linear step=1100 loss=0.668177
probe=participation/linear step=1200 loss=0.672339
probe=participation/linear step=1300 loss=0.675659
probe=participation/linear step=1400 loss=0.676295
probe=participation/linear step=1500 loss=0.671240
probe=participation/linear step=1600 loss=0.673400
probe=participation/linear step=1700 loss=0.674826
probe=participation/linear step=1800 loss=0.679257
probe=participation/linear step=1900 loss=0.675795
probe=participation/linear step=1999 loss=0.670929
probe=participation/mlp step=0000 loss=0.686488
probe=participation/mlp step=0100 loss=0.493710
probe=participation/mlp step=0200 loss=0.388660
probe=participation/mlp step=0300 loss=0.344453
probe=participation/mlp step=0400 loss=0.324499
probe=participation/mlp step=0500 loss=0.326469
probe=participation/mlp step=0600 loss=0.308924
probe=participation/mlp step=0700 loss=0.305522
probe=participation/mlp step=0800 loss=0.272612
probe=participation/mlp step=0900 loss=0.248111
probe=participation/mlp step=1000 loss=0.246128
probe=participation/mlp step=1100 loss=0.246270
probe=participation/mlp step=1200 loss=0.253458
probe=participation/mlp step=1300 loss=0.218067
probe=participation/mlp step=1400 loss=0.219634
probe=participation/mlp step=1500 loss=0.208656
probe=participation/mlp step=1600 loss=0.198876
probe=participation/mlp step=1700 loss=0.196562
probe=participation/mlp step=1800 loss=0.196306
probe=participation/mlp step=1900 loss=0.194075
probe=participation/mlp step=1999 loss=0.200424
probe=realization/linear step=0000 loss=0.759107
probe=realization/linear step=0100 loss=0.441643
probe=realization/linear step=0200 loss=0.344001
probe=realization/linear step=0300 loss=0.271325
probe=realization/linear step=0400 loss=0.244724
probe=realization/linear step=0500 loss=0.248596
probe=realization/linear step=0600 loss=0.239699
probe=realization/linear step=0700 loss=0.244056
probe=realization/linear step=0800 loss=0.234106
probe=realization/linear step=0900 loss=0.230342
probe=realization/linear step=1000 loss=0.231346
probe=realization/linear step=1100 loss=0.220973
probe=realization/linear step=1200 loss=0.227246
probe=realization/linear step=1300 loss=0.230795
probe=realization/linear step=1400 loss=0.244437
probe=realization/linear step=1500 loss=0.243725
probe=realization/linear step=1600 loss=0.233743
probe=realization/linear step=1700 loss=0.235173
probe=realization/linear step=1800 loss=0.233196
probe=realization/linear step=1900 loss=0.240757
probe=realization/linear step=1999 loss=0.231949
probe=realization/mlp step=0000 loss=0.466863
probe=realization/mlp step=0100 loss=0.215121
probe=realization/mlp step=0200 loss=0.196261
probe=realization/mlp step=0300 loss=0.197729
probe=realization/mlp step=0400 loss=0.191629
probe=realization/mlp step=0500 loss=0.195311
probe=realization/mlp step=0600 loss=0.176828
probe=realization/mlp step=0700 loss=0.181156
probe=realization/mlp step=0800 loss=0.169230
probe=realization/mlp step=0900 loss=0.171966
probe=realization/mlp step=1000 loss=0.182165
probe=realization/mlp step=1100 loss=0.174577
probe=realization/mlp step=1200 loss=0.178844
probe=realization/mlp step=1300 loss=0.175979
probe=realization/mlp step=1400 loss=0.175458
probe=realization/mlp step=1500 loss=0.171630
probe=realization/mlp step=1600 loss=0.167115
probe=realization/mlp step=1700 loss=0.164653
probe=realization/mlp step=1800 loss=0.180107
probe=realization/mlp step=1900 loss=0.176557
probe=realization/mlp step=1999 loss=0.170065
