D2 tp=identity seed=2 source=E:\codes_python\relation latent world\E0\outputs\e0a\main\identity\seed_2\best_checkpoint.pt device=cpu
probe=participation/linear step=0000 loss=0.789380
probe=participation/linear step=0100 loss=0.745992
probe=participation/linear step=0200 loss=0.723740
probe=participation/linear step=0300 loss=0.695015
probe=participation/linear step=0400 loss=0.687642
probe=participation/linear step=0500 loss=0.680337
probe=participation/linear step=0600 loss=0.669162
probe=participation/linear step=0700 loss=0.663842
probe=participation/linear step=0800 loss=0.662237
probe=participation/linear step=0900 loss=0.662119
probe=participation/linear step=1000 loss=0.657871
probe=participation/linear step=1100 loss=0.658211
probe=participation/linear step=1200 loss=0.651556
probe=participation/linear step=1300 loss=0.647728
probe=participation/linear step=1400 loss=0.649637
probe=participation/linear step=1500 loss=0.650951
probe=participation/linear step=1600 loss=0.647076
probe=participation/linear step=1700 loss=0.654284
probe=participation/linear step=1800 loss=0.654476
probe=participation/linear step=1900 loss=0.647827
probe=participation/linear step=1999 loss=0.651618
probe=participation/mlp step=0000 loss=0.690163
probe=participation/mlp step=0100 loss=0.502367
probe=participation/mlp step=0200 loss=0.422106
probe=participation/mlp step=0300 loss=0.392901
probe=participation/mlp step=0400 loss=0.362592
probe=participation/mlp step=0500 loss=0.352030
probe=participation/mlp step=0600 loss=0.339308
probe=participation/mlp step=0700 loss=0.312399
probe=participation/mlp step=0800 loss=0.311850
probe=participation/mlp step=0900 loss=0.294485
probe=participation/mlp step=1000 loss=0.279394
probe=participation/mlp step=1100 loss=0.282282
probe=participation/mlp step=1200 loss=0.289992
probe=participation/mlp step=1300 loss=0.261988
probe=participation/mlp step=1400 loss=0.242706
probe=participation/mlp step=1500 loss=0.252990
probe=participation/mlp step=1600 loss=0.228258
probe=participation/mlp step=1700 loss=0.226949
probe=participation/mlp step=1800 loss=0.244461
probe=participation/mlp step=1900 loss=0.237991
probe=participation/mlp step=1999 loss=0.230227
probe=realization/linear step=0000 loss=0.972198
probe=realization/linear step=0100 loss=0.680344
probe=realization/linear step=0200 loss=0.485621
probe=realization/linear step=0300 loss=0.407185
probe=realization/linear step=0400 loss=0.334862
probe=realization/linear step=0500 loss=0.302976
probe=realization/linear step=0600 loss=0.272961
probe=realization/linear step=0700 loss=0.264471
probe=realization/linear step=0800 loss=0.259925
probe=realization/linear step=0900 loss=0.261632
probe=realization/linear step=1000 loss=0.255298
probe=realization/linear step=1100 loss=0.267293
probe=realization/linear step=1200 loss=0.257473
probe=realization/linear step=1300 loss=0.251242
probe=realization/linear step=1400 loss=0.251973
probe=realization/linear step=1500 loss=0.243310
probe=realization/linear step=1600 loss=0.252530
probe=realization/linear step=1700 loss=0.245516
probe=realization/linear step=1800 loss=0.261423
probe=realization/linear step=1900 loss=0.259277
probe=realization/linear step=1999 loss=0.265910
probe=realization/mlp step=0000 loss=0.502678
probe=realization/mlp step=0100 loss=0.215252
probe=realization/mlp step=0200 loss=0.213856
probe=realization/mlp step=0300 loss=0.195362
probe=realization/mlp step=0400 loss=0.203129
probe=realization/mlp step=0500 loss=0.196798
probe=realization/mlp step=0600 loss=0.180188
probe=realization/mlp step=0700 loss=0.175286
probe=realization/mlp step=0800 loss=0.170278
probe=realization/mlp step=0900 loss=0.182299
probe=realization/mlp step=1000 loss=0.195033
probe=realization/mlp step=1100 loss=0.182194
probe=realization/mlp step=1200 loss=0.176175
probe=realization/mlp step=1300 loss=0.190263
probe=realization/mlp step=1400 loss=0.180034
probe=realization/mlp step=1500 loss=0.169994
probe=realization/mlp step=1600 loss=0.160684
probe=realization/mlp step=1700 loss=0.166489
probe=realization/mlp step=1800 loss=0.163806
probe=realization/mlp step=1900 loss=0.166355
probe=realization/mlp step=1999 loss=0.170140
