[S1 s0] r=00 Hfull=1.364 Hsparse=0.613 alive=[0, 1, 2, 3, 4] incl=[0.401, 0.337, 0.464, 0.477, 0.322] nrmse=0.929 func=[0.16, 0.27, -0.01]
[S1 s0] r=01 Hfull=1.393 Hsparse=0.652 alive=[0, 1, 2, 3, 4] incl=[0.297, 0.481, 0.481, 0.374, 0.368] nrmse=0.728 func=[0.17, 0.54, -0.11]
[S1 s0] r=02 Hfull=1.260 Hsparse=0.648 alive=[0, 1, 2, 3, 4] incl=[0.286, 0.467, 0.485, 0.373, 0.389] nrmse=0.629 func=[0.08, 0.56, 0.16]
[S1 s0] r=03 Hfull=1.248 Hsparse=0.651 alive=[0, 1, 2, 3, 4] incl=[0.323, 0.479, 0.443, 0.355, 0.4] nrmse=0.543 func=[0.09, 0.72, 0.32]
[S1 s0] r=04 Hfull=1.203 Hsparse=0.644 alive=[0, 1, 2, 3, 4] incl=[0.332, 0.468, 0.421, 0.343, 0.436] nrmse=0.473 func=[0.22, 0.84, 0.46]
[S1 s0] r=05 Hfull=1.147 Hsparse=0.637 alive=[0, 1, 2, 3, 4] incl=[0.342, 0.472, 0.4, 0.335, 0.451] nrmse=0.427 func=[0.25, 0.88, 0.61]
[S1 s0] r=06 Hfull=1.149 Hsparse=0.640 alive=[0, 1, 2, 3, 4] incl=[0.345, 0.477, 0.391, 0.329, 0.458] nrmse=0.383 func=[0.36, 0.94, 0.7]
[S1 s0] r=07 Hfull=1.112 Hsparse=0.635 alive=[0, 1, 2, 3, 4] incl=[0.356, 0.427, 0.395, 0.341, 0.481] nrmse=0.335 func=[0.54, 0.97, 0.83]
[S1 s0] r=08 Hfull=1.092 Hsparse=0.633 alive=[0, 1, 2, 3, 4] incl=[0.367, 0.391, 0.393, 0.349, 0.501] nrmse=0.302 func=[0.62, 0.98, 0.89]
[S1 s0] r=09 Hfull=1.081 Hsparse=0.632 alive=[0, 1, 2, 3, 4] incl=[0.376, 0.362, 0.397, 0.348, 0.517] nrmse=0.274 func=[0.75, 0.98, 0.96]
[S1 s0] r=10 Hfull=0.763 Hsparse=0.564 alive=[0, 1, 2, 3, 4] incl=[0.385, 0.346, 0.393, 0.347, 0.529] nrmse=0.215 func=[0.81, 0.98, 0.98]
[S1 s0] r=11 Hfull=0.684 Hsparse=0.540 alive=[0, 1, 2, 3, 4] incl=[0.39, 0.336, 0.39, 0.346, 0.538] nrmse=0.174 func=[0.89, 0.99, 0.98]
[S1 s0] r=12 Hfull=0.624 Hsparse=0.520 alive=[0, 1, 2, 3, 4] incl=[0.397, 0.337, 0.396, 0.338, 0.531] nrmse=0.154 func=[0.96, 0.99, 0.99]
[S1 s0] r=13 Hfull=0.589 Hsparse=0.509 alive=[0, 1, 2, 3, 4] incl=[0.407, 0.332, 0.386, 0.33, 0.545] nrmse=0.139 func=[0.99, 0.99, 0.99]
[S1 s0] r=14 Hfull=0.551 Hsparse=0.492 alive=[0, 1, 2, 3, 4] incl=[0.406, 0.343, 0.391, 0.327, 0.533] nrmse=0.119 func=[0.99, 0.99, 0.99]
[S1 s0] r=15 Hfull=0.524 Hsparse=0.481 alive=[0, 1, 2, 3, 4] incl=[0.412, 0.345, 0.389, 0.324, 0.531] nrmse=0.109 func=[0.99, 1.0, 0.99]
[S1 s0] r=16 Hfull=0.510 Hsparse=0.473 alive=[0, 1, 2, 3, 4] incl=[0.41, 0.346, 0.39, 0.329, 0.525] nrmse=0.104 func=[1.0, 1.0, 0.99]
[S1 s0] r=17 Hfull=0.488 Hsparse=0.461 alive=[0, 1, 2, 3, 4] incl=[0.414, 0.352, 0.387, 0.331, 0.517] nrmse=0.097 func=[1.0, 1.0, 0.99]
[S1 s0] r=18 Hfull=0.480 Hsparse=0.458 alive=[0, 1, 2, 3, 4] incl=[0.426, 0.346, 0.382, 0.334, 0.512] nrmse=0.094 func=[1.0, 1.0, 0.99]
[S1 s0] r=19 Hfull=0.450 Hsparse=0.439 alive=[0, 1, 2, 3, 4] incl=[0.423, 0.354, 0.39, 0.331, 0.502] nrmse=0.082 func=[1.0, 1.0, 1.0]
[S1 s0] r=20 Hfull=0.390 Hsparse=0.389 alive=[0, 1, 2, 3, 4] incl=[0.435, 0.348, 0.373, 0.333, 0.511] nrmse=0.075 func=[1.0, 1.0, 1.0]
[S1 s0] r=21 Hfull=0.386 Hsparse=0.386 alive=[0, 1, 2, 3, 4] incl=[0.427, 0.356, 0.383, 0.328, 0.506] nrmse=0.062 func=[1.0, 1.0, 1.0]
[S1 s0] r=22 Hfull=0.387 Hsparse=0.387 alive=[0, 1, 2, 3, 4] incl=[0.437, 0.356, 0.374, 0.327, 0.506] nrmse=0.062 func=[1.0, 1.0, 1.0]
[S1 s0] r=23 Hfull=0.385 Hsparse=0.384 alive=[0, 1, 2, 3, 4] incl=[0.439, 0.356, 0.373, 0.329, 0.504] nrmse=0.056 func=[1.0, 1.0, 1.0]
[S1 s0] r=24 Hfull=0.380 Hsparse=0.380 alive=[0, 1, 2, 3, 4] incl=[0.429, 0.362, 0.383, 0.327, 0.499] nrmse=0.053 func=[1.0, 1.0, 1.0]
[S1 s0] r=25 Hfull=0.380 Hsparse=0.380 alive=[0, 1, 2, 3, 4] incl=[0.441, 0.347, 0.371, 0.326, 0.514] nrmse=0.054 func=[1.0, 1.0, 1.0]
[S1 s0] r=26 Hfull=0.379 Hsparse=0.378 alive=[0, 1, 2, 3, 4] incl=[0.44, 0.35, 0.377, 0.33, 0.502] nrmse=0.051 func=[1.0, 1.0, 1.0]
[S1 s0] r=27 Hfull=0.367 Hsparse=0.367 alive=[0, 1, 2, 3, 4] incl=[0.456, 0.367, 0.379, 0.324, 0.474] nrmse=0.055 func=[1.0, 1.0, 1.0]
[S1 s0] r=28 Hfull=0.367 Hsparse=0.367 alive=[0, 1, 2, 3, 4] incl=[0.465, 0.353, 0.368, 0.325, 0.489] nrmse=0.048 func=[1.0, 1.0, 1.0]
[S1 s0] r=29 Hfull=0.364 Hsparse=0.364 alive=[0, 1, 2, 3, 4] incl=[0.484, 0.36, 0.367, 0.325, 0.464] nrmse=0.041 func=[1.0, 1.0, 1.0]
[S1 s0] r=30 Hfull=0.342 Hsparse=0.342 alive=[0, 1, 2, 3, 4] incl=[0.59, 0.336, 0.35, 0.322, 0.402] nrmse=0.040 func=[1.0, 1.0, 1.0]
[S1 s0] r=31 Hfull=0.342 Hsparse=0.342 alive=[0, 1, 2, 3, 4] incl=[0.579, 0.336, 0.352, 0.323, 0.41] nrmse=0.041 func=[1.0, 1.0, 1.0]
[S1 s0] r=32 Hfull=0.343 Hsparse=0.343 alive=[0, 1, 2, 3, 4] incl=[0.592, 0.333, 0.35, 0.323, 0.402] nrmse=0.036 func=[1.0, 1.0, 1.0]
[S1 s0] r=33 Hfull=0.346 Hsparse=0.346 alive=[0, 1, 2, 3, 4] incl=[0.611, 0.335, 0.348, 0.321, 0.385] nrmse=0.036 func=[1.0, 1.0, 1.0]
[S1 s0] r=34 Hfull=0.345 Hsparse=0.345 alive=[0, 1, 2, 3, 4] incl=[0.625, 0.33, 0.348, 0.321, 0.375] nrmse=0.034 func=[1.0, 1.0, 1.0]
[S1 s0] r=35 Hfull=0.343 Hsparse=0.343 alive=[0, 1, 2, 3, 4] incl=[0.652, 0.331, 0.348, 0.321, 0.346] nrmse=0.030 func=[1.0, 1.0, 1.0]
[S1 s0] r=36 Hfull=0.339 Hsparse=0.339 alive=[0, 1, 2, 3, 4] incl=[0.673, 0.331, 0.348, 0.321, 0.326] nrmse=0.037 func=[1.0, 1.0, 1.0]
[S1 s0] r=37 Hfull=0.339 Hsparse=0.339 alive=[0, 1, 2, 3, 4] incl=[0.669, 0.331, 0.348, 0.321, 0.33] nrmse=0.035 func=[1.0, 1.0, 1.0]
[S1 s0] r=38 Hfull=0.338 Hsparse=0.338 alive=[0, 1, 2, 3, 4] incl=[0.684, 0.331, 0.348, 0.321, 0.315] nrmse=0.033 func=[1.0, 1.0, 1.0]
[S1 s0] r=39 Hfull=0.342 Hsparse=0.342 alive=[0, 1, 2, 3, 4] incl=[0.676, 0.33, 0.348, 0.321, 0.324] nrmse=0.032 func=[1.0, 1.0, 1.0]
{
  "variant": "S1",
  "seed": 0,
  "top_k": 2,
  "z4_pass": true,
  "major_mixing": false,
  "existence_tests": 0,
  "existence_deletes": 0,
  "existence_rollbacks": 0,
  "duplicate_prunes": 0,
  "m_discovered": 5,
  "family_accuracy": 0.9378238341968912,
  "fragmentation": 0.06015037593984962,
  "b1_pass": false,
  "final_pass": false,
  "failure_mode": "F7_count_only_failure"
}
[S1 s1] r=00 Hfull=1.434 Hsparse=0.666 alive=[0, 1, 2, 3, 4] incl=[0.434, 0.483, 0.306, 0.488, 0.288] nrmse=0.992 func=[0.18, 0.09, -0.05]
[S1 s1] r=01 Hfull=1.398 Hsparse=0.663 alive=[0, 1, 2, 3, 4] incl=[0.426, 0.405, 0.36, 0.421, 0.388] nrmse=0.731 func=[0.18, 0.5, 0.09]
[S1 s1] r=02 Hfull=1.336 Hsparse=0.659 alive=[0, 1, 2, 3, 4] incl=[0.424, 0.431, 0.358, 0.343, 0.443] nrmse=0.617 func=[0.12, 0.58, 0.4]
[S1 s1] r=03 Hfull=1.263 Hsparse=0.659 alive=[0, 1, 2, 3, 4] incl=[0.423, 0.441, 0.393, 0.292, 0.45] nrmse=0.558 func=[0.16, 0.67, 0.61]
[S1 s1] r=04 Hfull=1.084 Hsparse=0.646 alive=[0, 1, 2, 3, 4] incl=[0.409, 0.469, 0.448, 0.291, 0.383] nrmse=0.473 func=[0.28, 0.86, 0.82]
[S1 s1] r=05 Hfull=1.061 Hsparse=0.644 alive=[0, 1, 2, 3, 4] incl=[0.376, 0.483, 0.466, 0.322, 0.353] nrmse=0.371 func=[0.44, 0.94, 0.93]
[S1 s1] r=06 Hfull=1.019 Hsparse=0.639 alive=[0, 1, 2, 3, 4] incl=[0.361, 0.487, 0.478, 0.333, 0.341] nrmse=0.300 func=[0.64, 0.97, 0.96]
[S1 s1] r=07 Hfull=0.939 Hsparse=0.622 alive=[0, 1, 2, 3, 4] incl=[0.351, 0.481, 0.49, 0.34, 0.338] nrmse=0.265 func=[0.68, 0.98, 0.97]
[S1 s1] r=08 Hfull=0.910 Hsparse=0.616 alive=[0, 1, 2, 3, 4] incl=[0.349, 0.495, 0.483, 0.339, 0.334] nrmse=0.218 func=[0.77, 0.99, 0.98]
[S1 s1] r=09 Hfull=0.806 Hsparse=0.593 alive=[0, 1, 2, 3, 4] incl=[0.349, 0.483, 0.5, 0.336, 0.332] nrmse=0.205 func=[0.83, 0.99, 0.98]
[S1 s1] r=10 Hfull=0.572 Hsparse=0.513 alive=[0, 1, 2, 3, 4] incl=[0.348, 0.494, 0.49, 0.337, 0.331] nrmse=0.160 func=[0.87, 0.99, 0.98]
[S1 s1] r=11 Hfull=0.496 Hsparse=0.472 alive=[0, 1, 2, 3, 4] incl=[0.348, 0.486, 0.487, 0.332, 0.346] nrmse=0.124 func=[0.94, 1.0, 0.99]
[S1 s1] r=12 Hfull=0.464 Hsparse=0.452 alive=[0, 1, 2, 3, 4] incl=[0.352, 0.49, 0.469, 0.327, 0.361] nrmse=0.097 func=[0.97, 1.0, 0.99]
[S1 s1] r=13 Hfull=0.434 Hsparse=0.429 alive=[0, 1, 2, 3, 4] incl=[0.351, 0.49, 0.471, 0.324, 0.364] nrmse=0.085 func=[0.99, 1.0, 1.0]
[S1 s1] r=14 Hfull=0.415 Hsparse=0.413 alive=[0, 1, 2, 3, 4] incl=[0.354, 0.495, 0.446, 0.321, 0.383] nrmse=0.070 func=[0.99, 1.0, 1.0]
[S1 s1] r=15 Hfull=0.396 Hsparse=0.396 alive=[0, 1, 2, 3, 4] incl=[0.354, 0.502, 0.447, 0.321, 0.376] nrmse=0.060 func=[1.0, 1.0, 1.0]
[S1 s1] r=16 Hfull=0.394 Hsparse=0.394 alive=[0, 1, 2, 3, 4] incl=[0.361, 0.503, 0.423, 0.321, 0.391] nrmse=0.053 func=[1.0, 1.0, 1.0]
[S1 s1] r=17 Hfull=0.391 Hsparse=0.391 alive=[0, 1, 2, 3, 4] incl=[0.379, 0.51, 0.409, 0.321, 0.381] nrmse=0.050 func=[1.0, 1.0, 1.0]
[S1 s1] r=18 Hfull=0.390 Hsparse=0.390 alive=[0, 1, 2, 3, 4] incl=[0.392, 0.507, 0.397, 0.321, 0.383] nrmse=0.047 func=[1.0, 1.0, 1.0]
[S1 s1] r=19 Hfull=0.385 Hsparse=0.385 alive=[0, 1, 2, 3, 4] incl=[0.411, 0.512, 0.391, 0.321, 0.365] nrmse=0.045 func=[1.0, 1.0, 1.0]
[S1 s1] r=20 Hfull=0.363 Hsparse=0.363 alive=[0, 1, 2, 3, 4] incl=[0.492, 0.498, 0.341, 0.321, 0.346] nrmse=0.037 func=[1.0, 1.0, 1.0]
[S1 s1] r=21 Hfull=0.363 Hsparse=0.363 alive=[0, 1, 2, 3, 4] incl=[0.483, 0.504, 0.344, 0.321, 0.348] nrmse=0.039 func=[1.0, 1.0, 1.0]
[S1 s1] r=22 Hfull=0.363 Hsparse=0.363 alive=[0, 1, 2, 3, 4] incl=[0.485, 0.502, 0.346, 0.321, 0.345] nrmse=0.036 func=[1.0, 1.0, 1.0]
[S1 s1] r=23 Hfull=0.361 Hsparse=0.361 alive=[0, 1, 2, 3, 4] incl=[0.501, 0.492, 0.339, 0.321, 0.346] nrmse=0.035 func=[1.0, 1.0, 1.0]
[S1 s1] r=24 Hfull=0.364 Hsparse=0.364 alive=[0, 1, 2, 3, 4] incl=[0.474, 0.508, 0.348, 0.321, 0.349] nrmse=0.031 func=[1.0, 1.0, 1.0]
[S1 s1] r=25 Hfull=0.361 Hsparse=0.361 alive=[0, 1, 2, 3, 4] incl=[0.507, 0.487, 0.341, 0.321, 0.343] nrmse=0.031 func=[1.0, 1.0, 1.0]
[S1 s1] r=26 Hfull=0.365 Hsparse=0.365 alive=[0, 1, 2, 3, 4] incl=[0.477, 0.507, 0.347, 0.321, 0.348] nrmse=0.033 func=[1.0, 1.0, 1.0]
[S1 s1] r=27 Hfull=0.364 Hsparse=0.364 alive=[0, 1, 2, 3, 4] incl=[0.5, 0.491, 0.339, 0.321, 0.348] nrmse=0.030 func=[1.0, 1.0, 1.0]
[S1 s1] r=28 Hfull=0.361 Hsparse=0.361 alive=[0, 1, 2, 3, 4] incl=[0.532, 0.468, 0.341, 0.321, 0.338] nrmse=0.032 func=[1.0, 1.0, 1.0]
[S1 s1] r=29 Hfull=0.361 Hsparse=0.361 alive=[0, 1, 2, 3, 4] incl=[0.529, 0.468, 0.339, 0.321, 0.342] nrmse=0.028 func=[1.0, 1.0, 1.0]
[S1 s1] r=30 Hfull=0.345 Hsparse=0.345 alive=[0, 1, 2, 3, 4] incl=[0.585, 0.432, 0.331, 0.321, 0.331] nrmse=0.027 func=[1.0, 1.0, 1.0]
[S1 s1] r=31 Hfull=0.345 Hsparse=0.345 alive=[0, 1, 2, 3, 4] incl=[0.594, 0.423, 0.331, 0.321, 0.331] nrmse=0.030 func=[1.0, 1.0, 1.0]
[S1 s1] r=32 Hfull=0.346 Hsparse=0.346 alive=[0, 1, 2, 3, 4] incl=[0.592, 0.424, 0.331, 0.321, 0.331] nrmse=0.031 func=[1.0, 1.0, 1.0]
[S1 s1] r=33 Hfull=0.343 Hsparse=0.343 alive=[0, 1, 2, 3, 4] incl=[0.608, 0.41, 0.331, 0.321, 0.33] nrmse=0.024 func=[1.0, 1.0, 1.0]
[S1 s1] r=34 Hfull=0.344 Hsparse=0.344 alive=[0, 1, 2, 3, 4] incl=[0.623, 0.394, 0.331, 0.321, 0.33] nrmse=0.023 func=[1.0, 1.0, 1.0]
[S1 s1] r=35 Hfull=0.344 Hsparse=0.344 alive=[0, 1, 2, 3, 4] incl=[0.654, 0.365, 0.33, 0.321, 0.33] nrmse=0.022 func=[1.0, 1.0, 1.0]
[S1 s1] r=36 Hfull=0.343 Hsparse=0.343 alive=[0, 1, 2, 3, 4] incl=[0.669, 0.349, 0.33, 0.321, 0.33] nrmse=0.020 func=[1.0, 1.0, 1.0]
[S1 s1] r=37 Hfull=0.343 Hsparse=0.343 alive=[0, 1, 2, 3, 4] incl=[0.67, 0.348, 0.33, 0.321, 0.33] nrmse=0.023 func=[1.0, 1.0, 1.0]
[S1 s1] r=38 Hfull=0.343 Hsparse=0.343 alive=[0, 1, 2, 3, 4] incl=[0.67, 0.348, 0.33, 0.321, 0.33] nrmse=0.022 func=[1.0, 1.0, 1.0]
[S1 s1] r=39 Hfull=0.344 Hsparse=0.344 alive=[0, 1, 2, 3, 4] incl=[0.67, 0.348, 0.33, 0.321, 0.33] nrmse=0.020 func=[1.0, 1.0, 1.0]
{
  "variant": "S1",
  "seed": 1,
  "top_k": 2,
  "z4_pass": false,
  "major_mixing": false,
  "existence_tests": 0,
  "existence_deletes": 0,
  "existence_rollbacks": 0,
  "duplicate_prunes": 0,
  "m_discovered": null,
  "family_accuracy": 0.8549222797927462,
  "fragmentation": 0.1492642897566497,
  "b1_pass": false,
  "final_pass": false,
  "failure_mode": "F5_persistent_mixing_or_identity_failure"
}
[S1 s2] r=00 Hfull=1.170 Hsparse=0.665 alive=[0, 1, 2, 3, 4] incl=[0.312, 0.592, 0.316, 0.442, 0.337] nrmse=0.995 func=[0.12, 0.1, -0.0]
[S1 s2] r=01 Hfull=1.179 Hsparse=0.658 alive=[0, 1, 2, 3, 4] incl=[0.309, 0.519, 0.327, 0.481, 0.364] nrmse=0.819 func=[0.23, 0.47, -0.13]
[S1 s2] r=02 Hfull=1.218 Hsparse=0.648 alive=[0, 1, 2, 3, 4] incl=[0.324, 0.492, 0.388, 0.423, 0.373] nrmse=0.710 func=[0.17, 0.65, -0.06]
[S1 s2] r=03 Hfull=1.111 Hsparse=0.634 alive=[0, 1, 2, 3, 4] incl=[0.343, 0.476, 0.42, 0.345, 0.416] nrmse=0.641 func=[0.12, 0.77, 0.2]
[S1 s2] r=04 Hfull=1.186 Hsparse=0.642 alive=[0, 1, 2, 3, 4] incl=[0.364, 0.459, 0.406, 0.337, 0.435] nrmse=0.529 func=[0.12, 0.88, 0.43]
[S1 s2] r=05 Hfull=1.202 Hsparse=0.646 alive=[0, 1, 2, 3, 4] incl=[0.392, 0.414, 0.412, 0.363, 0.42] nrmse=0.451 func=[0.09, 0.92, 0.63]
[S1 s2] r=06 Hfull=1.187 Hsparse=0.650 alive=[0, 1, 2, 3, 4] incl=[0.424, 0.381, 0.389, 0.374, 0.432] nrmse=0.383 func=[0.17, 0.96, 0.78]
[S1 s2] r=07 Hfull=1.059 Hsparse=0.636 alive=[0, 1, 2, 3, 4] incl=[0.456, 0.36, 0.375, 0.377, 0.432] nrmse=0.356 func=[0.02, 0.97, 0.86]
[S1 s2] r=08 Hfull=1.118 Hsparse=0.646 alive=[0, 1, 2, 3, 4] incl=[0.451, 0.352, 0.369, 0.411, 0.417] nrmse=0.307 func=[-0.02, 0.98, 0.88]
[S1 s2] r=09 Hfull=1.092 Hsparse=0.645 alive=[0, 1, 2, 3, 4] incl=[0.437, 0.35, 0.364, 0.424, 0.426] nrmse=0.295 func=[0.01, 0.99, 0.9]
[S1 s2] r=10 Hfull=0.745 Hsparse=0.569 alive=[0, 1, 2, 3, 4] incl=[0.442, 0.349, 0.357, 0.42, 0.431] nrmse=0.243 func=[-0.05, 0.99, 0.92]
[S1 s2] r=11 Hfull=0.745 Hsparse=0.564 alive=[0, 1, 2, 3, 4] incl=[0.444, 0.349, 0.35, 0.43, 0.427] nrmse=0.224 func=[-0.01, 0.99, 0.95]
[S1 s2] r=12 Hfull=0.746 Hsparse=0.563 alive=[0, 1, 2, 3, 4] incl=[0.443, 0.348, 0.343, 0.44, 0.425] nrmse=0.221 func=[-0.06, 0.99, 0.96]
[S1 s2] r=13 Hfull=0.716 Hsparse=0.555 alive=[0, 1, 2, 3, 4] incl=[0.447, 0.348, 0.339, 0.439, 0.427] nrmse=0.204 func=[-0.11, 0.99, 0.98]
[S1 s2] r=14 Hfull=0.687 Hsparse=0.545 alive=[0, 1, 2, 3, 4] incl=[0.439, 0.348, 0.337, 0.44, 0.435] nrmse=0.201 func=[-0.03, 0.99, 0.98]
[S1 s2] r=15 Hfull=0.671 Hsparse=0.540 alive=[0, 1, 2, 3, 4] incl=[0.442, 0.348, 0.337, 0.439, 0.435] nrmse=0.187 func=[-0.05, 1.0, 0.99]
[S1 s2] r=16 Hfull=0.638 Hsparse=0.530 alive=[0, 1, 2, 3, 4] incl=[0.444, 0.349, 0.339, 0.437, 0.431] nrmse=0.177 func=[-0.08, 1.0, 0.99]
[S1 s2] r=17 Hfull=0.597 Hsparse=0.515 alive=[0, 1, 2, 3, 4] incl=[0.442, 0.35, 0.341, 0.437, 0.43] nrmse=0.178 func=[-0.13, 1.0, 0.99]
[S1 s2] r=18 Hfull=0.562 Hsparse=0.500 alive=[0, 1, 2, 3, 4] incl=[0.429, 0.352, 0.348, 0.446, 0.424] nrmse=0.170 func=[-0.11, 1.0, 0.99]
[S1 s2] r=19 Hfull=0.542 Hsparse=0.489 alive=[0, 1, 2, 3, 4] incl=[0.419, 0.352, 0.361, 0.442, 0.426] nrmse=0.167 func=[-0.06, 0.99, 0.99]
[S1 s2] r=20 Hfull=0.417 Hsparse=0.409 alive=[0, 1, 2, 3, 4] incl=[0.421, 0.352, 0.362, 0.448, 0.417] nrmse=0.127 func=[-0.06, 1.0, 0.99]
[S1 s2] r=21 Hfull=0.411 Hsparse=0.405 alive=[0, 1, 2, 3, 4] incl=[0.415, 0.354, 0.366, 0.446, 0.419] nrmse=0.112 func=[-0.02, 1.0, 0.99]
[S1 s2] r=22 Hfull=0.406 Hsparse=0.401 alive=[0, 1, 2, 3, 4] incl=[0.423, 0.353, 0.358, 0.446, 0.419] nrmse=0.107 func=[0.01, 1.0, 0.99]
[S1 s2] r=23 Hfull=0.401 Hsparse=0.397 alive=[0, 1, 2, 3, 4] incl=[0.408, 0.354, 0.368, 0.452, 0.419] nrmse=0.102 func=[0.09, 1.0, 1.0]
[S1 s2] r=24 Hfull=0.395 Hsparse=0.392 alive=[0, 1, 2, 3, 4] incl=[0.419, 0.355, 0.36, 0.452, 0.414] nrmse=0.105 func=[0.08, 1.0, 0.99]
[S1 s2] r=25 Hfull=0.396 Hsparse=0.393 alive=[0, 1, 2, 3, 4] incl=[0.401, 0.354, 0.375, 0.455, 0.416] nrmse=0.091 func=[0.15, 1.0, 1.0]
[S1 s2] r=26 Hfull=0.387 Hsparse=0.385 alive=[0, 1, 2, 3, 4] incl=[0.405, 0.354, 0.371, 0.45, 0.42] nrmse=0.089 func=[0.17, 1.0, 0.99]
[S1 s2] r=27 Hfull=0.391 Hsparse=0.390 alive=[0, 1, 2, 3, 4] incl=[0.398, 0.355, 0.379, 0.45, 0.418] nrmse=0.084 func=[0.18, 1.0, 1.0]
[S1 s2] r=28 Hfull=0.386 Hsparse=0.384 alive=[0, 1, 2, 3, 4] incl=[0.413, 0.36, 0.364, 0.444, 0.419] nrmse=0.080 func=[0.24, 1.0, 1.0]
[S1 s2] r=29 Hfull=0.382 Hsparse=0.381 alive=[0, 1, 2, 3, 4] incl=[0.41, 0.358, 0.369, 0.44, 0.423] nrmse=0.075 func=[0.25, 1.0, 1.0]
[S1 s2] r=30 Hfull=0.345 Hsparse=0.345 alive=[0, 1, 2, 3, 4] incl=[0.437, 0.352, 0.362, 0.432, 0.417] nrmse=0.073 func=[0.27, 1.0, 1.0]
[S1 s2] r=31 Hfull=0.348 Hsparse=0.347 alive=[0, 1, 2, 3, 4] incl=[0.431, 0.352, 0.358, 0.439, 0.419] nrmse=0.065 func=[0.32, 1.0, 1.0]
[S1 s2] r=32 Hfull=0.347 Hsparse=0.346 alive=[0, 1, 2, 3, 4] incl=[0.446, 0.351, 0.354, 0.423, 0.427] nrmse=0.060 func=[0.3, 1.0, 1.0]
[S1 s2] r=33 Hfull=0.344 Hsparse=0.344 alive=[0, 1, 2, 3, 4] incl=[0.458, 0.349, 0.354, 0.413, 0.426] nrmse=0.062 func=[0.36, 1.0, 1.0]
[S1 s2] r=34 Hfull=0.345 Hsparse=0.345 alive=[0, 1, 2, 3, 4] incl=[0.464, 0.348, 0.354, 0.411, 0.423] nrmse=0.053 func=[0.37, 1.0, 1.0]
[S1 s2] r=35 Hfull=0.347 Hsparse=0.347 alive=[0, 1, 2, 3, 4] incl=[0.465, 0.348, 0.354, 0.411, 0.421] nrmse=0.056 func=[0.36, 1.0, 1.0]
[S1 s2] r=36 Hfull=0.345 Hsparse=0.345 alive=[0, 1, 2, 3, 4] incl=[0.479, 0.348, 0.346, 0.407, 0.419] nrmse=0.049 func=[0.37, 1.0, 1.0]
[S1 s2] r=37 Hfull=0.345 Hsparse=0.344 alive=[0, 1, 2, 3, 4] incl=[0.488, 0.348, 0.346, 0.397, 0.42] nrmse=0.045 func=[0.39, 1.0, 1.0]
[S1 s2] r=38 Hfull=0.344 Hsparse=0.344 alive=[0, 1, 2, 3, 4] incl=[0.504, 0.348, 0.347, 0.385, 0.416] nrmse=0.050 func=[0.4, 1.0, 1.0]
[S1 s2] r=39 Hfull=0.344 Hsparse=0.344 alive=[0, 1, 2, 3, 4] incl=[0.515, 0.348, 0.342, 0.382, 0.412] nrmse=0.047 func=[0.4, 1.0, 1.0]
{
  "variant": "S1",
  "seed": 2,
  "top_k": 2,
  "z4_pass": false,
  "major_mixing": false,
  "existence_tests": 0,
  "existence_deletes": 0,
  "existence_rollbacks": 0,
  "duplicate_prunes": 0,
  "m_discovered": null,
  "family_accuracy": 0.8005181347150259,
  "fragmentation": 0.20094606985079602,
  "b1_pass": false,
  "final_pass": false,
  "failure_mode": "F5_persistent_mixing_or_identity_failure"
}
[S2 s0] r=00 Hfull=1.364 Hsparse=0.613 alive=[0, 1, 2, 3, 4] incl=[0.401, 0.337, 0.464, 0.477, 0.322] nrmse=0.929 func=[0.16, 0.27, -0.01]
[S2 s0] r=01 Hfull=1.393 Hsparse=0.652 alive=[0, 1, 2, 3, 4] incl=[0.297, 0.481, 0.481, 0.374, 0.368] nrmse=0.728 func=[0.17, 0.54, -0.11]
[S2 s0] r=02 Hfull=1.260 Hsparse=0.648 alive=[0, 1, 2, 3, 4] incl=[0.286, 0.467, 0.485, 0.373, 0.389] nrmse=0.629 func=[0.08, 0.56, 0.16]
[S2 s0] r=03 Hfull=1.248 Hsparse=0.651 alive=[0, 1, 2, 3, 4] incl=[0.323, 0.479, 0.443, 0.355, 0.4] nrmse=0.543 func=[0.09, 0.72, 0.32]
[S2 s0] r=04 Hfull=1.203 Hsparse=0.644 alive=[0, 1, 2, 3, 4] incl=[0.332, 0.468, 0.421, 0.343, 0.436] nrmse=0.473 func=[0.22, 0.84, 0.46]
[S2 s0] r=05 Hfull=1.147 Hsparse=0.637 alive=[0, 1, 2, 3, 4] incl=[0.342, 0.472, 0.4, 0.335, 0.451] nrmse=0.427 func=[0.25, 0.88, 0.61]
[S2 s0] r=06 Hfull=1.149 Hsparse=0.640 alive=[0, 1, 2, 3, 4] incl=[0.345, 0.477, 0.391, 0.329, 0.458] nrmse=0.383 func=[0.36, 0.94, 0.7]
[S2 s0] r=07 Hfull=1.112 Hsparse=0.635 alive=[0, 1, 2, 3, 4] incl=[0.356, 0.427, 0.395, 0.341, 0.481] nrmse=0.335 func=[0.54, 0.97, 0.83]
[S2 s0] r=08 Hfull=1.092 Hsparse=0.633 alive=[0, 1, 2, 3, 4] incl=[0.367, 0.391, 0.393, 0.349, 0.501] nrmse=0.302 func=[0.62, 0.98, 0.89]
[S2 s0] r=09 Hfull=1.081 Hsparse=0.632 alive=[0, 1, 2, 3, 4] incl=[0.376, 0.362, 0.397, 0.348, 0.517] nrmse=0.274 func=[0.75, 0.98, 0.96]
[S2 s0] r=10 Hfull=0.763 Hsparse=0.564 alive=[0, 1, 2, 3, 4] incl=[0.385, 0.346, 0.393, 0.347, 0.529] nrmse=0.215 func=[0.81, 0.98, 0.98]
[S2 s0] r=11 Hfull=0.684 Hsparse=0.540 alive=[0, 1, 2, 3, 4] incl=[0.39, 0.336, 0.39, 0.346, 0.538] nrmse=0.174 func=[0.89, 0.99, 0.98]
[S2 s0] r=12 Hfull=0.624 Hsparse=0.520 alive=[0, 1, 2, 3, 4] incl=[0.397, 0.337, 0.396, 0.338, 0.531] nrmse=0.154 func=[0.96, 0.99, 0.99]
[S2 s0] r=13 Hfull=0.589 Hsparse=0.509 alive=[0, 1, 2, 3, 4] incl=[0.407, 0.332, 0.386, 0.33, 0.545] nrmse=0.139 func=[0.99, 0.99, 0.99]
[S2 s0] r=14 Hfull=0.551 Hsparse=0.492 alive=[0, 1, 2, 3, 4] incl=[0.406, 0.343, 0.391, 0.327, 0.533] nrmse=0.119 func=[0.99, 0.99, 0.99]
[S2 s0] r=15 Hfull=0.524 Hsparse=0.481 alive=[0, 1, 2, 3, 4] incl=[0.412, 0.345, 0.389, 0.324, 0.531] nrmse=0.109 func=[0.99, 1.0, 0.99]
[S2 s0] r=16 Hfull=0.510 Hsparse=0.473 alive=[0, 1, 2, 3, 4] incl=[0.41, 0.346, 0.39, 0.329, 0.525] nrmse=0.104 func=[1.0, 1.0, 0.99]
[S2 s0] r=17 Hfull=0.488 Hsparse=0.461 alive=[0, 1, 2, 3, 4] incl=[0.414, 0.352, 0.387, 0.331, 0.517] nrmse=0.097 func=[1.0, 1.0, 0.99]
[S2 s0] r=18 Hfull=0.480 Hsparse=0.458 alive=[0, 1, 2, 3, 4] incl=[0.426, 0.346, 0.382, 0.334, 0.512] nrmse=0.094 func=[1.0, 1.0, 0.99]
[S2 s0] r=19 Hfull=0.450 Hsparse=0.439 alive=[0, 1, 2, 3, 4] incl=[0.423, 0.354, 0.39, 0.331, 0.502] nrmse=0.082 func=[1.0, 1.0, 1.0]
[S2 s0] r=20 Hfull=0.390 Hsparse=0.389 alive=[0, 1, 2, 3, 4] incl=[0.435, 0.348, 0.373, 0.333, 0.511] nrmse=0.075 func=[1.0, 1.0, 1.0]
[S2 s0] r=21 Hfull=0.386 Hsparse=0.386 alive=[0, 1, 2, 3, 4] incl=[0.427, 0.356, 0.383, 0.328, 0.506] nrmse=0.062 func=[1.0, 1.0, 1.0]
[S2 s0] r=22 Hfull=0.387 Hsparse=0.387 alive=[0, 1, 2, 3, 4] incl=[0.437, 0.356, 0.374, 0.327, 0.506] nrmse=0.062 func=[1.0, 1.0, 1.0]
[S2 s0] r=23 Hfull=0.385 Hsparse=0.384 alive=[0, 1, 2, 3, 4] incl=[0.439, 0.356, 0.373, 0.329, 0.504] nrmse=0.056 func=[1.0, 1.0, 1.0]
[S2 s0] r=24 Hfull=0.380 Hsparse=0.380 alive=[0, 1, 2, 3, 4] incl=[0.429, 0.362, 0.383, 0.327, 0.499] nrmse=0.053 func=[1.0, 1.0, 1.0]
[S2 s0] r=25 Hfull=0.380 Hsparse=0.380 alive=[0, 1, 2, 3, 4] incl=[0.441, 0.347, 0.371, 0.326, 0.514] nrmse=0.054 func=[1.0, 1.0, 1.0]
[S2 s0] r=26 Hfull=0.379 Hsparse=0.378 alive=[0, 1, 2, 3, 4] incl=[0.44, 0.35, 0.377, 0.33, 0.502] nrmse=0.051 func=[1.0, 1.0, 1.0]
[S2 s0] r=27 Hfull=0.367 Hsparse=0.367 alive=[0, 1, 2, 3, 4] incl=[0.456, 0.367, 0.379, 0.324, 0.474] nrmse=0.055 func=[1.0, 1.0, 1.0]
[S2 s0] r=28 Hfull=0.367 Hsparse=0.367 alive=[0, 1, 2, 3, 4] incl=[0.465, 0.353, 0.368, 0.325, 0.489] nrmse=0.048 func=[1.0, 1.0, 1.0]
[S2 s0] r=29 Hfull=0.364 Hsparse=0.364 alive=[0, 1, 2, 3, 4] incl=[0.484, 0.36, 0.367, 0.325, 0.464] nrmse=0.041 func=[1.0, 1.0, 1.0]
[S2 s0] r=30 Hfull=0.342 Hsparse=0.342 alive=[0, 1, 2, 3, 4] incl=[0.59, 0.336, 0.35, 0.322, 0.402] nrmse=0.040 func=[1.0, 1.0, 1.0]
[S2 s0] r=31 Hfull=0.342 Hsparse=0.342 alive=[0, 1, 2, 3, 4] incl=[0.579, 0.336, 0.352, 0.323, 0.41] nrmse=0.041 func=[1.0, 1.0, 1.0]
[S2 s0] r=32 Hfull=0.343 Hsparse=0.343 alive=[0, 1, 2, 3, 4] incl=[0.592, 0.333, 0.35, 0.323, 0.402] nrmse=0.036 func=[1.0, 1.0, 1.0]
[S2 s0] r=33 Hfull=0.346 Hsparse=0.346 alive=[0, 1, 2, 3, 4] incl=[0.611, 0.335, 0.348, 0.321, 0.385] nrmse=0.036 func=[1.0, 1.0, 1.0]
[S2 s0] r=34 Hfull=0.345 Hsparse=0.345 alive=[0, 1, 2, 3, 4] incl=[0.625, 0.33, 0.348, 0.321, 0.375] nrmse=0.034 func=[1.0, 1.0, 1.0]
[S2 s0] r=35 Hfull=0.343 Hsparse=0.343 alive=[0, 1, 2, 3, 4] incl=[0.652, 0.331, 0.348, 0.321, 0.346] nrmse=0.030 func=[1.0, 1.0, 1.0]
[S2 s0] r=36 Hfull=0.339 Hsparse=0.339 alive=[0, 1, 2, 3, 4] incl=[0.673, 0.331, 0.348, 0.321, 0.326] nrmse=0.037 func=[1.0, 1.0, 1.0]
[S2 s0] r=37 Hfull=0.339 Hsparse=0.339 alive=[0, 1, 2, 3, 4] incl=[0.669, 0.331, 0.348, 0.321, 0.33] nrmse=0.035 func=[1.0, 1.0, 1.0]
[S2 s0] r=38 Hfull=0.338 Hsparse=0.338 alive=[0, 1, 2, 3, 4] incl=[0.684, 0.331, 0.348, 0.321, 0.315] nrmse=0.033 func=[1.0, 1.0, 1.0]
[S2 s0] r=39 Hfull=0.342 Hsparse=0.342 alive=[0, 1, 2, 3, 4] incl=[0.676, 0.33, 0.348, 0.321, 0.324] nrmse=0.032 func=[1.0, 1.0, 1.0]
{
  "variant": "S2",
  "seed": 0,
  "top_k": 2,
  "z4_pass": true,
  "major_mixing": false,
  "existence_tests": 25,
  "existence_deletes": 0,
  "existence_rollbacks": 0,
  "duplicate_prunes": 0,
  "m_discovered": 5,
  "family_accuracy": 0.9378238341968912,
  "fragmentation": 0.06015037593984962,
  "b1_pass": false,
  "final_pass": false,
  "failure_mode": "F7_count_only_failure"
}
[S2 s1] r=00 Hfull=1.434 Hsparse=0.666 alive=[0, 1, 2, 3, 4] incl=[0.434, 0.483, 0.306, 0.488, 0.288] nrmse=0.992 func=[0.18, 0.09, -0.05]
[S2 s1] r=01 Hfull=1.398 Hsparse=0.663 alive=[0, 1, 2, 3, 4] incl=[0.426, 0.405, 0.36, 0.421, 0.388] nrmse=0.731 func=[0.18, 0.5, 0.09]
[S2 s1] r=02 Hfull=1.336 Hsparse=0.659 alive=[0, 1, 2, 3, 4] incl=[0.424, 0.431, 0.358, 0.343, 0.443] nrmse=0.617 func=[0.12, 0.58, 0.4]
[S2 s1] r=03 Hfull=1.263 Hsparse=0.659 alive=[0, 1, 2, 3, 4] incl=[0.423, 0.441, 0.393, 0.292, 0.45] nrmse=0.558 func=[0.16, 0.67, 0.61]
[S2 s1] r=04 Hfull=1.084 Hsparse=0.646 alive=[0, 1, 2, 3, 4] incl=[0.409, 0.469, 0.448, 0.291, 0.383] nrmse=0.473 func=[0.28, 0.86, 0.82]
[S2 s1] r=05 Hfull=1.061 Hsparse=0.644 alive=[0, 1, 2, 3, 4] incl=[0.376, 0.483, 0.466, 0.322, 0.353] nrmse=0.371 func=[0.44, 0.94, 0.93]
[S2 s1] r=06 Hfull=1.019 Hsparse=0.639 alive=[0, 1, 2, 3, 4] incl=[0.361, 0.487, 0.478, 0.333, 0.341] nrmse=0.300 func=[0.64, 0.97, 0.96]
[S2 s1] r=07 Hfull=0.939 Hsparse=0.622 alive=[0, 1, 2, 3, 4] incl=[0.351, 0.481, 0.49, 0.34, 0.338] nrmse=0.265 func=[0.68, 0.98, 0.97]
[S2 s1] r=08 Hfull=0.910 Hsparse=0.616 alive=[0, 1, 2, 3, 4] incl=[0.349, 0.495, 0.483, 0.339, 0.334] nrmse=0.218 func=[0.77, 0.99, 0.98]
[S2 s1] r=09 Hfull=0.806 Hsparse=0.593 alive=[0, 1, 2, 3, 4] incl=[0.349, 0.483, 0.5, 0.336, 0.332] nrmse=0.205 func=[0.83, 0.99, 0.98]
[S2 s1] r=10 Hfull=0.572 Hsparse=0.513 alive=[0, 1, 2, 3, 4] incl=[0.348, 0.494, 0.49, 0.337, 0.331] nrmse=0.160 func=[0.87, 0.99, 0.98]
[S2 s1] r=11 Hfull=0.496 Hsparse=0.472 alive=[0, 1, 2, 3, 4] incl=[0.348, 0.486, 0.487, 0.332, 0.346] nrmse=0.124 func=[0.94, 1.0, 0.99]
[S2 s1] r=12 Hfull=0.464 Hsparse=0.452 alive=[0, 1, 2, 3, 4] incl=[0.352, 0.49, 0.469, 0.327, 0.361] nrmse=0.097 func=[0.97, 1.0, 0.99]
[S2 s1] r=13 Hfull=0.434 Hsparse=0.429 alive=[0, 1, 2, 3, 4] incl=[0.351, 0.49, 0.471, 0.324, 0.364] nrmse=0.085 func=[0.99, 1.0, 1.0]
[S2 s1] r=14 Hfull=0.415 Hsparse=0.413 alive=[0, 1, 2, 3, 4] incl=[0.354, 0.495, 0.446, 0.321, 0.383] nrmse=0.070 func=[0.99, 1.0, 1.0]
[S2 s1] r=15 Hfull=0.396 Hsparse=0.396 alive=[0, 1, 2, 3, 4] incl=[0.354, 0.502, 0.447, 0.321, 0.376] nrmse=0.060 func=[1.0, 1.0, 1.0]
[S2 s1] r=16 Hfull=0.394 Hsparse=0.394 alive=[0, 1, 2, 3, 4] incl=[0.361, 0.503, 0.423, 0.321, 0.391] nrmse=0.053 func=[1.0, 1.0, 1.0]
[S2 s1] r=17 Hfull=0.391 Hsparse=0.391 alive=[0, 1, 2, 3, 4] incl=[0.379, 0.51, 0.409, 0.321, 0.381] nrmse=0.050 func=[1.0, 1.0, 1.0]
[S2 s1] r=18 Hfull=0.390 Hsparse=0.390 alive=[0, 1, 2, 3, 4] incl=[0.392, 0.507, 0.397, 0.321, 0.383] nrmse=0.047 func=[1.0, 1.0, 1.0]
[S2 s1] r=19 Hfull=0.385 Hsparse=0.385 alive=[0, 1, 2, 3, 4] incl=[0.411, 0.512, 0.391, 0.321, 0.365] nrmse=0.045 func=[1.0, 1.0, 1.0]
[S2 s1] r=20 Hfull=0.363 Hsparse=0.363 alive=[0, 1, 2, 3, 4] incl=[0.492, 0.498, 0.341, 0.321, 0.346] nrmse=0.037 func=[1.0, 1.0, 1.0]
[S2 s1] r=21 Hfull=0.363 Hsparse=0.363 alive=[0, 1, 2, 3, 4] incl=[0.483, 0.504, 0.344, 0.321, 0.348] nrmse=0.039 func=[1.0, 1.0, 1.0]
[S2 s1] r=22 Hfull=0.363 Hsparse=0.363 alive=[0, 1, 2, 3, 4] incl=[0.485, 0.502, 0.346, 0.321, 0.345] nrmse=0.036 func=[1.0, 1.0, 1.0]
[S2 s1] r=23 Hfull=0.361 Hsparse=0.361 alive=[0, 1, 2, 3, 4] incl=[0.501, 0.492, 0.339, 0.321, 0.346] nrmse=0.035 func=[1.0, 1.0, 1.0]
[S2 s1] r=24 Hfull=0.364 Hsparse=0.364 alive=[0, 1, 2, 3, 4] incl=[0.474, 0.508, 0.348, 0.321, 0.349] nrmse=0.031 func=[1.0, 1.0, 1.0]
[S2 s1] r=25 Hfull=0.361 Hsparse=0.361 alive=[0, 1, 2, 3, 4] incl=[0.507, 0.487, 0.341, 0.321, 0.343] nrmse=0.031 func=[1.0, 1.0, 1.0]
[S2 s1] r=26 Hfull=0.365 Hsparse=0.365 alive=[0, 1, 2, 3, 4] incl=[0.477, 0.507, 0.347, 0.321, 0.348] nrmse=0.033 func=[1.0, 1.0, 1.0]
[S2 s1] r=27 Hfull=0.364 Hsparse=0.364 alive=[0, 1, 2, 3, 4] incl=[0.5, 0.491, 0.339, 0.321, 0.348] nrmse=0.030 func=[1.0, 1.0, 1.0]
[S2 s1] r=28 Hfull=0.361 Hsparse=0.361 alive=[0, 1, 2, 3, 4] incl=[0.532, 0.468, 0.341, 0.321, 0.338] nrmse=0.032 func=[1.0, 1.0, 1.0]
[S2 s1] r=29 Hfull=0.361 Hsparse=0.361 alive=[0, 1, 2, 3, 4] incl=[0.529, 0.468, 0.339, 0.321, 0.342] nrmse=0.028 func=[1.0, 1.0, 1.0]
[S2 s1] r=30 Hfull=0.345 Hsparse=0.345 alive=[0, 1, 2, 3, 4] incl=[0.585, 0.432, 0.331, 0.321, 0.331] nrmse=0.027 func=[1.0, 1.0, 1.0]
[S2 s1] r=31 Hfull=0.345 Hsparse=0.345 alive=[0, 1, 2, 3, 4] incl=[0.594, 0.423, 0.331, 0.321, 0.331] nrmse=0.030 func=[1.0, 1.0, 1.0]
[S2 s1] r=32 Hfull=0.346 Hsparse=0.346 alive=[0, 1, 2, 3, 4] incl=[0.592, 0.424, 0.331, 0.321, 0.331] nrmse=0.031 func=[1.0, 1.0, 1.0]
[S2 s1] r=33 Hfull=0.343 Hsparse=0.343 alive=[0, 1, 2, 3, 4] incl=[0.608, 0.41, 0.331, 0.321, 0.33] nrmse=0.024 func=[1.0, 1.0, 1.0]
[S2 s1] r=34 Hfull=0.344 Hsparse=0.344 alive=[0, 1, 2, 3, 4] incl=[0.623, 0.394, 0.331, 0.321, 0.33] nrmse=0.023 func=[1.0, 1.0, 1.0]
[S2 s1] r=35 Hfull=0.344 Hsparse=0.344 alive=[0, 1, 2, 3, 4] incl=[0.654, 0.365, 0.33, 0.321, 0.33] nrmse=0.022 func=[1.0, 1.0, 1.0]
[S2 s1] r=36 Hfull=0.343 Hsparse=0.343 alive=[0, 1, 2, 3, 4] incl=[0.669, 0.349, 0.33, 0.321, 0.33] nrmse=0.020 func=[1.0, 1.0, 1.0]
[S2 s1] r=37 Hfull=0.343 Hsparse=0.343 alive=[0, 1, 2, 3, 4] incl=[0.67, 0.348, 0.33, 0.321, 0.33] nrmse=0.023 func=[1.0, 1.0, 1.0]
[S2 s1] r=38 Hfull=0.343 Hsparse=0.343 alive=[0, 1, 2, 3, 4] incl=[0.67, 0.348, 0.33, 0.321, 0.33] nrmse=0.022 func=[1.0, 1.0, 1.0]
[S2 s1] r=39 Hfull=0.344 Hsparse=0.344 alive=[0, 1, 2, 3, 4] incl=[0.67, 0.348, 0.33, 0.321, 0.33] nrmse=0.020 func=[1.0, 1.0, 1.0]
{
  "variant": "S2",
  "seed": 1,
  "top_k": 2,
  "z4_pass": false,
  "major_mixing": false,
  "existence_tests": 25,
  "existence_deletes": 0,
  "existence_rollbacks": 0,
  "duplicate_prunes": 0,
  "m_discovered": null,
  "family_accuracy": 0.8549222797927462,
  "fragmentation": 0.1492642897566497,
  "b1_pass": false,
  "final_pass": false,
  "failure_mode": "F5_persistent_mixing_or_identity_failure"
}
[S2 s2] r=00 Hfull=1.170 Hsparse=0.665 alive=[0, 1, 2, 3, 4] incl=[0.312, 0.592, 0.316, 0.442, 0.337] nrmse=0.995 func=[0.12, 0.1, -0.0]
[S2 s2] r=01 Hfull=1.179 Hsparse=0.658 alive=[0, 1, 2, 3, 4] incl=[0.309, 0.519, 0.327, 0.481, 0.364] nrmse=0.819 func=[0.23, 0.47, -0.13]
[S2 s2] r=02 Hfull=1.218 Hsparse=0.648 alive=[0, 1, 2, 3, 4] incl=[0.324, 0.492, 0.388, 0.423, 0.373] nrmse=0.710 func=[0.17, 0.65, -0.06]
[S2 s2] r=03 Hfull=1.111 Hsparse=0.634 alive=[0, 1, 2, 3, 4] incl=[0.343, 0.476, 0.42, 0.345, 0.416] nrmse=0.641 func=[0.12, 0.77, 0.2]
[S2 s2] r=04 Hfull=1.186 Hsparse=0.642 alive=[0, 1, 2, 3, 4] incl=[0.364, 0.459, 0.406, 0.337, 0.435] nrmse=0.529 func=[0.12, 0.88, 0.43]
[S2 s2] r=05 Hfull=1.202 Hsparse=0.646 alive=[0, 1, 2, 3, 4] incl=[0.392, 0.414, 0.412, 0.363, 0.42] nrmse=0.451 func=[0.09, 0.92, 0.63]
[S2 s2] r=06 Hfull=1.187 Hsparse=0.650 alive=[0, 1, 2, 3, 4] incl=[0.424, 0.381, 0.389, 0.374, 0.432] nrmse=0.383 func=[0.17, 0.96, 0.78]
[S2 s2] r=07 Hfull=1.059 Hsparse=0.636 alive=[0, 1, 2, 3, 4] incl=[0.456, 0.36, 0.375, 0.377, 0.432] nrmse=0.356 func=[0.02, 0.97, 0.86]
[S2 s2] r=08 Hfull=1.118 Hsparse=0.646 alive=[0, 1, 2, 3, 4] incl=[0.451, 0.352, 0.369, 0.411, 0.417] nrmse=0.307 func=[-0.02, 0.98, 0.88]
[S2 s2] r=09 Hfull=1.092 Hsparse=0.645 alive=[0, 1, 2, 3, 4] incl=[0.437, 0.35, 0.364, 0.424, 0.426] nrmse=0.295 func=[0.01, 0.99, 0.9]
[S2 s2] r=10 Hfull=0.745 Hsparse=0.569 alive=[0, 1, 2, 3, 4] incl=[0.442, 0.349, 0.357, 0.42, 0.431] nrmse=0.243 func=[-0.05, 0.99, 0.92]
[S2 s2] r=11 Hfull=0.745 Hsparse=0.564 alive=[0, 1, 2, 3, 4] incl=[0.444, 0.349, 0.35, 0.43, 0.427] nrmse=0.224 func=[-0.01, 0.99, 0.95]
[S2 s2] r=12 Hfull=0.746 Hsparse=0.563 alive=[0, 1, 2, 3, 4] incl=[0.443, 0.348, 0.343, 0.44, 0.425] nrmse=0.221 func=[-0.06, 0.99, 0.96]
[S2 s2] r=13 Hfull=0.716 Hsparse=0.555 alive=[0, 1, 2, 3, 4] incl=[0.447, 0.348, 0.339, 0.439, 0.427] nrmse=0.204 func=[-0.11, 0.99, 0.98]
[S2 s2] r=14 Hfull=0.687 Hsparse=0.545 alive=[0, 1, 2, 3, 4] incl=[0.439, 0.348, 0.337, 0.44, 0.435] nrmse=0.201 func=[-0.03, 0.99, 0.98]
[S2 s2] r=15 Hfull=0.671 Hsparse=0.540 alive=[0, 1, 2, 3, 4] incl=[0.442, 0.348, 0.337, 0.439, 0.435] nrmse=0.187 func=[-0.05, 1.0, 0.99]
[S2 s2] r=16 Hfull=0.638 Hsparse=0.530 alive=[0, 1, 2, 3, 4] incl=[0.444, 0.349, 0.339, 0.437, 0.431] nrmse=0.177 func=[-0.08, 1.0, 0.99]
[S2 s2] r=17 Hfull=0.597 Hsparse=0.515 alive=[0, 1, 2, 3, 4] incl=[0.442, 0.35, 0.341, 0.437, 0.43] nrmse=0.178 func=[-0.13, 1.0, 0.99]
[S2 s2] r=18 Hfull=0.562 Hsparse=0.500 alive=[0, 1, 2, 3, 4] incl=[0.429, 0.352, 0.348, 0.446, 0.424] nrmse=0.170 func=[-0.11, 1.0, 0.99]
[S2 s2] r=19 Hfull=0.542 Hsparse=0.489 alive=[0, 1, 2, 3, 4] incl=[0.419, 0.352, 0.361, 0.442, 0.426] nrmse=0.167 func=[-0.06, 0.99, 0.99]
[S2 s2] r=20 Hfull=0.417 Hsparse=0.409 alive=[0, 1, 2, 3, 4] incl=[0.421, 0.352, 0.362, 0.448, 0.417] nrmse=0.127 func=[-0.06, 1.0, 0.99]
[S2 s2] r=21 Hfull=0.411 Hsparse=0.405 alive=[0, 1, 2, 3, 4] incl=[0.415, 0.354, 0.366, 0.446, 0.419] nrmse=0.112 func=[-0.02, 1.0, 0.99]
[S2 s2] r=22 Hfull=0.406 Hsparse=0.401 alive=[0, 1, 2, 3, 4] incl=[0.423, 0.353, 0.358, 0.446, 0.419] nrmse=0.107 func=[0.01, 1.0, 0.99]
[S2 s2] r=23 Hfull=0.401 Hsparse=0.397 alive=[0, 1, 2, 3, 4] incl=[0.408, 0.354, 0.368, 0.452, 0.419] nrmse=0.102 func=[0.09, 1.0, 1.0]
[S2 s2] r=24 Hfull=0.395 Hsparse=0.392 alive=[0, 1, 2, 3, 4] incl=[0.419, 0.355, 0.36, 0.452, 0.414] nrmse=0.105 func=[0.08, 1.0, 0.99]
[S2 s2] r=25 Hfull=0.396 Hsparse=0.393 alive=[0, 1, 2, 3, 4] incl=[0.401, 0.354, 0.375, 0.455, 0.416] nrmse=0.091 func=[0.15, 1.0, 1.0]
[S2 s2] r=26 Hfull=0.387 Hsparse=0.385 alive=[0, 1, 2, 3, 4] incl=[0.405, 0.354, 0.371, 0.45, 0.42] nrmse=0.089 func=[0.17, 1.0, 0.99]
[S2 s2] r=27 Hfull=0.391 Hsparse=0.390 alive=[0, 1, 2, 3, 4] incl=[0.398, 0.355, 0.379, 0.45, 0.418] nrmse=0.084 func=[0.18, 1.0, 1.0]
[S2 s2] r=28 Hfull=0.386 Hsparse=0.384 alive=[0, 1, 2, 3, 4] incl=[0.413, 0.36, 0.364, 0.444, 0.419] nrmse=0.080 func=[0.24, 1.0, 1.0]
[S2 s2] r=29 Hfull=0.382 Hsparse=0.381 alive=[0, 1, 2, 3, 4] incl=[0.41, 0.358, 0.369, 0.44, 0.423] nrmse=0.075 func=[0.25, 1.0, 1.0]
[S2 s2] r=30 Hfull=0.345 Hsparse=0.345 alive=[0, 1, 2, 3, 4] incl=[0.437, 0.352, 0.362, 0.432, 0.417] nrmse=0.073 func=[0.27, 1.0, 1.0]
[S2 s2] r=31 Hfull=0.348 Hsparse=0.347 alive=[0, 1, 2, 3, 4] incl=[0.431, 0.352, 0.358, 0.439, 0.419] nrmse=0.065 func=[0.32, 1.0, 1.0]
[S2 s2] r=32 Hfull=0.347 Hsparse=0.346 alive=[0, 1, 2, 3, 4] incl=[0.446, 0.351, 0.354, 0.423, 0.427] nrmse=0.060 func=[0.3, 1.0, 1.0]
[S2 s2] r=33 Hfull=0.344 Hsparse=0.344 alive=[0, 1, 2, 3, 4] incl=[0.458, 0.349, 0.354, 0.413, 0.426] nrmse=0.062 func=[0.36, 1.0, 1.0]
[S2 s2] r=34 Hfull=0.345 Hsparse=0.345 alive=[0, 1, 2, 3, 4] incl=[0.464, 0.348, 0.354, 0.411, 0.423] nrmse=0.053 func=[0.37, 1.0, 1.0]
[S2 s2] r=35 Hfull=0.347 Hsparse=0.347 alive=[0, 1, 2, 3, 4] incl=[0.465, 0.348, 0.354, 0.411, 0.421] nrmse=0.056 func=[0.36, 1.0, 1.0]
[S2 s2] r=36 Hfull=0.345 Hsparse=0.345 alive=[0, 1, 2, 3, 4] incl=[0.479, 0.348, 0.346, 0.407, 0.419] nrmse=0.049 func=[0.37, 1.0, 1.0]
[S2 s2] r=37 Hfull=0.345 Hsparse=0.344 alive=[0, 1, 2, 3, 4] incl=[0.488, 0.348, 0.346, 0.397, 0.42] nrmse=0.045 func=[0.39, 1.0, 1.0]
[S2 s2] r=38 Hfull=0.344 Hsparse=0.344 alive=[0, 1, 2, 3, 4] incl=[0.504, 0.348, 0.347, 0.385, 0.416] nrmse=0.050 func=[0.4, 1.0, 1.0]
[S2 s2] r=39 Hfull=0.344 Hsparse=0.344 alive=[0, 1, 2, 3, 4] incl=[0.515, 0.348, 0.342, 0.382, 0.412] nrmse=0.047 func=[0.4, 1.0, 1.0]
{
  "variant": "S2",
  "seed": 2,
  "top_k": 2,
  "z4_pass": false,
  "major_mixing": false,
  "existence_tests": 25,
  "existence_deletes": 0,
  "existence_rollbacks": 0,
  "duplicate_prunes": 0,
  "m_discovered": null,
  "family_accuracy": 0.8005181347150259,
  "fragmentation": 0.20094606985079602,
  "b1_pass": false,
  "final_pass": false,
  "failure_mode": "F5_persistent_mixing_or_identity_failure"
}
[S3 s0] r=00 Hfull=1.364 Hsparse=0.983 alive=[0, 1, 2, 3, 4] incl=[0.553, 0.79, 0.725, 0.605, 0.327] nrmse=0.934 func=[0.16, 0.27, -0.01]
[S3 s0] r=01 Hfull=1.430 Hsparse=1.027 alive=[0, 1, 2, 3, 4] incl=[0.546, 0.753, 0.803, 0.529, 0.368] nrmse=0.782 func=[0.16, 0.48, -0.02]
[S3 s0] r=02 Hfull=1.389 Hsparse=1.024 alive=[0, 1, 2, 3, 4] incl=[0.532, 0.686, 0.854, 0.527, 0.401] nrmse=0.702 func=[0.02, 0.51, 0.27]
[S3 s0] r=03 Hfull=1.312 Hsparse=1.006 alive=[0, 1, 2, 3, 4] incl=[0.517, 0.648, 0.882, 0.519, 0.435] nrmse=0.636 func=[0.0, 0.7, 0.44]
[S3 s0] r=04 Hfull=1.259 Hsparse=0.985 alive=[0, 1, 2, 3, 4] incl=[0.503, 0.625, 0.857, 0.519, 0.496] nrmse=0.583 func=[0.09, 0.8, 0.6]
[S3 s0] r=05 Hfull=1.274 Hsparse=0.994 alive=[0, 1, 2, 3, 4] incl=[0.483, 0.586, 0.861, 0.496, 0.575] nrmse=0.537 func=[0.06, 0.9, 0.75]
[S3 s0] r=06 Hfull=1.255 Hsparse=0.987 alive=[0, 1, 2, 3, 4] incl=[0.481, 0.558, 0.861, 0.504, 0.597] nrmse=0.484 func=[0.13, 0.95, 0.84]
[S3 s0] r=07 Hfull=1.274 Hsparse=0.988 alive=[0, 1, 2, 3, 4] incl=[0.477, 0.504, 0.872, 0.53, 0.617] nrmse=0.480 func=[0.2, 0.96, 0.91]
[S3 s0] r=08 Hfull=1.239 Hsparse=0.979 alive=[0, 1, 2, 3, 4] incl=[0.463, 0.523, 0.891, 0.515, 0.607] nrmse=0.454 func=[0.3, 0.97, 0.9]
[S3 s0] r=09 Hfull=1.290 Hsparse=0.995 alive=[0, 1, 2, 3, 4] incl=[0.458, 0.492, 0.904, 0.525, 0.621] nrmse=0.454 func=[0.31, 0.97, 0.95]
[S3 s0] r=10 Hfull=1.017 Hsparse=0.867 alive=[0, 1, 2, 3, 4] incl=[0.454, 0.488, 0.915, 0.512, 0.631] nrmse=0.390 func=[0.39, 0.98, 0.95]
[S3 s0] r=11 Hfull=0.971 Hsparse=0.840 alive=[0, 1, 2, 3, 4] incl=[0.449, 0.488, 0.919, 0.506, 0.637] nrmse=0.343 func=[0.38, 0.99, 0.97]
[S3 s0] r=12 Hfull=0.936 Hsparse=0.813 alive=[0, 1, 2, 3, 4] incl=[0.447, 0.482, 0.912, 0.515, 0.644] nrmse=0.316 func=[0.43, 0.99, 0.98]
[S3 s0] r=13 Hfull=0.903 Hsparse=0.789 alive=[0, 1, 2, 3, 4] incl=[0.454, 0.485, 0.881, 0.515, 0.665] nrmse=0.294 func=[0.49, 0.99, 0.98]
[S3 s0] r=14 Hfull=0.864 Hsparse=0.762 alive=[0, 1, 2, 3, 4] incl=[0.471, 0.482, 0.852, 0.517, 0.679] nrmse=0.283 func=[0.51, 0.99, 0.98]
[S3 s0] r=15 Hfull=0.795 Hsparse=0.720 alive=[0, 1, 2, 3, 4] incl=[0.469, 0.495, 0.834, 0.517, 0.684] nrmse=0.257 func=[0.47, 0.99, 0.98]
[S3 s0] r=16 Hfull=0.749 Hsparse=0.684 alive=[0, 1, 2, 3, 4] incl=[0.479, 0.504, 0.79, 0.533, 0.694] nrmse=0.235 func=[0.58, 0.99, 0.99]
[S3 s0] r=17 Hfull=0.682 Hsparse=0.636 alive=[0, 1, 2, 3, 4] incl=[0.504, 0.521, 0.753, 0.526, 0.696] nrmse=0.222 func=[0.61, 0.99, 0.99]
[S3 s0] r=18 Hfull=0.634 Hsparse=0.599 alive=[0, 1, 2, 3, 4] incl=[0.521, 0.525, 0.721, 0.517, 0.715] nrmse=0.201 func=[0.61, 0.99, 0.99]
[S3 s0] r=19 Hfull=0.606 Hsparse=0.577 alive=[0, 1, 2, 3, 4] incl=[0.533, 0.531, 0.704, 0.507, 0.726] nrmse=0.192 func=[0.65, 0.99, 0.99]
[S3 s0] r=20 Hfull=0.444 Hsparse=0.440 alive=[0, 1, 2, 3, 4] incl=[0.551, 0.538, 0.678, 0.511, 0.723] nrmse=0.130 func=[0.65, 1.0, 0.99]
[S3 s0] r=21 Hfull=0.422 Hsparse=0.420 alive=[0, 1, 2, 3, 4] incl=[0.58, 0.548, 0.654, 0.513, 0.705] nrmse=0.108 func=[0.71, 1.0, 0.99]
[S3 s0] r=22 Hfull=0.413 Hsparse=0.412 alive=[0, 1, 2, 3, 4] incl=[0.592, 0.548, 0.644, 0.505, 0.711] nrmse=0.101 func=[0.76, 1.0, 0.99]
[S3 s0] r=23 Hfull=0.400 Hsparse=0.399 alive=[0, 1, 2, 3, 4] incl=[0.596, 0.553, 0.635, 0.523, 0.693] nrmse=0.095 func=[0.79, 1.0, 1.0]
[S3 s0] r=24 Hfull=0.395 Hsparse=0.394 alive=[0, 1, 2, 3, 4] incl=[0.585, 0.552, 0.638, 0.513, 0.712] nrmse=0.093 func=[0.82, 1.0, 1.0]
[S3 s0] r=25 Hfull=0.392 Hsparse=0.392 alive=[0, 1, 2, 3, 4] incl=[0.599, 0.551, 0.631, 0.511, 0.708] nrmse=0.080 func=[0.86, 1.0, 1.0]
[S3 s0] r=26 Hfull=0.383 Hsparse=0.383 alive=[0, 1, 2, 3, 4] incl=[0.603, 0.555, 0.627, 0.519, 0.696] nrmse=0.077 func=[0.89, 1.0, 1.0]
[S3 s0] r=27 Hfull=0.384 Hsparse=0.384 alive=[0, 1, 2, 3, 4] incl=[0.59, 0.552, 0.64, 0.531, 0.686] nrmse=0.073 func=[0.9, 1.0, 1.0]
[S3 s0] r=28 Hfull=0.377 Hsparse=0.377 alive=[0, 1, 2, 3, 4] incl=[0.598, 0.565, 0.634, 0.531, 0.671] nrmse=0.068 func=[0.94, 1.0, 1.0]
[S3 s0] r=29 Hfull=0.377 Hsparse=0.377 alive=[0, 1, 2, 3, 4] incl=[0.619, 0.579, 0.633, 0.518, 0.651] nrmse=0.064 func=[0.97, 1.0, 1.0]
[S3 s0] r=30 Hfull=0.343 Hsparse=0.343 alive=[0, 1, 2, 3, 4] incl=[0.745, 0.675, 0.604, 0.486, 0.49] nrmse=0.052 func=[0.99, 1.0, 1.0]
[S3 s0] r=31 Hfull=0.344 Hsparse=0.344 alive=[0, 1, 2, 3, 4] incl=[0.742, 0.675, 0.605, 0.502, 0.476] nrmse=0.047 func=[0.99, 1.0, 1.0]
[S3 s0] r=32 Hfull=0.344 Hsparse=0.344 alive=[0, 1, 2, 3, 4] incl=[0.756, 0.681, 0.61, 0.476, 0.477] nrmse=0.045 func=[1.0, 1.0, 1.0]
[S3 s0] r=33 Hfull=0.342 Hsparse=0.342 alive=[0, 1, 2, 3, 4] incl=[0.79, 0.701, 0.607, 0.463, 0.44] nrmse=0.045 func=[1.0, 1.0, 1.0]
[S3 s0] r=34 Hfull=0.344 Hsparse=0.344 alive=[0, 1, 2, 3, 4] incl=[0.799, 0.7, 0.599, 0.47, 0.433] nrmse=0.041 func=[1.0, 1.0, 1.0]
[S3 s0] r=35 Hfull=0.341 Hsparse=0.341 alive=[0, 1, 2, 3, 4] incl=[0.815, 0.709, 0.596, 0.437, 0.443] nrmse=0.039 func=[1.0, 1.0, 1.0]
[S3 s0] r=36 Hfull=0.343 Hsparse=0.343 alive=[0, 1, 2, 3, 4] incl=[0.816, 0.706, 0.595, 0.452, 0.431] nrmse=0.040 func=[1.0, 1.0, 1.0]
[S3 s0] r=37 Hfull=0.342 Hsparse=0.342 alive=[0, 1, 2, 3, 4] incl=[0.847, 0.722, 0.587, 0.437, 0.407] nrmse=0.043 func=[1.0, 1.0, 1.0]
[S3 s0] r=38 Hfull=0.342 Hsparse=0.342 alive=[0, 1, 2, 3, 4] incl=[0.857, 0.729, 0.585, 0.421, 0.408] nrmse=0.036 func=[1.0, 1.0, 1.0]
[S3 s0] r=39 Hfull=0.340 Hsparse=0.340 alive=[0, 1, 2, 3, 4] incl=[0.857, 0.73, 0.586, 0.421, 0.406] nrmse=0.041 func=[1.0, 1.0, 1.0]
{
  "variant": "S3",
  "seed": 0,
  "top_k": 3,
  "z4_pass": false,
  "major_mixing": false,
  "existence_tests": 25,
  "existence_deletes": 0,
  "existence_rollbacks": 0,
  "duplicate_prunes": 0,
  "m_discovered": null,
  "family_accuracy": 0.9533678756476683,
  "fragmentation": 0.046433914242971795,
  "b1_pass": false,
  "final_pass": false,
  "failure_mode": "F5_persistent_mixing_or_identity_failure"
}
[S3 s1] r=00 Hfull=1.434 Hsparse=1.040 alive=[0, 1, 2, 3, 4] incl=[0.776, 0.653, 0.43, 0.692, 0.449] nrmse=0.995 func=[0.18, 0.09, -0.05]
[S3 s1] r=01 Hfull=1.327 Hsparse=1.009 alive=[0, 1, 2, 3, 4] incl=[0.803, 0.467, 0.523, 0.69, 0.517] nrmse=0.784 func=[0.23, 0.5, 0.11]
[S3 s1] r=02 Hfull=1.108 Hsparse=0.915 alive=[0, 1, 2, 3, 4] incl=[0.791, 0.471, 0.54, 0.652, 0.546] nrmse=0.667 func=[0.26, 0.61, 0.47]
[S3 s1] r=03 Hfull=0.811 Hsparse=0.743 alive=[0, 1, 2, 3, 4] incl=[0.836, 0.472, 0.54, 0.615, 0.537] nrmse=0.544 func=[0.46, 0.6, 0.71]
[S3 s1] r=04 Hfull=1.044 Hsparse=0.867 alive=[0, 1, 2, 3, 4] incl=[0.838, 0.521, 0.532, 0.637, 0.472] nrmse=0.428 func=[0.68, 0.58, 0.92]
[S3 s1] r=05 Hfull=0.991 Hsparse=0.835 alive=[0, 1, 2, 3, 4] incl=[0.823, 0.538, 0.54, 0.652, 0.447] nrmse=0.402 func=[0.77, 0.63, 0.95]
[S3 s1] r=06 Hfull=1.026 Hsparse=0.844 alive=[0, 1, 2, 3, 4] incl=[0.767, 0.56, 0.56, 0.7, 0.414] nrmse=0.364 func=[0.86, 0.64, 0.96]
[S3 s1] r=07 Hfull=0.991 Hsparse=0.828 alive=[0, 1, 2, 3, 4] incl=[0.75, 0.548, 0.569, 0.719, 0.414] nrmse=0.327 func=[0.92, 0.7, 0.98]
[S3 s1] r=08 Hfull=0.970 Hsparse=0.810 alive=[0, 1, 2, 3, 4] incl=[0.726, 0.572, 0.576, 0.717, 0.41] nrmse=0.312 func=[0.95, 0.73, 0.98]
[S3 s1] r=09 Hfull=0.897 Hsparse=0.770 alive=[0, 1, 2, 3, 4] incl=[0.716, 0.57, 0.607, 0.679, 0.427] nrmse=0.271 func=[0.98, 0.82, 0.98]
[S3 s1] r=10 Hfull=0.538 Hsparse=0.524 alive=[0, 1, 2, 3, 4] incl=[0.662, 0.582, 0.633, 0.679, 0.444] nrmse=0.180 func=[0.98, 0.88, 0.99]
[S3 s1] r=11 Hfull=0.424 Hsparse=0.423 alive=[0, 1, 2, 3, 4] incl=[0.626, 0.586, 0.6, 0.682, 0.507] nrmse=0.100 func=[0.99, 0.96, 0.99]
[S3 s1] r=12 Hfull=0.383 Hsparse=0.383 alive=[0, 1, 2, 3, 4] incl=[0.606, 0.604, 0.588, 0.68, 0.521] nrmse=0.068 func=[1.0, 0.99, 1.0]
[S3 s1] r=13 Hfull=0.376 Hsparse=0.376 alive=[0, 1, 2, 3, 4] incl=[0.815, 0.621, 0.675, 0.485, 0.404] nrmse=0.053 func=[1.0, 1.0, 1.0]
[S3 s1] r=14 Hfull=0.380 Hsparse=0.380 alive=[0, 1, 2, 3, 4] incl=[0.938, 0.642, 0.694, 0.367, 0.358] nrmse=0.047 func=[1.0, 1.0, 1.0]
[S3 s1] r=15 Hfull=0.382 Hsparse=0.382 alive=[0, 1, 2, 3, 4] incl=[0.98, 0.659, 0.686, 0.335, 0.341] nrmse=0.041 func=[1.0, 1.0, 1.0]
[S3 s1] r=16 Hfull=0.385 Hsparse=0.385 alive=[0, 1, 2, 3, 4] incl=[0.991, 0.665, 0.682, 0.327, 0.335] nrmse=0.041 func=[1.0, 1.0, 1.0]
[S3 s1] r=17 Hfull=0.385 Hsparse=0.385 alive=[0, 1, 2, 3, 4] incl=[0.999, 0.669, 0.679, 0.322, 0.331] nrmse=0.036 func=[1.0, 1.0, 1.0]
[S3 s1] r=18 Hfull=0.385 Hsparse=0.385 alive=[0, 1, 2, 3, 4] incl=[1.0, 0.67, 0.679, 0.321, 0.33] nrmse=0.033 func=[1.0, 1.0, 1.0]
[S3 s1] r=19 Hfull=0.385 Hsparse=0.385 alive=[0, 1, 2, 3, 4] incl=[1.0, 0.67, 0.679, 0.321, 0.33] nrmse=0.031 func=[1.0, 1.0, 1.0]
[S3 s1] r=20 Hfull=0.366 Hsparse=0.366 alive=[0, 1, 2, 3, 4] incl=[1.0, 0.67, 0.679, 0.321, 0.33] nrmse=0.030 func=[1.0, 1.0, 1.0]
[S3 s1] r=21 Hfull=0.366 Hsparse=0.366 alive=[0, 1, 2, 3, 4] incl=[1.0, 0.67, 0.679, 0.321, 0.33] nrmse=0.028 func=[1.0, 1.0, 1.0]
[S3 s1] r=22 Hfull=0.367 Hsparse=0.367 alive=[0, 1, 2, 3, 4] incl=[1.0, 0.67, 0.679, 0.321, 0.33] nrmse=0.028 func=[1.0, 1.0, 1.0]
[S3 s1] r=23 Hfull=0.372 Hsparse=0.372 alive=[0, 1, 2, 3, 4] incl=[1.0, 0.67, 0.679, 0.321, 0.33] nrmse=0.031 func=[1.0, 1.0, 1.0]
[S3 s1] r=24 Hfull=0.370 Hsparse=0.370 alive=[0, 1, 2, 3, 4] incl=[1.0, 0.67, 0.679, 0.321, 0.33] nrmse=0.028 func=[1.0, 1.0, 1.0]
[S3 s1] r=25 Hfull=0.368 Hsparse=0.368 alive=[0, 1, 2, 3, 4] incl=[1.0, 0.67, 0.679, 0.321, 0.33] nrmse=0.028 func=[1.0, 1.0, 1.0]
[S3 s1] r=26 Hfull=0.372 Hsparse=0.372 alive=[0, 1, 2, 3, 4] incl=[1.0, 0.67, 0.679, 0.321, 0.33] nrmse=0.028 func=[1.0, 1.0, 1.0]
[S3 s1] r=27 Hfull=0.371 Hsparse=0.371 alive=[0, 1, 2, 3, 4] incl=[1.0, 0.67, 0.679, 0.321, 0.33] nrmse=0.027 func=[1.0, 1.0, 1.0]
[S3 s1] r=28 Hfull=0.372 Hsparse=0.372 alive=[0, 1, 2, 3, 4] incl=[1.0, 0.67, 0.679, 0.321, 0.33] nrmse=0.024 func=[1.0, 1.0, 1.0]
[S3 s1] r=29 Hfull=0.373 Hsparse=0.373 alive=[0, 1, 2, 3, 4] incl=[1.0, 0.67, 0.679, 0.321, 0.33] nrmse=0.024 func=[1.0, 1.0, 1.0]
[S3 s1] r=30 Hfull=0.336 Hsparse=0.336 alive=[0, 1, 2, 3, 4] incl=[1.0, 0.67, 0.679, 0.321, 0.33] nrmse=0.025 func=[1.0, 1.0, 1.0]
[S3 s1] r=31 Hfull=0.331 Hsparse=0.331 alive=[0, 1, 2, 3, 4] incl=[1.0, 0.67, 0.679, 0.321, 0.33] nrmse=0.024 func=[1.0, 1.0, 1.0]
[S3 s1] r=32 Hfull=0.333 Hsparse=0.333 alive=[0, 1, 2, 3, 4] incl=[1.0, 0.67, 0.679, 0.321, 0.33] nrmse=0.026 func=[1.0, 1.0, 1.0]
[S3 s1] r=33 Hfull=0.332 Hsparse=0.332 alive=[0, 1, 2, 3, 4] incl=[1.0, 0.67, 0.679, 0.321, 0.33] nrmse=0.025 func=[1.0, 1.0, 1.0]
[S3 s1] r=34 Hfull=0.335 Hsparse=0.335 alive=[0, 1, 2, 3, 4] incl=[1.0, 0.67, 0.679, 0.321, 0.33] nrmse=0.019 func=[1.0, 1.0, 1.0]
[S3 s1] r=35 Hfull=0.334 Hsparse=0.334 alive=[0, 1, 2, 3, 4] incl=[1.0, 0.67, 0.679, 0.321, 0.33] nrmse=0.025 func=[1.0, 1.0, 1.0]
[S3 s1] r=36 Hfull=0.333 Hsparse=0.333 alive=[0, 1, 2, 3, 4] incl=[1.0, 0.67, 0.679, 0.321, 0.33] nrmse=0.025 func=[1.0, 1.0, 1.0]
[S3 s1] r=37 Hfull=0.337 Hsparse=0.337 alive=[0, 1, 2, 3, 4] incl=[1.0, 0.67, 0.679, 0.321, 0.33] nrmse=0.020 func=[1.0, 1.0, 1.0]
[S3 s1] r=38 Hfull=0.338 Hsparse=0.338 alive=[0, 1, 2, 3, 4] incl=[1.0, 0.67, 0.679, 0.321, 0.33] nrmse=0.018 func=[1.0, 1.0, 1.0]
[S3 s1] r=39 Hfull=0.336 Hsparse=0.336 alive=[0, 1, 2, 3, 4] incl=[1.0, 0.67, 0.679, 0.321, 0.33] nrmse=0.020 func=[1.0, 1.0, 1.0]
{
  "variant": "S3",
  "seed": 1,
  "top_k": 3,
  "z4_pass": true,
  "major_mixing": false,
  "existence_tests": 25,
  "existence_deletes": 0,
  "existence_rollbacks": 0,
  "duplicate_prunes": 1,
  "m_discovered": 4,
  "family_accuracy": 0.9818652849740933,
  "fragmentation": 0.017543859649122823,
  "b1_pass": false,
  "final_pass": false,
  "failure_mode": "F7_count_only_failure"
}
[S3 s2] r=00 Hfull=1.170 Hsparse=0.989 alive=[0, 1, 2, 3, 4] incl=[0.329, 0.664, 0.339, 0.67, 0.998] nrmse=0.996 func=[0.12, 0.1, -0.0]
[S3 s2] r=01 Hfull=1.139 Hsparse=0.965 alive=[0, 1, 2, 3, 4] incl=[0.347, 0.623, 0.379, 0.656, 0.995] nrmse=0.835 func=[0.19, 0.48, -0.13]
[S3 s2] r=02 Hfull=1.125 Hsparse=0.935 alive=[0, 1, 2, 3, 4] incl=[0.372, 0.553, 0.442, 0.648, 0.986] nrmse=0.745 func=[0.21, 0.68, -0.03]
[S3 s2] r=03 Hfull=1.077 Hsparse=0.881 alive=[0, 1, 2, 3, 4] incl=[0.384, 0.526, 0.482, 0.638, 0.97] nrmse=0.676 func=[0.29, 0.81, 0.15]
[S3 s2] r=04 Hfull=1.012 Hsparse=0.817 alive=[0, 1, 2, 3, 4] incl=[0.419, 0.525, 0.502, 0.641, 0.913] nrmse=0.566 func=[0.39, 0.92, 0.32]
[S3 s2] r=05 Hfull=0.867 Hsparse=0.714 alive=[0, 1, 2, 3, 4] incl=[0.464, 0.512, 0.55, 0.679, 0.795] nrmse=0.468 func=[0.46, 0.96, 0.4]
[S3 s2] r=06 Hfull=0.877 Hsparse=0.715 alive=[0, 1, 2, 3, 4] incl=[0.548, 0.544, 0.554, 0.69, 0.664] nrmse=0.393 func=[0.46, 0.98, 0.44]
[S3 s2] r=07 Hfull=0.953 Hsparse=0.763 alive=[0, 1, 2, 3, 4] incl=[0.606, 0.553, 0.527, 0.703, 0.611] nrmse=0.361 func=[0.46, 0.99, 0.42]
[S3 s2] r=08 Hfull=0.955 Hsparse=0.772 alive=[0, 1, 2, 3, 4] incl=[0.625, 0.554, 0.485, 0.724, 0.613] nrmse=0.335 func=[0.52, 0.99, 0.43]
[S3 s2] r=09 Hfull=0.956 Hsparse=0.776 alive=[0, 1, 2, 3, 4] incl=[0.621, 0.551, 0.475, 0.74, 0.613] nrmse=0.326 func=[0.52, 0.99, 0.42]
[S3 s2] r=10 Hfull=0.692 Hsparse=0.617 alive=[0, 1, 2, 3, 4] incl=[0.655, 0.551, 0.496, 0.706, 0.591] nrmse=0.249 func=[0.49, 0.99, 0.44]
[S3 s2] r=11 Hfull=0.624 Hsparse=0.571 alive=[0, 1, 2, 3, 4] incl=[0.645, 0.566, 0.506, 0.705, 0.578] nrmse=0.198 func=[0.52, 0.99, 0.42]
[S3 s2] r=12 Hfull=0.573 Hsparse=0.535 alive=[0, 1, 2, 3, 4] incl=[0.662, 0.571, 0.515, 0.69, 0.561] nrmse=0.173 func=[0.51, 1.0, 0.43]
[S3 s2] r=13 Hfull=0.530 Hsparse=0.505 alive=[0, 1, 2, 3, 4] incl=[0.661, 0.572, 0.531, 0.679, 0.557] nrmse=0.155 func=[0.47, 1.0, 0.42]
[S3 s2] r=14 Hfull=0.490 Hsparse=0.475 alive=[0, 1, 2, 3, 4] incl=[0.652, 0.576, 0.529, 0.68, 0.563] nrmse=0.142 func=[0.47, 1.0, 0.41]
[S3 s2] r=15 Hfull=0.470 Hsparse=0.458 alive=[0, 1, 2, 3, 4] incl=[0.627, 0.586, 0.538, 0.672, 0.577] nrmse=0.120 func=[0.48, 1.0, 0.42]
[S3 s2] r=16 Hfull=0.442 Hsparse=0.436 alive=[0, 1, 2, 3, 4] incl=[0.63, 0.59, 0.538, 0.661, 0.581] nrmse=0.115 func=[0.48, 1.0, 0.41]
[S3 s2] r=17 Hfull=0.418 Hsparse=0.415 alive=[0, 1, 2, 3, 4] incl=[0.604, 0.603, 0.559, 0.65, 0.584] nrmse=0.106 func=[0.47, 1.0, 0.44]
[S3 s2] r=18 Hfull=0.400 Hsparse=0.399 alive=[0, 1, 2, 3, 4] incl=[0.59, 0.598, 0.56, 0.664, 0.588] nrmse=0.092 func=[0.5, 1.0, 0.47]
[S3 s2] r=19 Hfull=0.390 Hsparse=0.390 alive=[0, 1, 2, 3, 4] incl=[0.597, 0.606, 0.564, 0.623, 0.609] nrmse=0.085 func=[0.5, 1.0, 0.46]
[S3 s2] r=20 Hfull=0.365 Hsparse=0.365 alive=[0, 1, 2, 3, 4] incl=[0.684, 0.584, 0.599, 0.586, 0.546] nrmse=0.080 func=[0.48, 1.0, 0.42]
[S3 s2] r=21 Hfull=0.365 Hsparse=0.365 alive=[0, 1, 2, 3, 4] incl=[0.667, 0.586, 0.58, 0.6, 0.568] nrmse=0.074 func=[0.5, 1.0, 0.42]
[S3 s2] r=22 Hfull=0.365 Hsparse=0.365 alive=[0, 1, 2, 3, 4] incl=[0.679, 0.584, 0.596, 0.574, 0.567] nrmse=0.068 func=[0.53, 1.0, 0.45]
[S3 s2] r=23 Hfull=0.362 Hsparse=0.362 alive=[0, 1, 2, 3, 4] incl=[0.713, 0.582, 0.608, 0.552, 0.546] nrmse=0.070 func=[0.55, 1.0, 0.48]
[S3 s2] r=24 Hfull=0.361 Hsparse=0.361 alive=[0, 1, 2, 3, 4] incl=[0.74, 0.586, 0.622, 0.531, 0.521] nrmse=0.067 func=[0.58, 1.0, 0.51]
[S3 s2] r=25 Hfull=0.361 Hsparse=0.361 alive=[0, 1, 2, 3, 4] incl=[0.751, 0.591, 0.619, 0.531, 0.508] nrmse=0.059 func=[0.58, 1.0, 0.51]
[S3 s2] r=26 Hfull=0.359 Hsparse=0.359 alive=[0, 1, 2, 3, 4] incl=[0.813, 0.592, 0.638, 0.492, 0.465] nrmse=0.064 func=[0.61, 1.0, 0.54]
[S3 s2] r=27 Hfull=0.361 Hsparse=0.361 alive=[0, 1, 2, 3, 4] incl=[0.773, 0.584, 0.629, 0.515, 0.499] nrmse=0.054 func=[0.6, 1.0, 0.54]
[S3 s2] r=28 Hfull=0.359 Hsparse=0.359 alive=[0, 1, 2, 3, 4] incl=[0.83, 0.598, 0.636, 0.483, 0.453] nrmse=0.056 func=[0.6, 1.0, 0.55]
[S3 s2] r=29 Hfull=0.361 Hsparse=0.361 alive=[0, 1, 2, 3, 4] incl=[0.805, 0.588, 0.621, 0.511, 0.475] nrmse=0.050 func=[0.62, 1.0, 0.55]
[S3 s2] r=30 Hfull=0.346 Hsparse=0.346 alive=[0, 1, 2, 3, 4] incl=[0.97, 0.657, 0.677, 0.36, 0.336] nrmse=0.051 func=[0.62, 1.0, 0.56]
[S3 s2] r=31 Hfull=0.346 Hsparse=0.346 alive=[0, 1, 2, 3, 4] incl=[0.964, 0.657, 0.68, 0.358, 0.341] nrmse=0.047 func=[0.64, 1.0, 0.58]
[S3 s2] r=32 Hfull=0.346 Hsparse=0.346 alive=[0, 1, 2, 3, 4] incl=[0.968, 0.657, 0.677, 0.361, 0.337] nrmse=0.051 func=[0.64, 1.0, 0.6]
[S3 s2] r=33 Hfull=0.344 Hsparse=0.344 alive=[0, 1, 2, 3, 4] incl=[0.961, 0.643, 0.671, 0.376, 0.35] nrmse=0.044 func=[0.65, 1.0, 0.61]
[S3 s2] r=34 Hfull=0.347 Hsparse=0.347 alive=[0, 1, 2, 3, 4] incl=[0.952, 0.641, 0.673, 0.381, 0.354] nrmse=0.043 func=[0.65, 1.0, 0.62]
[S3 s2] r=35 Hfull=0.347 Hsparse=0.347 alive=[0, 1, 2, 3, 4] incl=[0.964, 0.645, 0.677, 0.369, 0.344] nrmse=0.043 func=[0.66, 1.0, 0.64]
[S3 s2] r=36 Hfull=0.346 Hsparse=0.346 alive=[0, 1, 2, 3, 4] incl=[0.968, 0.661, 0.68, 0.349, 0.341] nrmse=0.041 func=[0.66, 1.0, 0.64]
[S3 s2] r=37 Hfull=0.346 Hsparse=0.346 alive=[0, 1, 2, 3, 4] incl=[0.969, 0.66, 0.68, 0.35, 0.341] nrmse=0.041 func=[0.66, 1.0, 0.64]
[S3 s2] r=38 Hfull=0.325 Hsparse=0.325 alive=[0, 1, 2, 3, 4] incl=[0.974, 0.663, 0.68, 0.346, 0.338] nrmse=0.090 func=[0.66, 1.0, 0.63]
[S3 s2] r=39 Hfull=0.347 Hsparse=0.347 alive=[0, 1, 2, 3, 4] incl=[0.978, 0.668, 0.677, 0.343, 0.334] nrmse=0.038 func=[0.66, 1.0, 0.65]
{
  "variant": "S3",
  "seed": 2,
  "top_k": 3,
  "z4_pass": false,
  "major_mixing": true,
  "existence_tests": 25,
  "existence_deletes": 0,
  "existence_rollbacks": 0,
  "duplicate_prunes": 0,
  "m_discovered": null,
  "family_accuracy": 0.6347150259067358,
  "fragmentation": 0.37142618988080356,
  "b1_pass": false,
  "final_pass": false,
  "failure_mode": "F5_persistent_mixing_or_identity_failure"
}
[S4 s0] r=00 Hfull=1.364 Hsparse=0.000 alive=[0, 1, 2, 3, 4] incl=[0.233, 0.091, 0.085, 0.291, 0.3] nrmse=0.926 func=[0.16, 0.27, -0.01]
[S4 s0] r=01 Hfull=1.481 Hsparse=0.000 alive=[0, 1, 2, 3, 4] incl=[0.181, 0.145, 0.078, 0.317, 0.28] nrmse=0.699 func=[0.04, 0.46, -0.06]
[S4 s0] r=02 Hfull=1.447 Hsparse=0.000 alive=[0, 1, 2, 3, 4] incl=[0.188, 0.164, 0.08, 0.321, 0.248] nrmse=0.598 func=[0.01, 0.46, -0.0]
[S4 s0] r=03 Hfull=1.383 Hsparse=0.000 alive=[0, 1, 2, 3, 4] incl=[0.158, 0.155, 0.161, 0.291, 0.235] nrmse=0.509 func=[-0.03, 0.67, 0.16]
[S4 s0] r=04 Hfull=1.383 Hsparse=0.000 alive=[0, 1, 2, 3, 4] incl=[0.143, 0.141, 0.233, 0.254, 0.229] nrmse=0.417 func=[-0.0, 0.82, 0.28]
[S4 s0] r=05 Hfull=1.408 Hsparse=0.000 alive=[0, 1, 2, 3, 4] incl=[0.137, 0.135, 0.28, 0.225, 0.224] nrmse=0.349 func=[0.01, 0.91, 0.37]
[S4 s0] r=06 Hfull=1.422 Hsparse=0.000 alive=[0, 1, 2, 3, 4] incl=[0.139, 0.118, 0.314, 0.217, 0.211] nrmse=0.286 func=[0.21, 0.96, 0.4]
[S4 s0] r=07 Hfull=1.457 Hsparse=0.000 alive=[0, 1, 2, 3, 4] incl=[0.156, 0.105, 0.332, 0.212, 0.195] nrmse=0.247 func=[0.35, 0.98, 0.58]
[S4 s0] r=08 Hfull=1.464 Hsparse=0.000 alive=[0, 1, 2, 3, 4] incl=[0.195, 0.089, 0.337, 0.214, 0.165] nrmse=0.209 func=[0.48, 0.98, 0.84]
[S4 s0] r=09 Hfull=1.462 Hsparse=0.000 alive=[0, 1, 2, 3, 4] incl=[0.236, 0.078, 0.345, 0.215, 0.126] nrmse=0.172 func=[0.6, 0.99, 0.94]
[S4 s0] r=10 Hfull=1.209 Hsparse=0.000 alive=[0, 1, 2, 3, 4] incl=[0.272, 0.072, 0.347, 0.214, 0.095] nrmse=0.146 func=[0.67, 0.99, 0.98]
[S4 s0] r=11 Hfull=1.209 Hsparse=0.000 alive=[0, 1, 2, 3, 4] incl=[0.31, 0.068, 0.348, 0.216, 0.057] nrmse=0.113 func=[0.74, 1.0, 0.99]
[S4 s0] r=12 Hfull=1.226 Hsparse=0.000 alive=[0, 1, 2, 3, 4] incl=[0.324, 0.068, 0.348, 0.224, 0.036] nrmse=0.091 func=[0.87, 1.0, 0.99]
[S4 s0] r=13 Hfull=1.239 Hsparse=0.000 alive=[0, 1, 2, 3, 4] incl=[0.329, 0.062, 0.348, 0.232, 0.028] nrmse=0.079 func=[0.94, 1.0, 1.0]
[S4 s0] r=14 Hfull=1.258 Hsparse=0.000 alive=[0, 1, 2, 3, 4] incl=[0.329, 0.055, 0.348, 0.24, 0.027] nrmse=0.069 func=[0.96, 1.0, 1.0]
[S4 s0] r=15 Hfull=1.259 Hsparse=0.000 alive=[0, 1, 2, 3, 4] incl=[0.33, 0.053, 0.348, 0.243, 0.025] nrmse=0.063 func=[0.97, 1.0, 1.0]
[S4 s0] r=16 Hfull=1.272 Hsparse=0.000 alive=[0, 1, 2, 3, 4] incl=[0.33, 0.053, 0.348, 0.243, 0.025] nrmse=0.056 func=[0.98, 1.0, 1.0]
[S4 s0] r=17 Hfull=1.277 Hsparse=0.000 alive=[0, 1, 2, 3, 4] incl=[0.33, 0.051, 0.348, 0.247, 0.024] nrmse=0.057 func=[0.99, 1.0, 1.0]
[S4 s0] r=18 Hfull=1.276 Hsparse=0.000 alive=[0, 1, 2, 3, 4] incl=[0.33, 0.047, 0.348, 0.25, 0.024] nrmse=0.050 func=[0.99, 1.0, 1.0]
[S4 s0] r=19 Hfull=1.267 Hsparse=0.000 alive=[0, 1, 2, 3, 4] incl=[0.33, 0.049, 0.348, 0.25, 0.022] nrmse=0.048 func=[0.99, 1.0, 1.0]
[S4 s0] r=20 Hfull=0.910 Hsparse=0.000 alive=[0, 1, 2, 3, 4] incl=[0.33, 0.045, 0.348, 0.257, 0.02] nrmse=0.049 func=[0.99, 1.0, 1.0]
[S4 s0] r=21 Hfull=0.909 Hsparse=0.000 alive=[0, 1, 2, 3, 4] incl=[0.33, 0.04, 0.348, 0.262, 0.02] nrmse=0.046 func=[1.0, 1.0, 1.0]
[S4 s0] r=22 Hfull=0.906 Hsparse=0.000 alive=[0, 1, 2, 3, 4] incl=[0.33, 0.035, 0.348, 0.268, 0.019] nrmse=0.041 func=[1.0, 1.0, 1.0]
[S4 s0] r=23 Hfull=0.910 Hsparse=0.000 alive=[0, 1, 2, 3, 4] incl=[0.33, 0.036, 0.348, 0.267, 0.018] nrmse=0.041 func=[1.0, 1.0, 1.0]
[S4 s0] r=24 Hfull=0.911 Hsparse=0.000 alive=[0, 1, 2, 3, 4] incl=[0.33, 0.034, 0.348, 0.271, 0.017] nrmse=0.040 func=[1.0, 1.0, 1.0]
[S4 s0] r=25 Hfull=0.916 Hsparse=0.000 alive=[0, 1, 2, 3] incl=[0.33, 0.036, 0.348, 0.269, 0.016] nrmse=0.045 func=[1.0, 1.0, 1.0]
[S4 s0] r=26 Hfull=0.888 Hsparse=0.000 alive=[0, 1, 2, 3] incl=[0.33, 0.039, 0.348, 0.283, 0.0] nrmse=0.046 func=[1.0, 1.0, 1.0]
[S4 s0] r=27 Hfull=0.891 Hsparse=0.000 alive=[0, 1, 2, 3] incl=[0.33, 0.023, 0.348, 0.298, 0.0] nrmse=0.039 func=[1.0, 1.0, 1.0]
[S4 s0] r=28 Hfull=0.893 Hsparse=0.000 alive=[0, 1, 2, 3] incl=[0.33, 0.017, 0.348, 0.304, 0.0] nrmse=0.034 func=[1.0, 1.0, 1.0]
[S4 s0] r=29 Hfull=0.890 Hsparse=0.000 alive=[0, 1, 2, 3] incl=[0.33, 0.014, 0.348, 0.307, 0.0] nrmse=0.038 func=[1.0, 1.0, 1.0]
[S4 s0] r=30 Hfull=0.538 Hsparse=0.000 alive=[0, 2, 3] incl=[0.33, 0.009, 0.348, 0.313, 0.0] nrmse=0.036 func=[1.0, 1.0, 1.0]
[S4 s0] r=31 Hfull=0.483 Hsparse=0.000 alive=[0, 2, 3] incl=[0.33, 0.0, 0.348, 0.321, 0.0] nrmse=0.036 func=[1.0, 1.0, 1.0]
[S4 s0] r=32 Hfull=0.484 Hsparse=0.000 alive=[0, 2, 3] incl=[0.33, 0.0, 0.348, 0.321, 0.0] nrmse=0.038 func=[1.0, 1.0, 1.0]
[S4 s0] r=33 Hfull=0.484 Hsparse=0.000 alive=[0, 2, 3] incl=[0.33, 0.0, 0.348, 0.321, 0.0] nrmse=0.033 func=[1.0, 1.0, 1.0]
[S4 s0] r=34 Hfull=0.486 Hsparse=0.000 alive=[0, 2, 3] incl=[0.33, 0.0, 0.348, 0.321, 0.0] nrmse=0.033 func=[1.0, 1.0, 1.0]
[S4 s0] r=35 Hfull=0.485 Hsparse=0.000 alive=[0, 2, 3] incl=[0.33, 0.0, 0.348, 0.321, 0.0] nrmse=0.035 func=[1.0, 1.0, 1.0]
[S4 s0] r=36 Hfull=0.488 Hsparse=0.000 alive=[0, 2, 3] incl=[0.33, 0.0, 0.348, 0.321, 0.0] nrmse=0.027 func=[1.0, 1.0, 1.0]
[S4 s0] r=37 Hfull=0.484 Hsparse=0.000 alive=[0, 2, 3] incl=[0.33, 0.0, 0.348, 0.321, 0.0] nrmse=0.032 func=[1.0, 1.0, 1.0]
[S4 s0] r=38 Hfull=0.486 Hsparse=0.000 alive=[0, 2, 3] incl=[0.33, 0.0, 0.348, 0.321, 0.0] nrmse=0.028 func=[1.0, 1.0, 1.0]
[S4 s0] r=39 Hfull=0.483 Hsparse=0.000 alive=[0, 2, 3] incl=[0.33, 0.0, 0.348, 0.321, 0.0] nrmse=0.030 func=[1.0, 1.0, 1.0]
[B1 adp12_S4_0_test_iid] 1024/20000
[B1 adp12_S4_0_test_iid] 2048/20000
[B1 adp12_S4_0_test_iid] 3072/20000
[B1 adp12_S4_0_test_iid] 4096/20000
[B1 adp12_S4_0_test_iid] 5120/20000
[B1 adp12_S4_0_test_iid] 6144/20000
[B1 adp12_S4_0_test_iid] 7168/20000
[B1 adp12_S4_0_test_iid] 8192/20000
[B1 adp12_S4_0_test_iid] 9216/20000
[B1 adp12_S4_0_test_iid] 10240/20000
[B1 adp12_S4_0_test_iid] 11264/20000
[B1 adp12_S4_0_test_iid] 12288/20000
[B1 adp12_S4_0_test_iid] 13312/20000
[B1 adp12_S4_0_test_iid] 14336/20000
[B1 adp12_S4_0_test_iid] 15360/20000
[B1 adp12_S4_0_test_iid] 16384/20000
[B1 adp12_S4_0_test_iid] 17408/20000
[B1 adp12_S4_0_test_iid] 18432/20000
[B1 adp12_S4_0_test_iid] 19456/20000
[B1 adp12_S4_0_test_iid] 20000/20000
[B1 test_iid] nrmse=0.0305 F1micro=0.997 minR2=0.998
[B1 adp12_S4_0_test_combination_101] 1024/20000
[B1 adp12_S4_0_test_combination_101] 2048/20000
[B1 adp12_S4_0_test_combination_101] 3072/20000
[B1 adp12_S4_0_test_combination_101] 4096/20000
[B1 adp12_S4_0_test_combination_101] 5120/20000
[B1 adp12_S4_0_test_combination_101] 6144/20000
[B1 adp12_S4_0_test_combination_101] 7168/20000
[B1 adp12_S4_0_test_combination_101] 8192/20000
[B1 adp12_S4_0_test_combination_101] 9216/20000
[B1 adp12_S4_0_test_combination_101] 10240/20000
[B1 adp12_S4_0_test_combination_101] 11264/20000
[B1 adp12_S4_0_test_combination_101] 12288/20000
[B1 adp12_S4_0_test_combination_101] 13312/20000
[B1 adp12_S4_0_test_combination_101] 14336/20000
[B1 adp12_S4_0_test_combination_101] 15360/20000
[B1 adp12_S4_0_test_combination_101] 16384/20000
[B1 adp12_S4_0_test_combination_101] 17408/20000
[B1 adp12_S4_0_test_combination_101] 18432/20000
[B1 adp12_S4_0_test_combination_101] 19456/20000
[B1 adp12_S4_0_test_combination_101] 20000/20000
[B1 test_combination_101] nrmse=0.0321 F1micro=0.998 minR2=0.999
{
  "variant": "S4",
  "seed": 0,
  "top_k": 1,
  "z4_pass": true,
  "major_mixing": false,
  "existence_tests": 20,
  "existence_deletes": 2,
  "existence_rollbacks": 0,
  "duplicate_prunes": 0,
  "m_discovered": 3,
  "family_accuracy": 1.0,
  "fragmentation": 0.0,
  "b1_pass": true,
  "final_pass": true,
  "failure_mode": null
}
[S4 s1] r=00 Hfull=1.434 Hsparse=0.000 alive=[0, 1, 2, 3, 4] incl=[0.295, 0.312, 0.105, 0.132, 0.156] nrmse=0.989 func=[0.18, 0.09, -0.05]
[S4 s1] r=01 Hfull=1.440 Hsparse=0.000 alive=[0, 1, 2, 3, 4] incl=[0.281, 0.307, 0.116, 0.139, 0.156] nrmse=0.719 func=[0.12, 0.41, 0.03]
[S4 s1] r=02 Hfull=1.437 Hsparse=0.000 alive=[0, 1, 2, 3, 4] incl=[0.233, 0.347, 0.109, 0.17, 0.141] nrmse=0.591 func=[-0.15, 0.5, 0.24]
[S4 s1] r=03 Hfull=1.445 Hsparse=0.000 alive=[0, 1, 2, 3, 4] incl=[0.216, 0.345, 0.107, 0.183, 0.149] nrmse=0.527 func=[-0.25, 0.36, 0.4]
[S4 s1] r=04 Hfull=1.436 Hsparse=0.000 alive=[0, 1, 2, 3, 4] incl=[0.181, 0.355, 0.111, 0.21, 0.143] nrmse=0.476 func=[-0.22, 0.37, 0.49]
[S4 s1] r=05 Hfull=1.432 Hsparse=0.000 alive=[0, 1, 2, 3, 4] incl=[0.17, 0.348, 0.12, 0.226, 0.137] nrmse=0.428 func=[-0.21, 0.37, 0.46]
[S4 s1] r=06 Hfull=1.422 Hsparse=0.000 alive=[0, 1, 2, 3, 4] incl=[0.163, 0.34, 0.124, 0.241, 0.133] nrmse=0.387 func=[-0.17, 0.38, 0.42]
[S4 s1] r=07 Hfull=1.428 Hsparse=0.000 alive=[0, 1, 2, 3, 4] incl=[0.178, 0.331, 0.116, 0.25, 0.124] nrmse=0.366 func=[-0.34, 0.42, 0.43]
[S4 s1] r=08 Hfull=1.431 Hsparse=0.000 alive=[0, 1, 2, 3, 4] incl=[0.174, 0.329, 0.123, 0.258, 0.116] nrmse=0.329 func=[-0.19, 0.43, 0.51]
[S4 s1] r=09 Hfull=1.433 Hsparse=0.000 alive=[0, 1, 2, 3, 4] incl=[0.178, 0.323, 0.126, 0.265, 0.108] nrmse=0.311 func=[-0.16, 0.47, 0.5]
[S4 s1] r=10 Hfull=1.166 Hsparse=0.000 alive=[0, 1, 2, 3, 4] incl=[0.183, 0.318, 0.131, 0.266, 0.101] nrmse=0.280 func=[-0.15, 0.51, 0.44]
[S4 s1] r=11 Hfull=1.161 Hsparse=0.000 alive=[0, 1, 2, 3, 4] incl=[0.183, 0.314, 0.139, 0.271, 0.093] nrmse=0.265 func=[-0.04, 0.53, 0.46]
[S4 s1] r=12 Hfull=1.147 Hsparse=0.000 alive=[0, 1, 2, 3, 4] incl=[0.183, 0.306, 0.147, 0.267, 0.097] nrmse=0.238 func=[0.07, 0.58, 0.49]
[S4 s1] r=13 Hfull=1.157 Hsparse=0.000 alive=[0, 1, 2, 3, 4] incl=[0.19, 0.304, 0.145, 0.262, 0.099] nrmse=0.214 func=[0.09, 0.61, 0.55]
[S4 s1] r=14 Hfull=1.184 Hsparse=0.000 alive=[0, 1, 2, 3, 4] incl=[0.206, 0.294, 0.148, 0.256, 0.097] nrmse=0.185 func=[0.28, 0.71, 0.59]
[S4 s1] r=15 Hfull=1.155 Hsparse=0.000 alive=[0, 1, 2, 3, 4] incl=[0.224, 0.275, 0.158, 0.246, 0.098] nrmse=0.155 func=[0.47, 0.81, 0.65]
[S4 s1] r=16 Hfull=1.120 Hsparse=0.000 alive=[0, 1, 2, 3, 4] incl=[0.235, 0.262, 0.165, 0.243, 0.096] nrmse=0.131 func=[0.55, 0.89, 0.66]
[S4 s1] r=17 Hfull=1.100 Hsparse=0.000 alive=[0, 1, 2, 3, 4] incl=[0.243, 0.25, 0.172, 0.242, 0.093] nrmse=0.113 func=[0.67, 0.93, 0.66]
[S4 s1] r=18 Hfull=1.078 Hsparse=0.000 alive=[0, 1, 2, 3, 4] incl=[0.256, 0.233, 0.178, 0.243, 0.09] nrmse=0.100 func=[0.76, 0.96, 0.7]
[S4 s1] r=19 Hfull=1.052 Hsparse=0.000 alive=[0, 1, 2, 3, 4] incl=[0.257, 0.226, 0.185, 0.245, 0.087] nrmse=0.091 func=[0.79, 0.97, 0.71]
[S4 s1] r=20 Hfull=0.649 Hsparse=0.000 alive=[0, 1, 2, 3, 4] incl=[0.261, 0.216, 0.193, 0.242, 0.089] nrmse=0.081 func=[0.83, 0.98, 0.75]
[S4 s1] r=21 Hfull=0.596 Hsparse=0.000 alive=[0, 1, 2, 3, 4] incl=[0.272, 0.199, 0.199, 0.249, 0.082] nrmse=0.071 func=[0.88, 0.99, 0.81]
[S4 s1] r=22 Hfull=0.573 Hsparse=0.000 alive=[0, 1, 2, 3, 4] incl=[0.282, 0.185, 0.202, 0.25, 0.08] nrmse=0.063 func=[0.91, 0.99, 0.87]
[S4 s1] r=23 Hfull=0.562 Hsparse=0.000 alive=[0, 1, 2, 3, 4] incl=[0.291, 0.177, 0.202, 0.251, 0.079] nrmse=0.061 func=[0.92, 1.0, 0.9]
[S4 s1] r=24 Hfull=0.545 Hsparse=0.000 alive=[0, 1, 2, 3, 4] incl=[0.294, 0.172, 0.204, 0.255, 0.075] nrmse=0.055 func=[0.93, 1.0, 0.92]
[S4 s1] r=25 Hfull=0.538 Hsparse=0.000 alive=[0, 1, 2, 3, 4] incl=[0.3, 0.163, 0.206, 0.254, 0.076] nrmse=0.052 func=[0.94, 1.0, 0.93]
[S4 s1] r=26 Hfull=0.535 Hsparse=0.000 alive=[0, 1, 2, 3, 4] incl=[0.301, 0.156, 0.212, 0.252, 0.078] nrmse=0.049 func=[0.95, 1.0, 0.94]
[S4 s1] r=27 Hfull=0.516 Hsparse=0.000 alive=[0, 1, 2, 3, 4] incl=[0.304, 0.151, 0.215, 0.253, 0.077] nrmse=0.051 func=[0.96, 1.0, 0.94]
[S4 s1] r=28 Hfull=0.513 Hsparse=0.000 alive=[0, 1, 2, 3, 4] incl=[0.306, 0.147, 0.216, 0.255, 0.075] nrmse=0.043 func=[0.96, 1.0, 0.95]
[S4 s1] r=29 Hfull=0.512 Hsparse=0.000 alive=[0, 1, 2, 3, 4] incl=[0.308, 0.145, 0.217, 0.256, 0.074] nrmse=0.042 func=[0.96, 1.0, 0.95]
[S4 s1] r=30 Hfull=0.358 Hsparse=0.000 alive=[0, 1, 2, 3, 4] incl=[0.308, 0.143, 0.22, 0.254, 0.076] nrmse=0.044 func=[0.97, 1.0, 0.95]
[S4 s1] r=31 Hfull=0.356 Hsparse=0.000 alive=[0, 1, 2, 3, 4] incl=[0.308, 0.14, 0.222, 0.253, 0.077] nrmse=0.045 func=[0.97, 1.0, 0.96]
[S4 s1] r=32 Hfull=0.357 Hsparse=0.000 alive=[0, 1, 2, 3, 4] incl=[0.314, 0.131, 0.225, 0.26, 0.07] nrmse=0.047 func=[0.98, 1.0, 0.96]
[S4 s1] r=33 Hfull=0.357 Hsparse=0.000 alive=[0, 1, 2, 3, 4] incl=[0.317, 0.128, 0.226, 0.262, 0.068] nrmse=0.043 func=[0.98, 1.0, 0.96]
[S4 s1] r=34 Hfull=0.355 Hsparse=0.000 alive=[0, 1, 2, 3, 4] incl=[0.316, 0.13, 0.224, 0.266, 0.064] nrmse=0.040 func=[0.98, 1.0, 0.97]
[S4 s1] r=35 Hfull=0.353 Hsparse=0.000 alive=[0, 1, 2, 3, 4] incl=[0.323, 0.119, 0.227, 0.268, 0.062] nrmse=0.033 func=[0.98, 1.0, 0.97]
[S4 s1] r=36 Hfull=0.352 Hsparse=0.000 alive=[0, 1, 2, 3, 4] incl=[0.337, 0.104, 0.229, 0.271, 0.059] nrmse=0.035 func=[0.99, 1.0, 0.98]
[S4 s1] r=37 Hfull=0.353 Hsparse=0.000 alive=[0, 1, 2, 3, 4] incl=[0.343, 0.1, 0.227, 0.269, 0.061] nrmse=0.035 func=[0.99, 1.0, 0.98]
[S4 s1] r=38 Hfull=0.355 Hsparse=0.000 alive=[0, 1, 2, 3, 4] incl=[0.343, 0.097, 0.23, 0.272, 0.059] nrmse=0.036 func=[0.99, 1.0, 0.98]
[S4 s1] r=39 Hfull=0.357 Hsparse=0.000 alive=[0, 1, 2, 3, 4] incl=[0.343, 0.101, 0.226, 0.278, 0.052] nrmse=0.050 func=[0.99, 1.0, 0.98]
{
  "variant": "S4",
  "seed": 1,
  "top_k": 1,
  "z4_pass": false,
  "major_mixing": false,
  "existence_tests": 25,
  "existence_deletes": 0,
  "existence_rollbacks": 0,
  "duplicate_prunes": 0,
  "m_discovered": null,
  "family_accuracy": 0.8523316062176166,
  "fragmentation": 0.1489803841937928,
  "b1_pass": false,
  "final_pass": false,
  "failure_mode": "F5_persistent_mixing_or_identity_failure"
}
[S4 s2] r=00 Hfull=1.170 Hsparse=0.000 alive=[0, 1, 2, 3, 4] incl=[0.155, 0.494, 0.16, 0.064, 0.128] nrmse=0.994 func=[0.12, 0.1, -0.0]
[S4 s2] r=01 Hfull=1.397 Hsparse=0.000 alive=[0, 1, 2, 3, 4] incl=[0.112, 0.339, 0.197, 0.185, 0.166] nrmse=0.802 func=[0.19, 0.46, 0.04]
[S4 s2] r=02 Hfull=1.408 Hsparse=0.000 alive=[0, 1, 2, 3, 4] incl=[0.085, 0.32, 0.219, 0.218, 0.158] nrmse=0.706 func=[0.11, 0.66, 0.15]
[S4 s2] r=03 Hfull=1.423 Hsparse=0.000 alive=[0, 1, 2, 3, 4] incl=[0.072, 0.317, 0.209, 0.235, 0.168] nrmse=0.607 func=[0.11, 0.78, 0.35]
[S4 s2] r=04 Hfull=1.451 Hsparse=0.000 alive=[0, 1, 2, 3, 4] incl=[0.06, 0.329, 0.189, 0.225, 0.197] nrmse=0.446 func=[0.33, 0.9, 0.52]
[S4 s2] r=05 Hfull=1.491 Hsparse=0.000 alive=[0, 1, 2, 3, 4] incl=[0.028, 0.348, 0.188, 0.217, 0.219] nrmse=0.310 func=[0.68, 0.98, 0.63]
[S4 s2] r=06 Hfull=1.507 Hsparse=0.000 alive=[0, 1, 2, 3, 4] incl=[0.034, 0.348, 0.168, 0.207, 0.242] nrmse=0.245 func=[0.83, 0.99, 0.74]
[S4 s2] r=07 Hfull=1.513 Hsparse=0.000 alive=[0, 1, 2, 3, 4] incl=[0.049, 0.348, 0.138, 0.201, 0.264] nrmse=0.192 func=[0.93, 0.99, 0.82]
[S4 s2] r=08 Hfull=1.503 Hsparse=0.000 alive=[0, 1, 2, 3, 4] incl=[0.04, 0.348, 0.115, 0.215, 0.281] nrmse=0.133 func=[0.97, 1.0, 0.92]
[S4 s2] r=09 Hfull=1.465 Hsparse=0.000 alive=[0, 1, 2, 3, 4] incl=[0.026, 0.348, 0.103, 0.227, 0.296] nrmse=0.097 func=[0.99, 1.0, 0.97]
[S4 s2] r=10 Hfull=1.167 Hsparse=0.000 alive=[0, 1, 2, 3, 4] incl=[0.014, 0.348, 0.089, 0.241, 0.308] nrmse=0.078 func=[0.99, 1.0, 0.98]
[S4 s2] r=11 Hfull=1.147 Hsparse=0.000 alive=[0, 1, 2, 3, 4] incl=[0.005, 0.348, 0.08, 0.25, 0.316] nrmse=0.068 func=[1.0, 1.0, 0.99]
[S4 s2] r=12 Hfull=1.137 Hsparse=0.000 alive=[0, 1, 2, 3, 4] incl=[0.002, 0.348, 0.074, 0.256, 0.32] nrmse=0.054 func=[1.0, 1.0, 0.99]
[S4 s2] r=13 Hfull=1.121 Hsparse=0.000 alive=[0, 1, 2, 3, 4] incl=[0.0, 0.348, 0.072, 0.258, 0.321] nrmse=0.049 func=[1.0, 1.0, 1.0]
[S4 s2] r=14 Hfull=1.113 Hsparse=0.000 alive=[0, 1, 2, 3, 4] incl=[0.0, 0.348, 0.056, 0.274, 0.321] nrmse=0.046 func=[1.0, 1.0, 1.0]
[S4 s2] r=15 Hfull=1.112 Hsparse=0.000 alive=[0, 1, 2, 3, 4] incl=[0.0, 0.348, 0.04, 0.29, 0.321] nrmse=0.042 func=[1.0, 1.0, 1.0]
[S4 s2] r=16 Hfull=1.108 Hsparse=0.000 alive=[0, 1, 2, 3, 4] incl=[0.0, 0.348, 0.032, 0.298, 0.321] nrmse=0.040 func=[1.0, 1.0, 1.0]
[S4 s2] r=17 Hfull=1.122 Hsparse=0.000 alive=[0, 1, 2, 3, 4] incl=[0.0, 0.348, 0.03, 0.3, 0.321] nrmse=0.036 func=[1.0, 1.0, 1.0]
[S4 s2] r=18 Hfull=1.113 Hsparse=0.000 alive=[0, 1, 2, 3, 4] incl=[0.0, 0.348, 0.02, 0.31, 0.321] nrmse=0.035 func=[1.0, 1.0, 1.0]
[S4 s2] r=19 Hfull=1.116 Hsparse=0.000 alive=[0, 1, 2, 3, 4] incl=[0.0, 0.348, 0.02, 0.31, 0.321] nrmse=0.037 func=[1.0, 1.0, 1.0]
[S4 s2] r=20 Hfull=0.730 Hsparse=0.000 alive=[1, 2, 3, 4] incl=[0.0, 0.348, 0.02, 0.31, 0.321] nrmse=0.034 func=[1.0, 1.0, 1.0]
[S4 s2] r=21 Hfull=0.868 Hsparse=0.000 alive=[1, 2, 3, 4] incl=[0.0, 0.348, 0.02, 0.31, 0.321] nrmse=0.034 func=[1.0, 1.0, 1.0]
[S4 s2] r=22 Hfull=0.868 Hsparse=0.000 alive=[1, 2, 3, 4] incl=[0.0, 0.348, 0.018, 0.312, 0.321] nrmse=0.032 func=[1.0, 1.0, 1.0]
[S4 s2] r=23 Hfull=0.872 Hsparse=0.000 alive=[1, 2, 3, 4] incl=[0.0, 0.348, 0.02, 0.31, 0.321] nrmse=0.036 func=[1.0, 1.0, 1.0]
[S4 s2] r=24 Hfull=0.866 Hsparse=0.000 alive=[1, 2, 3, 4] incl=[0.0, 0.348, 0.016, 0.314, 0.321] nrmse=0.028 func=[1.0, 1.0, 1.0]
[S4 s2] r=25 Hfull=0.868 Hsparse=0.000 alive=[1, 3, 4] incl=[0.0, 0.348, 0.014, 0.316, 0.321] nrmse=0.027 func=[1.0, 1.0, 1.0]
[S4 s2] r=26 Hfull=0.812 Hsparse=0.000 alive=[1, 3, 4] incl=[0.0, 0.348, 0.0, 0.33, 0.321] nrmse=0.027 func=[1.0, 1.0, 1.0]
[S4 s2] r=27 Hfull=0.813 Hsparse=0.000 alive=[1, 3, 4] incl=[0.0, 0.348, 0.0, 0.33, 0.321] nrmse=0.032 func=[1.0, 1.0, 1.0]
[S4 s2] r=28 Hfull=0.812 Hsparse=0.000 alive=[1, 3, 4] incl=[0.0, 0.348, 0.0, 0.33, 0.321] nrmse=0.031 func=[1.0, 1.0, 1.0]
[S4 s2] r=29 Hfull=0.812 Hsparse=0.000 alive=[1, 3, 4] incl=[0.0, 0.348, 0.0, 0.33, 0.321] nrmse=0.026 func=[1.0, 1.0, 1.0]
[S4 s2] r=30 Hfull=0.485 Hsparse=0.000 alive=[1, 3, 4] incl=[0.0, 0.348, 0.0, 0.33, 0.321] nrmse=0.021 func=[1.0, 1.0, 1.0]
[S4 s2] r=31 Hfull=0.484 Hsparse=0.000 alive=[1, 3, 4] incl=[0.0, 0.348, 0.0, 0.33, 0.321] nrmse=0.030 func=[1.0, 1.0, 1.0]
[S4 s2] r=32 Hfull=0.485 Hsparse=0.000 alive=[1, 3, 4] incl=[0.0, 0.348, 0.0, 0.33, 0.321] nrmse=0.044 func=[1.0, 1.0, 1.0]
[S4 s2] r=33 Hfull=0.483 Hsparse=0.000 alive=[1, 3, 4] incl=[0.0, 0.348, 0.0, 0.33, 0.321] nrmse=0.022 func=[1.0, 1.0, 1.0]
[S4 s2] r=34 Hfull=0.484 Hsparse=0.000 alive=[1, 3, 4] incl=[0.0, 0.348, 0.0, 0.33, 0.321] nrmse=0.036 func=[1.0, 1.0, 1.0]
[S4 s2] r=35 Hfull=0.485 Hsparse=0.000 alive=[1, 3, 4] incl=[0.0, 0.348, 0.0, 0.33, 0.321] nrmse=0.028 func=[1.0, 1.0, 1.0]
[S4 s2] r=36 Hfull=0.484 Hsparse=0.000 alive=[1, 3, 4] incl=[0.0, 0.348, 0.0, 0.33, 0.321] nrmse=0.025 func=[1.0, 1.0, 1.0]
[S4 s2] r=37 Hfull=0.485 Hsparse=0.000 alive=[1, 3, 4] incl=[0.0, 0.348, 0.0, 0.33, 0.321] nrmse=0.021 func=[1.0, 1.0, 1.0]
[S4 s2] r=38 Hfull=0.483 Hsparse=0.000 alive=[1, 3, 4] incl=[0.0, 0.348, 0.0, 0.33, 0.321] nrmse=0.043 func=[1.0, 1.0, 1.0]
[S4 s2] r=39 Hfull=0.484 Hsparse=0.000 alive=[1, 3, 4] incl=[0.0, 0.348, 0.0, 0.33, 0.321] nrmse=0.017 func=[1.0, 1.0, 1.0]
[B1 adp12_S4_2_test_iid] 1024/20000
[B1 adp12_S4_2_test_iid] 2048/20000
[B1 adp12_S4_2_test_iid] 3072/20000
[B1 adp12_S4_2_test_iid] 4096/20000
[B1 adp12_S4_2_test_iid] 5120/20000
[B1 adp12_S4_2_test_iid] 6144/20000
[B1 adp12_S4_2_test_iid] 7168/20000
[B1 adp12_S4_2_test_iid] 8192/20000
[B1 adp12_S4_2_test_iid] 9216/20000
[B1 adp12_S4_2_test_iid] 10240/20000
[B1 adp12_S4_2_test_iid] 11264/20000
[B1 adp12_S4_2_test_iid] 12288/20000
[B1 adp12_S4_2_test_iid] 13312/20000
[B1 adp12_S4_2_test_iid] 14336/20000
[B1 adp12_S4_2_test_iid] 15360/20000
[B1 adp12_S4_2_test_iid] 16384/20000
[B1 adp12_S4_2_test_iid] 17408/20000
[B1 adp12_S4_2_test_iid] 18432/20000
[B1 adp12_S4_2_test_iid] 19456/20000
[B1 adp12_S4_2_test_iid] 20000/20000
[B1 test_iid] nrmse=0.0246 F1micro=0.998 minR2=0.999
[B1 adp12_S4_2_test_combination_101] 1024/20000
[B1 adp12_S4_2_test_combination_101] 2048/20000
[B1 adp12_S4_2_test_combination_101] 3072/20000
[B1 adp12_S4_2_test_combination_101] 4096/20000
[B1 adp12_S4_2_test_combination_101] 5120/20000
[B1 adp12_S4_2_test_combination_101] 6144/20000
[B1 adp12_S4_2_test_combination_101] 7168/20000
[B1 adp12_S4_2_test_combination_101] 8192/20000
[B1 adp12_S4_2_test_combination_101] 9216/20000
[B1 adp12_S4_2_test_combination_101] 10240/20000
[B1 adp12_S4_2_test_combination_101] 11264/20000
[B1 adp12_S4_2_test_combination_101] 12288/20000
[B1 adp12_S4_2_test_combination_101] 13312/20000
[B1 adp12_S4_2_test_combination_101] 14336/20000
[B1 adp12_S4_2_test_combination_101] 15360/20000
[B1 adp12_S4_2_test_combination_101] 16384/20000
[B1 adp12_S4_2_test_combination_101] 17408/20000
[B1 adp12_S4_2_test_combination_101] 18432/20000
[B1 adp12_S4_2_test_combination_101] 19456/20000
[B1 adp12_S4_2_test_combination_101] 20000/20000
[B1 test_combination_101] nrmse=0.0274 F1micro=0.998 minR2=0.999
{
  "variant": "S4",
  "seed": 2,
  "top_k": 1,
  "z4_pass": true,
  "major_mixing": false,
  "existence_tests": 18,
  "existence_deletes": 2,
  "existence_rollbacks": 0,
  "duplicate_prunes": 0,
  "m_discovered": 3,
  "family_accuracy": 1.0,
  "fragmentation": 0.0,
  "b1_pass": true,
  "final_pass": true,
  "failure_mode": null
}
{
  "stage": "adp13_pilot",
  "seeds": [
    0,
    1,
    2
  ],
  "variants": {
    "S1": {
      "z4_pass": 1,
      "major_mixing": 0,
      "end_to_end_pass": 0,
      "rollbacks": 0
    },
    "S2": {
      "z4_pass": 1,
      "major_mixing": 0,
      "end_to_end_pass": 0,
      "rollbacks": 0
    },
    "S3": {
      "z4_pass": 1,
      "major_mixing": 1,
      "end_to_end_pass": 0,
      "rollbacks": 0
    },
    "S4": {
      "z4_pass": 2,
      "major_mixing": 0,
      "end_to_end_pass": 2,
      "rollbacks": 0
    }
  },
  "s2_pilot_gate": false,
  "pass": false,
  "decision": "STOP"
}
