D2 tp=orthogonal seed=2 source=E:\codes_python\relation latent world\E0\outputs\e0a\main\orthogonal\seed_2\best_checkpoint.pt device=cpu
probe=participation/linear step=0000 loss=0.783880
probe=participation/linear step=0100 loss=0.732575
probe=participation/linear step=0200 loss=0.714494
probe=participation/linear step=0300 loss=0.697323
probe=participation/linear step=0400 loss=0.689638
probe=participation/linear step=0500 loss=0.681934
probe=participation/linear step=0600 loss=0.678388
probe=participation/linear step=0700 loss=0.676239
probe=participation/linear step=0800 loss=0.670482
probe=participation/linear step=0900 loss=0.674276
probe=participation/linear step=1000 loss=0.673672
probe=participation/linear step=1100 loss=0.671331
probe=participation/linear step=1200 loss=0.676034
probe=participation/linear step=1300 loss=0.667831
probe=participation/linear step=1400 loss=0.670599
probe=participation/linear step=1500 loss=0.670241
probe=participation/linear step=1600 loss=0.671084
probe=participation/linear step=1700 loss=0.679916
probe=participation/linear step=1800 loss=0.672001
probe=participation/linear step=1900 loss=0.670932
probe=participation/linear step=1999 loss=0.671991
probe=participation/mlp step=0000 loss=0.691940
probe=participation/mlp step=0100 loss=0.508367
probe=participation/mlp step=0200 loss=0.426864
probe=participation/mlp step=0300 loss=0.377394
probe=participation/mlp step=0400 loss=0.360995
probe=participation/mlp step=0500 loss=0.341391
probe=participation/mlp step=0600 loss=0.321975
probe=participation/mlp step=0700 loss=0.295733
probe=participation/mlp step=0800 loss=0.305329
probe=participation/mlp step=0900 loss=0.283615
probe=participation/mlp step=1000 loss=0.269229
probe=participation/mlp step=1100 loss=0.297977
probe=participation/mlp step=1200 loss=0.282487
probe=participation/mlp step=1300 loss=0.277310
probe=participation/mlp step=1400 loss=0.262415
probe=participation/mlp step=1500 loss=0.264756
probe=participation/mlp step=1600 loss=0.252104
probe=participation/mlp step=1700 loss=0.240491
probe=participation/mlp step=1800 loss=0.239461
probe=participation/mlp step=1900 loss=0.242939
probe=participation/mlp step=1999 loss=0.240432
probe=realization/linear step=0000 loss=0.887501
probe=realization/linear step=0100 loss=0.587542
probe=realization/linear step=0200 loss=0.412677
probe=realization/linear step=0300 loss=0.340939
probe=realization/linear step=0400 loss=0.292428
probe=realization/linear step=0500 loss=0.267511
probe=realization/linear step=0600 loss=0.238663
probe=realization/linear step=0700 loss=0.244487
probe=realization/linear step=0800 loss=0.239671
probe=realization/linear step=0900 loss=0.237822
probe=realization/linear step=1000 loss=0.234899
probe=realization/linear step=1100 loss=0.236143
probe=realization/linear step=1200 loss=0.240614
probe=realization/linear step=1300 loss=0.226224
probe=realization/linear step=1400 loss=0.231965
probe=realization/linear step=1500 loss=0.229324
probe=realization/linear step=1600 loss=0.231649
probe=realization/linear step=1700 loss=0.231384
probe=realization/linear step=1800 loss=0.242836
probe=realization/linear step=1900 loss=0.240021
probe=realization/linear step=1999 loss=0.238771
probe=realization/mlp step=0000 loss=0.481395
probe=realization/mlp step=0100 loss=0.206553
probe=realization/mlp step=0200 loss=0.207691
probe=realization/mlp step=0300 loss=0.188603
probe=realization/mlp step=0400 loss=0.206103
probe=realization/mlp step=0500 loss=0.195336
probe=realization/mlp step=0600 loss=0.181337
probe=realization/mlp step=0700 loss=0.182555
probe=realization/mlp step=0800 loss=0.171465
probe=realization/mlp step=0900 loss=0.191895
probe=realization/mlp step=1000 loss=0.188793
probe=realization/mlp step=1100 loss=0.186990
probe=realization/mlp step=1200 loss=0.179757
probe=realization/mlp step=1300 loss=0.191448
probe=realization/mlp step=1400 loss=0.174896
probe=realization/mlp step=1500 loss=0.171130
probe=realization/mlp step=1600 loss=0.162932
probe=realization/mlp step=1700 loss=0.164315
probe=realization/mlp step=1800 loss=0.164364
probe=realization/mlp step=1900 loss=0.165343
probe=realization/mlp step=1999 loss=0.170523
