D2 tp=identity seed=0 source=E:\codes_python\relation latent world\E0\outputs\e0a\main\identity\seed_0\best_checkpoint.pt device=cuda
probe=participation/linear step=0000 loss=0.756008
probe=participation/linear step=0100 loss=0.729591
probe=participation/linear step=0200 loss=0.704582
probe=participation/linear step=0300 loss=0.693712
probe=participation/linear step=0400 loss=0.686063
probe=participation/linear step=0500 loss=0.679255
probe=participation/linear step=0600 loss=0.676469
probe=participation/linear step=0700 loss=0.678799
probe=participation/linear step=0800 loss=0.674701
probe=participation/linear step=0900 loss=0.674330
probe=participation/linear step=1000 loss=0.675768
probe=participation/linear step=1100 loss=0.679266
probe=participation/linear step=1200 loss=0.672946
probe=participation/linear step=1300 loss=0.667666
probe=participation/linear step=1400 loss=0.671401
probe=participation/linear step=1500 loss=0.668456
probe=participation/linear step=1600 loss=0.672898
probe=participation/linear step=1700 loss=0.671189
probe=participation/linear step=1800 loss=0.666712
probe=participation/linear step=1900 loss=0.668445
probe=participation/linear step=1999 loss=0.672284
probe=participation/mlp step=0000 loss=0.698314
probe=participation/mlp step=0100 loss=0.500140
probe=participation/mlp step=0200 loss=0.393809
probe=participation/mlp step=0300 loss=0.376388
probe=participation/mlp step=0400 loss=0.347626
probe=participation/mlp step=0500 loss=0.322309
probe=participation/mlp step=0600 loss=0.304631
probe=participation/mlp step=0700 loss=0.278924
probe=participation/mlp step=0800 loss=0.264277
probe=participation/mlp step=0900 loss=0.253110
probe=participation/mlp step=1000 loss=0.252139
probe=participation/mlp step=1100 loss=0.243032
probe=participation/mlp step=1200 loss=0.225084
probe=participation/mlp step=1300 loss=0.233745
probe=participation/mlp step=1400 loss=0.226383
probe=participation/mlp step=1500 loss=0.226222
probe=participation/mlp step=1600 loss=0.213282
probe=participation/mlp step=1700 loss=0.214353
probe=participation/mlp step=1800 loss=0.208054
probe=participation/mlp step=1900 loss=0.198713
probe=participation/mlp step=1999 loss=0.195692
probe=realization/linear step=0000 loss=1.301416
probe=realization/linear step=0100 loss=0.880883
probe=realization/linear step=0200 loss=0.626582
probe=realization/linear step=0300 loss=0.470790
probe=realization/linear step=0400 loss=0.371565
probe=realization/linear step=0500 loss=0.323948
probe=realization/linear step=0600 loss=0.285253
probe=realization/linear step=0700 loss=0.274611
probe=realization/linear step=0800 loss=0.255623
probe=realization/linear step=0900 loss=0.265765
probe=realization/linear step=1000 loss=0.229162
probe=realization/linear step=1100 loss=0.246074
probe=realization/linear step=1200 loss=0.243391
probe=realization/linear step=1300 loss=0.241502
probe=realization/linear step=1400 loss=0.235569
probe=realization/linear step=1500 loss=0.250430
probe=realization/linear step=1600 loss=0.230875
probe=realization/linear step=1700 loss=0.226024
probe=realization/linear step=1800 loss=0.213931
probe=realization/linear step=1900 loss=0.244048
probe=realization/linear step=1999 loss=0.232403
probe=realization/mlp step=0000 loss=0.465387
probe=realization/mlp step=0100 loss=0.222986
probe=realization/mlp step=0200 loss=0.206188
probe=realization/mlp step=0300 loss=0.199010
probe=realization/mlp step=0400 loss=0.184953
probe=realization/mlp step=0500 loss=0.186720
probe=realization/mlp step=0600 loss=0.186549
probe=realization/mlp step=0700 loss=0.173434
probe=realization/mlp step=0800 loss=0.166975
probe=realization/mlp step=0900 loss=0.201337
probe=realization/mlp step=1000 loss=0.162924
probe=realization/mlp step=1100 loss=0.164736
probe=realization/mlp step=1200 loss=0.188341
probe=realization/mlp step=1300 loss=0.176469
probe=realization/mlp step=1400 loss=0.168556
probe=realization/mlp step=1500 loss=0.155631
probe=realization/mlp step=1600 loss=0.169528
probe=realization/mlp step=1700 loss=0.167319
probe=realization/mlp step=1800 loss=0.167360
probe=realization/mlp step=1900 loss=0.173877
probe=realization/mlp step=1999 loss=0.159538
D2 tp=identity seed=0 source=E:\codes_python\relation latent world\E0\outputs\e0a\main\identity\seed_0\best_checkpoint.pt device=cpu
probe=participation/linear step=0000 loss=0.756016
probe=participation/linear step=0100 loss=0.729598
probe=participation/linear step=0200 loss=0.704583
probe=participation/linear step=0300 loss=0.693713
probe=participation/linear step=0400 loss=0.686065
probe=participation/linear step=0500 loss=0.679254
probe=participation/linear step=0600 loss=0.676468
probe=participation/linear step=0700 loss=0.678799
probe=participation/linear step=0800 loss=0.674701
probe=participation/linear step=0900 loss=0.674330
probe=participation/linear step=1000 loss=0.675768
probe=participation/linear step=1100 loss=0.679267
probe=participation/linear step=1200 loss=0.672947
probe=participation/linear step=1300 loss=0.667665
probe=participation/linear step=1400 loss=0.671398
probe=participation/linear step=1500 loss=0.668454
probe=participation/linear step=1600 loss=0.672896
probe=participation/linear step=1700 loss=0.671188
probe=participation/linear step=1800 loss=0.666712
probe=participation/linear step=1900 loss=0.668442
probe=participation/linear step=1999 loss=0.672284
probe=participation/mlp step=0000 loss=0.698314
probe=participation/mlp step=0100 loss=0.500145
probe=participation/mlp step=0200 loss=0.393798
probe=participation/mlp step=0300 loss=0.376377
probe=participation/mlp step=0400 loss=0.347622
probe=participation/mlp step=0500 loss=0.322316
probe=participation/mlp step=0600 loss=0.304597
probe=participation/mlp step=0700 loss=0.278904
probe=participation/mlp step=0800 loss=0.264253
probe=participation/mlp step=0900 loss=0.253082
probe=participation/mlp step=1000 loss=0.252145
probe=participation/mlp step=1100 loss=0.243035
probe=participation/mlp step=1200 loss=0.225091
probe=participation/mlp step=1300 loss=0.233783
probe=participation/mlp step=1400 loss=0.226372
probe=participation/mlp step=1500 loss=0.226221
probe=participation/mlp step=1600 loss=0.213299
probe=participation/mlp step=1700 loss=0.214302
probe=participation/mlp step=1800 loss=0.208005
probe=participation/mlp step=1900 loss=0.198692
probe=participation/mlp step=1999 loss=0.195668
probe=realization/linear step=0000 loss=1.301354
probe=realization/linear step=0100 loss=0.880863
probe=realization/linear step=0200 loss=0.626565
probe=realization/linear step=0300 loss=0.470799
probe=realization/linear step=0400 loss=0.371570
probe=realization/linear step=0500 loss=0.323957
probe=realization/linear step=0600 loss=0.285252
probe=realization/linear step=0700 loss=0.274611
probe=realization/linear step=0800 loss=0.255627
probe=realization/linear step=0900 loss=0.265764
probe=realization/linear step=1000 loss=0.229164
probe=realization/linear step=1100 loss=0.246072
probe=realization/linear step=1200 loss=0.243391
probe=realization/linear step=1300 loss=0.241510
probe=realization/linear step=1400 loss=0.235574
probe=realization/linear step=1500 loss=0.250430
probe=realization/linear step=1600 loss=0.230879
probe=realization/linear step=1700 loss=0.226028
probe=realization/linear step=1800 loss=0.213932
probe=realization/linear step=1900 loss=0.244052
probe=realization/linear step=1999 loss=0.232399
probe=realization/mlp step=0000 loss=0.465381
probe=realization/mlp step=0100 loss=0.222986
probe=realization/mlp step=0200 loss=0.206191
probe=realization/mlp step=0300 loss=0.199008
probe=realization/mlp step=0400 loss=0.184956
probe=realization/mlp step=0500 loss=0.186722
probe=realization/mlp step=0600 loss=0.186562
probe=realization/mlp step=0700 loss=0.173441
probe=realization/mlp step=0800 loss=0.166972
probe=realization/mlp step=0900 loss=0.201349
probe=realization/mlp step=1000 loss=0.162925
probe=realization/mlp step=1100 loss=0.164729
probe=realization/mlp step=1200 loss=0.188344
probe=realization/mlp step=1300 loss=0.176471
probe=realization/mlp step=1400 loss=0.168554
probe=realization/mlp step=1500 loss=0.155620
probe=realization/mlp step=1600 loss=0.169516
probe=realization/mlp step=1700 loss=0.167320
probe=realization/mlp step=1800 loss=0.167367
probe=realization/mlp step=1900 loss=0.173871
probe=realization/mlp step=1999 loss=0.159546
