D2 tp=orthogonal seed=1 source=E:\codes_python\relation latent world\E0\outputs\e0a\main\orthogonal\seed_1\best_checkpoint.pt device=cpu
probe=participation/linear step=0000 loss=0.773408
probe=participation/linear step=0100 loss=0.715892
probe=participation/linear step=0200 loss=0.692213
probe=participation/linear step=0300 loss=0.688824
probe=participation/linear step=0400 loss=0.672411
probe=participation/linear step=0500 loss=0.679832
probe=participation/linear step=0600 loss=0.671190
probe=participation/linear step=0700 loss=0.672322
probe=participation/linear step=0800 loss=0.670321
probe=participation/linear step=0900 loss=0.676566
probe=participation/linear step=1000 loss=0.667723
probe=participation/linear step=1100 loss=0.666013
probe=participation/linear step=1200 loss=0.671004
probe=participation/linear step=1300 loss=0.672519
probe=participation/linear step=1400 loss=0.673608
probe=participation/linear step=1500 loss=0.668384
probe=participation/linear step=1600 loss=0.670829
probe=participation/linear step=1700 loss=0.671314
probe=participation/linear step=1800 loss=0.676918
probe=participation/linear step=1900 loss=0.675292
probe=participation/linear step=1999 loss=0.666992
probe=participation/mlp step=0000 loss=0.685847
probe=participation/mlp step=0100 loss=0.495450
probe=participation/mlp step=0200 loss=0.400094
probe=participation/mlp step=0300 loss=0.341705
probe=participation/mlp step=0400 loss=0.309555
probe=participation/mlp step=0500 loss=0.312421
probe=participation/mlp step=0600 loss=0.293659
probe=participation/mlp step=0700 loss=0.297383
probe=participation/mlp step=0800 loss=0.272553
probe=participation/mlp step=0900 loss=0.247777
probe=participation/mlp step=1000 loss=0.254868
probe=participation/mlp step=1100 loss=0.261835
probe=participation/mlp step=1200 loss=0.256064
probe=participation/mlp step=1300 loss=0.237387
probe=participation/mlp step=1400 loss=0.233202
probe=participation/mlp step=1500 loss=0.230968
probe=participation/mlp step=1600 loss=0.218084
probe=participation/mlp step=1700 loss=0.217326
probe=participation/mlp step=1800 loss=0.220347
probe=participation/mlp step=1900 loss=0.216571
probe=participation/mlp step=1999 loss=0.218086
probe=realization/linear step=0000 loss=0.710681
probe=realization/linear step=0100 loss=0.488141
probe=realization/linear step=0200 loss=0.368588
probe=realization/linear step=0300 loss=0.317877
probe=realization/linear step=0400 loss=0.283864
probe=realization/linear step=0500 loss=0.269924
probe=realization/linear step=0600 loss=0.246705
probe=realization/linear step=0700 loss=0.250652
probe=realization/linear step=0800 loss=0.237813
probe=realization/linear step=0900 loss=0.231820
probe=realization/linear step=1000 loss=0.233216
probe=realization/linear step=1100 loss=0.224722
probe=realization/linear step=1200 loss=0.229862
probe=realization/linear step=1300 loss=0.230764
probe=realization/linear step=1400 loss=0.245287
probe=realization/linear step=1500 loss=0.248240
probe=realization/linear step=1600 loss=0.233437
probe=realization/linear step=1700 loss=0.233984
probe=realization/linear step=1800 loss=0.236607
probe=realization/linear step=1900 loss=0.242118
probe=realization/linear step=1999 loss=0.232292
probe=realization/mlp step=0000 loss=0.466277
probe=realization/mlp step=0100 loss=0.216830
probe=realization/mlp step=0200 loss=0.194439
probe=realization/mlp step=0300 loss=0.195603
probe=realization/mlp step=0400 loss=0.190453
probe=realization/mlp step=0500 loss=0.200946
probe=realization/mlp step=0600 loss=0.175023
probe=realization/mlp step=0700 loss=0.178938
probe=realization/mlp step=0800 loss=0.169821
probe=realization/mlp step=0900 loss=0.174989
probe=realization/mlp step=1000 loss=0.177709
probe=realization/mlp step=1100 loss=0.170774
probe=realization/mlp step=1200 loss=0.180642
probe=realization/mlp step=1300 loss=0.173403
probe=realization/mlp step=1400 loss=0.178028
probe=realization/mlp step=1500 loss=0.170892
probe=realization/mlp step=1600 loss=0.164609
probe=realization/mlp step=1700 loss=0.160918
probe=realization/mlp step=1800 loss=0.180294
probe=realization/mlp step=1900 loss=0.178053
probe=realization/mlp step=1999 loss=0.169997
