[H1 s0] r=00 H=1.364 alive=[0, 1, 2, 3, 4] ema=[0.19900000095367432, 0.1979999989271164, 0.19900000095367432, 0.2029999941587448, 0.20100000500679016] nrmse=0.940 func=[0.16, 0.27, -0.01]
[H1 s0] r=01 H=1.383 alive=[0, 1, 2, 3, 4] ema=[0.1979999989271164, 0.19599999487400055, 0.1979999989271164, 0.20499999821186066, 0.2029999941587448] nrmse=0.838 func=[0.17, 0.5, -0.09]
[H1 s0] r=02 H=1.390 alive=[0, 1, 2, 3, 4] ema=[0.19699999690055847, 0.19599999487400055, 0.19699999690055847, 0.20499999821186066, 0.20399999618530273] nrmse=0.811 func=[0.09, 0.55, -0.01]
[H1 s0] r=03 H=1.423 alive=[0, 1, 2, 3, 4] ema=[0.1979999989271164, 0.19699999690055847, 0.19699999690055847, 0.20499999821186066, 0.2029999941587448] nrmse=0.783 func=[0.09, 0.61, 0.07]
[H1 s0] r=04 H=1.424 alive=[0, 1, 2, 3, 4] ema=[0.19699999690055847, 0.19699999690055847, 0.19699999690055847, 0.20600000023841858, 0.2029999941587448] nrmse=0.763 func=[0.12, 0.61, 0.23]
[H1 s0] r=05 H=1.431 alive=[0, 1, 2, 3, 4] ema=[0.19699999690055847, 0.19699999690055847, 0.19599999487400055, 0.20600000023841858, 0.2029999941587448] nrmse=0.748 func=[0.09, 0.64, 0.36]
[H1 s0] r=06 H=1.398 alive=[0, 1, 2, 3, 4] ema=[0.19499999284744263, 0.19599999487400055, 0.19499999284744263, 0.20999999344348907, 0.20399999618530273] nrmse=0.738 func=[0.06, 0.67, 0.37]
[H1 s0] r=07 H=1.393 alive=[0, 1, 2, 3, 4] ema=[0.1940000057220459, 0.19499999284744263, 0.1940000057220459, 0.21199999749660492, 0.20399999618530273] nrmse=0.730 func=[0.09, 0.68, 0.36]
[H1 s0] r=08 H=1.355 alive=[0, 1, 2, 3, 4] ema=[0.19300000369548798, 0.19499999284744263, 0.19200000166893005, 0.21299999952316284, 0.20800000429153442] nrmse=0.685 func=[0.06, 0.66, 0.31]
[H1 s0] r=09 H=1.326 alive=[0, 1, 2, 3, 4] ema=[0.19099999964237213, 0.1940000057220459, 0.19099999964237213, 0.21699999272823334, 0.20800000429153442] nrmse=0.677 func=[0.06, 0.62, 0.43]
[H1 s0] r=10 H=1.061 alive=[0, 1, 2, 3, 4] ema=[0.1860000044107437, 0.1899999976158142, 0.1850000023841858, 0.2290000021457672, 0.20999999344348907] nrmse=0.593 func=[0.07, 0.58, 0.47]
[H1 s0] r=11 H=1.038 alive=[0, 1, 2, 3, 4] ema=[0.18199999630451202, 0.1860000044107437, 0.18199999630451202, 0.23999999463558197, 0.20999999344348907] nrmse=0.519 func=[-0.13, 0.48, 0.58]
[H1 s0] r=12 H=1.006 alive=[0, 1, 2, 3, 4] ema=[0.17900000512599945, 0.1850000023841858, 0.18000000715255737, 0.24699999392032623, 0.20900000631809235] nrmse=0.475 func=[-0.15, 0.43, 0.61]
[H1 s0] r=13 H=0.967 alive=[0, 1, 2, 3, 4] ema=[0.17599999904632568, 0.18199999630451202, 0.17800000309944153, 0.2549999952316284, 0.20800000429153442] nrmse=0.442 func=[-0.16, 0.38, 0.68]
[H1 s0] r=14 H=0.945 alive=[0, 1, 2, 3, 4] ema=[0.17399999499320984, 0.18000000715255737, 0.1770000010728836, 0.26100000739097595, 0.2070000022649765] nrmse=0.422 func=[-0.17, 0.36, 0.74]
[H1 s0] r=15 H=0.901 alive=[0, 1, 2, 3, 4] ema=[0.17299999296665192, 0.17900000512599945, 0.17599999904632568, 0.2669999897480011, 0.20499999821186066] nrmse=0.392 func=[-0.18, 0.37, 0.8]
[H1 s0] r=16 H=0.848 alive=[0, 1, 2, 3, 4] ema=[0.17100000381469727, 0.18000000715255737, 0.17399999499320984, 0.2720000147819519, 0.2029999941587448] nrmse=0.372 func=[-0.08, 0.34, 0.83]
[H1 s0] r=17 H=0.712 alive=[0, 1, 2, 3, 4] ema=[0.1679999977350235, 0.18199999630451202, 0.1720000058412552, 0.27900001406669617, 0.19900000095367432] nrmse=0.327 func=[-0.12, 0.33, 0.91]
[H1 s0] r=18 H=0.624 alive=[0, 1, 2, 3, 4] ema=[0.16599999368190765, 0.18700000643730164, 0.17000000178813934, 0.2849999964237213, 0.19200000166893005] nrmse=0.280 func=[-0.17, 0.26, 0.96]
[H1 s0] r=19 H=0.575 alive=[0, 1, 2, 3, 4] ema=[0.16300000250339508, 0.19200000166893005, 0.1679999977350235, 0.2919999957084656, 0.1850000023841858] nrmse=0.251 func=[-0.1, 0.3, 0.98]
[H1 s0] r=20 H=0.427 alive=[0, 1, 2, 3, 4] ema=[0.16099999845027924, 0.19900000095367432, 0.16599999368190765, 0.30000001192092896, 0.17399999499320984] nrmse=0.217 func=[-0.12, 0.31, 0.98]
[H1 s0] r=21 H=0.427 alive=[0, 1, 2, 3, 4] ema=[0.16099999845027924, 0.20399999618530273, 0.16300000250339508, 0.3059999942779541, 0.16599999368190765] nrmse=0.196 func=[-0.11, 0.29, 0.99]
[H1 s0] r=22 H=0.425 alive=[0, 1, 2, 3, 4] ema=[0.16099999845027924, 0.2070000022649765, 0.16300000250339508, 0.3100000023841858, 0.1589999943971634] nrmse=0.189 func=[-0.04, 0.27, 0.99]
[H1 s0] r=23 H=0.426 alive=[0, 1, 2, 3, 4] ema=[0.16200000047683716, 0.20900000631809235, 0.16300000250339508, 0.31200000643730164, 0.15399999916553497] nrmse=0.164 func=[-0.01, 0.27, 0.99]
[H1 s0] r=24 H=0.419 alive=[0, 1, 2, 3, 4] ema=[0.16300000250339508, 0.20900000631809235, 0.164000004529953, 0.3140000104904175, 0.15000000596046448] nrmse=0.154 func=[-0.01, 0.24, 0.99]
[H1 s0] r=25 H=0.407 alive=[0, 1, 2, 3, 4] ema=[0.164000004529953, 0.20900000631809235, 0.16500000655651093, 0.3149999976158142, 0.1469999998807907] nrmse=0.145 func=[0.02, 0.28, 0.99]
[H1 s0] r=26 H=0.405 alive=[0, 1, 2, 3, 4] ema=[0.16599999368190765, 0.20800000429153442, 0.16699999570846558, 0.3149999976158142, 0.14499999582767487] nrmse=0.133 func=[0.0, 0.27, 0.99]
[H1 s0] r=27 H=0.397 alive=[0, 1, 2, 3, 4] ema=[0.1679999977350235, 0.20600000023841858, 0.1679999977350235, 0.3149999976158142, 0.14399999380111694] nrmse=0.126 func=[0.02, 0.27, 0.99]
[H1 s0] r=28 H=0.391 alive=[0, 1, 2, 3, 4] ema=[0.17100000381469727, 0.2029999941587448, 0.1679999977350235, 0.3140000104904175, 0.14300000667572021] nrmse=0.119 func=[-0.02, 0.29, 0.99]
[H1 s0] r=29 H=0.392 alive=[0, 1, 2, 3, 4] ema=[0.1720000058412552, 0.20100000500679016, 0.17000000178813934, 0.3140000104904175, 0.14300000667572021] nrmse=0.112 func=[0.04, 0.31, 1.0]
[H1 s0] r=30 H=0.353 alive=[0, 1, 2, 3, 4] ema=[0.17299999296665192, 0.19900000095367432, 0.1720000058412552, 0.31299999356269836, 0.14300000667572021] nrmse=0.107 func=[0.04, 0.3, 0.99]
[H1 s0] r=31 H=0.350 alive=[0, 1, 2, 3, 4] ema=[0.17399999499320984, 0.1979999989271164, 0.17499999701976776, 0.31200000643730164, 0.1420000046491623] nrmse=0.100 func=[0.08, 0.31, 1.0]
[H1 s0] r=32 H=0.350 alive=[0, 1, 2, 3, 4] ema=[0.17499999701976776, 0.19599999487400055, 0.17599999904632568, 0.3100000023841858, 0.1420000046491623] nrmse=0.091 func=[0.07, 0.34, 1.0]
[H1 s0] r=33 H=0.350 alive=[0, 1, 2, 3, 4] ema=[0.17599999904632568, 0.1940000057220459, 0.17900000512599945, 0.3089999854564667, 0.1420000046491623] nrmse=0.085 func=[0.1, 0.32, 1.0]
[H1 s0] r=34 H=0.350 alive=[0, 1, 2, 3, 4] ema=[0.17599999904632568, 0.19300000369548798, 0.1809999942779541, 0.30799999833106995, 0.14300000667572021] nrmse=0.089 func=[0.1, 0.32, 1.0]
[H1 s0] r=35 H=0.347 alive=[0, 1, 2, 3, 4] ema=[0.17599999904632568, 0.1899999976158142, 0.18400000035762787, 0.3059999942779541, 0.14399999380111694] nrmse=0.078 func=[0.14, 0.35, 1.0]
[H1 s0] r=36 H=0.347 alive=[0, 1, 2, 3, 4] ema=[0.17599999904632568, 0.1889999955892563, 0.1860000044107437, 0.3050000071525574, 0.14499999582767487] nrmse=0.070 func=[0.14, 0.34, 1.0]
[H1 s0] r=37 H=0.349 alive=[0, 1, 2, 3, 4] ema=[0.17599999904632568, 0.18700000643730164, 0.18799999356269836, 0.30300000309944153, 0.1459999978542328] nrmse=0.069 func=[0.13, 0.35, 1.0]
[H1 s0] r=38 H=0.347 alive=[0, 1, 2, 3, 4] ema=[0.17599999904632568, 0.18400000035762787, 0.1899999976158142, 0.3019999861717224, 0.14800000190734863] nrmse=0.064 func=[0.14, 0.37, 1.0]
[H1 s0] r=39 H=0.349 alive=[0, 1, 2, 3, 4] ema=[0.1770000010728836, 0.18199999630451202, 0.19099999964237213, 0.3009999990463257, 0.15000000596046448] nrmse=0.064 func=[0.11, 0.38, 1.0]
{
  "variant": "H1",
  "seed": 0,
  "z4_pass": false,
  "death_events": 0,
  "death_commits": 0,
  "duplicate_prunes": 0,
  "m_discovered": null,
  "family_accuracy": 0.6139896373056994,
  "fragmentation": 0.38472102361429955,
  "b1_pass": false,
  "final_pass": false,
  "failure_mode": "F4_persistent_mixing_or_identity_failure"
}
[H1 s1] r=00 H=1.434 alive=[0, 1, 2, 3, 4] ema=[0.20600000023841858, 0.20999999344348907, 0.19200000166893005, 0.20100000500679016, 0.19200000166893005] nrmse=1.001 func=[0.18, 0.09, -0.05]
[H1 s1] r=01 H=1.248 alive=[0, 1, 2, 3, 4] ema=[0.20399999618530273, 0.2160000056028366, 0.19300000369548798, 0.19499999284744263, 0.19300000369548798] nrmse=0.829 func=[0.25, 0.5, 0.15]
[H1 s1] r=02 H=0.972 alive=[0, 1, 2, 3, 4] ema=[0.19599999487400055, 0.22300000488758087, 0.1979999989271164, 0.1850000023841858, 0.1979999989271164] nrmse=0.687 func=[0.26, 0.68, 0.48]
[H1 s1] r=03 H=0.961 alive=[0, 1, 2, 3, 4] ema=[0.19300000369548798, 0.22200000286102295, 0.20000000298023224, 0.18700000643730164, 0.19900000095367432] nrmse=0.552 func=[0.55, 0.67, 0.74]
[H1 s1] r=04 H=1.130 alive=[0, 1, 2, 3, 4] ema=[0.1940000057220459, 0.21899999678134918, 0.19900000095367432, 0.1899999976158142, 0.1979999989271164] nrmse=0.487 func=[0.8, 0.7, 0.9]
[H1 s1] r=05 H=1.105 alive=[0, 1, 2, 3, 4] ema=[0.1940000057220459, 0.21799999475479126, 0.19699999690055847, 0.19499999284744263, 0.19599999487400055] nrmse=0.452 func=[0.88, 0.79, 0.91]
[H1 s1] r=06 H=1.030 alive=[0, 1, 2, 3, 4] ema=[0.19200000166893005, 0.21699999272823334, 0.19499999284744263, 0.20200000703334808, 0.19499999284744263] nrmse=0.428 func=[0.93, 0.85, 0.9]
[H1 s1] r=07 H=0.859 alive=[0, 1, 2, 3, 4] ema=[0.1899999976158142, 0.21400000154972076, 0.19200000166893005, 0.21199999749660492, 0.19200000166893005] nrmse=0.334 func=[0.96, 0.89, 0.95]
[H1 s1] r=08 H=0.539 alive=[0, 1, 2, 3, 4] ema=[0.18400000035762787, 0.210999995470047, 0.18799999356269836, 0.23000000417232513, 0.18700000643730164] nrmse=0.203 func=[0.98, 0.95, 0.96]
[H1 s1] r=09 H=0.430 alive=[0, 1, 2, 3, 4] ema=[0.17800000309944153, 0.20800000429153442, 0.18299999833106995, 0.24899999797344208, 0.18299999833106995] nrmse=0.089 func=[0.99, 0.99, 0.99]
[H1 s1] r=10 H=0.412 alive=[0, 1, 2, 3, 4] ema=[0.17100000381469727, 0.2070000022649765, 0.18000000715255737, 0.2630000114440918, 0.17900000512599945] nrmse=0.062 func=[1.0, 1.0, 1.0]
[H1 s1] r=11 H=0.413 alive=[0, 1, 2, 3, 4] ema=[0.16599999368190765, 0.20600000023841858, 0.1770000010728836, 0.2750000059604645, 0.17599999904632568] nrmse=0.053 func=[1.0, 1.0, 1.0]
[H1 s1] r=12 H=0.409 alive=[0, 1, 2, 3, 4] ema=[0.16300000250339508, 0.20499999821186066, 0.17399999499320984, 0.2840000092983246, 0.17399999499320984] nrmse=0.047 func=[1.0, 1.0, 1.0]
[H1 s1] r=13 H=0.408 alive=[0, 1, 2, 3, 4] ema=[0.1599999964237213, 0.2029999941587448, 0.1720000058412552, 0.2919999957084656, 0.1720000058412552] nrmse=0.042 func=[1.0, 1.0, 1.0]
[H1 s1] r=14 H=0.408 alive=[0, 1, 2, 3, 4] ema=[0.15700000524520874, 0.2029999941587448, 0.17100000381469727, 0.2980000078678131, 0.17100000381469727] nrmse=0.038 func=[1.0, 1.0, 1.0]
[H1 s1] r=15 H=0.402 alive=[0, 1, 2, 3, 4] ema=[0.15600000321865082, 0.20200000703334808, 0.17000000178813934, 0.3019999861717224, 0.16899999976158142] nrmse=0.035 func=[1.0, 1.0, 1.0]
[H1 s1] r=16 H=0.405 alive=[0, 1, 2, 3, 4] ema=[0.15299999713897705, 0.2029999941587448, 0.16899999976158142, 0.3059999942779541, 0.1679999977350235] nrmse=0.040 func=[1.0, 1.0, 1.0]
[H1 s1] r=17 H=0.410 alive=[0, 1, 2, 3, 4] ema=[0.15000000596046448, 0.20399999618530273, 0.16899999976158142, 0.3089999854564667, 0.16699999570846558] nrmse=0.031 func=[1.0, 1.0, 1.0]
[H1 s1] r=18 H=0.409 alive=[0, 1, 2, 3, 4] ema=[0.14800000190734863, 0.20600000023841858, 0.16899999976158142, 0.31200000643730164, 0.16599999368190765] nrmse=0.030 func=[1.0, 1.0, 1.0]
[H1 s1] r=19 H=0.405 alive=[0, 1, 2, 3, 4] ema=[0.1469999998807907, 0.20600000023841858, 0.1679999977350235, 0.3140000104904175, 0.16599999368190765] nrmse=0.031 func=[1.0, 1.0, 1.0]
[H1 s1] r=20 H=0.378 alive=[0, 1, 2, 3, 4] ema=[0.14399999380111694, 0.20800000429153442, 0.16699999570846558, 0.3149999976158142, 0.16599999368190765] nrmse=0.028 func=[1.0, 1.0, 1.0]
[H1 s1] r=21 H=0.384 alive=[0, 1, 2, 3, 4] ema=[0.13899999856948853, 0.21199999749660492, 0.16599999368190765, 0.3160000145435333, 0.16699999570846558] nrmse=0.030 func=[1.0, 1.0, 1.0]
[H1 s1] r=22 H=0.376 alive=[0, 1, 2, 3, 4] ema=[0.13600000739097595, 0.21400000154972076, 0.16300000250339508, 0.31700000166893005, 0.16899999976158142] nrmse=0.027 func=[1.0, 1.0, 1.0]
[H1 s1] r=23 H=0.373 alive=[0, 1, 2, 3, 4] ema=[0.13699999451637268, 0.21400000154972076, 0.16500000655651093, 0.3179999887943268, 0.16599999368190765] nrmse=0.031 func=[1.0, 1.0, 1.0]
[H1 s1] r=24 H=0.390 alive=[0, 1, 2, 3, 4] ema=[0.14000000059604645, 0.20999999344348907, 0.16500000655651093, 0.3190000057220459, 0.16599999368190765] nrmse=0.038 func=[1.0, 1.0, 1.0]
[H1 s1] r=25 H=0.390 alive=[0, 1, 2, 3, 4] ema=[0.13699999451637268, 0.21199999749660492, 0.16500000655651093, 0.3190000057220459, 0.16599999368190765] nrmse=0.023 func=[1.0, 1.0, 1.0]
[H1 s1] r=26 H=0.387 alive=[0, 1, 2, 3, 4] ema=[0.14000000059604645, 0.20900000631809235, 0.16500000655651093, 0.3199999928474426, 0.16599999368190765] nrmse=0.033 func=[1.0, 1.0, 1.0]
[H1 s1] r=27 H=0.387 alive=[0, 1, 2, 3, 4] ema=[0.14100000262260437, 0.20800000429153442, 0.16599999368190765, 0.3199999928474426, 0.16500000655651093] nrmse=0.022 func=[1.0, 1.0, 1.0]
[H1 s1] r=28 H=0.386 alive=[0, 1, 2, 3, 4] ema=[0.14800000190734863, 0.20100000500679016, 0.17100000381469727, 0.3199999928474426, 0.1599999964237213] nrmse=0.026 func=[1.0, 1.0, 1.0]
[H1 s1] r=29 H=0.398 alive=[0, 1, 2, 3, 4] ema=[0.1469999998807907, 0.20200000703334808, 0.17000000178813934, 0.32100000977516174, 0.16099999845027924] nrmse=0.029 func=[1.0, 1.0, 1.0]
[H1 s1] r=30 H=0.329 alive=[0, 1, 2, 3, 4] ema=[0.13899999856948853, 0.20900000631809235, 0.16899999976158142, 0.32100000977516174, 0.16200000047683716] nrmse=0.026 func=[1.0, 1.0, 1.0]
[H1 s1] r=31 H=0.330 alive=[0, 1, 2, 3, 4] ema=[0.14300000667572021, 0.20499999821186066, 0.164000004529953, 0.32100000977516174, 0.16599999368190765] nrmse=0.028 func=[1.0, 1.0, 1.0]
[H1 s1] r=32 H=0.317 alive=[0, 1, 2, 3, 4] ema=[0.15199999511241913, 0.19599999487400055, 0.1469999998807907, 0.32100000977516174, 0.18299999833106995] nrmse=0.043 func=[1.0, 1.0, 1.0]
[H1 s1] r=33 H=0.332 alive=[0, 1, 2, 3, 4] ema=[0.15000000596046448, 0.19900000095367432, 0.14800000190734863, 0.32100000977516174, 0.18299999833106995] nrmse=0.018 func=[1.0, 1.0, 1.0]
[H1 s1] r=34 H=0.326 alive=[0, 1, 2, 3, 4] ema=[0.1509999930858612, 0.1979999989271164, 0.1459999978542328, 0.32100000977516174, 0.18400000035762787] nrmse=0.017 func=[1.0, 1.0, 1.0]
[H1 s1] r=35 H=0.332 alive=[0, 1, 2, 3, 4] ema=[0.14800000190734863, 0.20000000298023224, 0.14300000667572021, 0.32100000977516174, 0.18700000643730164] nrmse=0.019 func=[1.0, 1.0, 1.0]
[H1 s1] r=36 H=0.336 alive=[0, 1, 2, 3, 4] ema=[0.1379999965429306, 0.20999999344348907, 0.1420000046491623, 0.32100000977516174, 0.1889999955892563] nrmse=0.025 func=[1.0, 1.0, 1.0]
[H1 s1] r=37 H=0.329 alive=[0, 1, 2, 3, 4] ema=[0.1379999965429306, 0.20999999344348907, 0.13899999856948853, 0.32100000977516174, 0.19200000166893005] nrmse=0.023 func=[1.0, 1.0, 1.0]
[H1 s1] r=38 H=0.329 alive=[0, 1, 2, 3, 4] ema=[0.13500000536441803, 0.21400000154972076, 0.1459999978542328, 0.32100000977516174, 0.18400000035762787] nrmse=0.020 func=[1.0, 1.0, 1.0]
[H1 s1] r=39 H=0.333 alive=[0, 1, 2, 3, 4] ema=[0.12999999523162842, 0.21899999678134918, 0.15600000321865082, 0.32100000977516174, 0.17399999499320984] nrmse=0.030 func=[1.0, 1.0, 1.0]
{
  "variant": "H1",
  "seed": 1,
  "z4_pass": true,
  "death_events": 0,
  "death_commits": 0,
  "duplicate_prunes": 2,
  "m_discovered": 3,
  "family_accuracy": 1.0,
  "fragmentation": 0.0,
  "b1_pass": false,
  "final_pass": false,
  "failure_mode": "F6_duplicate_or_reassignment_failure"
}
[H1 s2] r=00 H=1.170 alive=[0, 1, 2, 3, 4] ema=[0.1899999976158142, 0.22200000286102295, 0.1899999976158142, 0.20000000298023224, 0.19900000095367432] nrmse=0.996 func=[0.12, 0.1, -0.0]
[H1 s2] r=01 H=1.120 alive=[0, 1, 2, 3, 4] ema=[0.18299999833106995, 0.23100000619888306, 0.1850000023841858, 0.20200000703334808, 0.19900000095367432] nrmse=0.835 func=[0.19, 0.5, -0.12]
[H1 s2] r=02 H=1.085 alive=[0, 1, 2, 3, 4] ema=[0.18000000715255737, 0.23800000548362732, 0.18400000035762787, 0.20100000500679016, 0.1979999989271164] nrmse=0.741 func=[0.18, 0.69, 0.01]
[H1 s2] r=03 H=1.046 alive=[0, 1, 2, 3, 4] ema=[0.17800000309944153, 0.2460000067949295, 0.18199999630451202, 0.19699999690055847, 0.19599999487400055] nrmse=0.675 func=[0.29, 0.82, 0.18]
[H1 s2] r=04 H=0.921 alive=[0, 1, 2, 3, 4] ema=[0.17800000309944153, 0.257999986410141, 0.18000000715255737, 0.19200000166893005, 0.19200000166893005] nrmse=0.550 func=[0.42, 0.92, 0.36]
[H1 s2] r=05 H=0.725 alive=[0, 1, 2, 3, 4] ema=[0.17599999904632568, 0.27300000190734863, 0.17800000309944153, 0.1860000044107437, 0.1860000044107437] nrmse=0.461 func=[0.47, 0.97, 0.33]
[H1 s2] r=06 H=0.718 alive=[0, 1, 2, 3, 4] ema=[0.17499999701976776, 0.2849999964237213, 0.17599999904632568, 0.18199999630451202, 0.18199999630451202] nrmse=0.377 func=[0.49, 0.98, 0.35]
[H1 s2] r=07 H=0.719 alive=[0, 1, 2, 3, 4] ema=[0.17399999499320984, 0.2939999997615814, 0.17399999499320984, 0.17900000512599945, 0.17900000512599945] nrmse=0.348 func=[0.48, 0.99, 0.3]
[H1 s2] r=08 H=0.599 alive=[0, 1, 2, 3, 4] ema=[0.1720000058412552, 0.30300000309944153, 0.1720000058412552, 0.1770000010728836, 0.17499999701976776] nrmse=0.304 func=[0.52, 0.99, 0.25]
[H1 s2] r=09 H=0.560 alive=[0, 1, 2, 3, 4] ema=[0.17100000381469727, 0.3109999895095825, 0.17100000381469727, 0.17599999904632568, 0.1720000058412552] nrmse=0.267 func=[0.55, 0.99, 0.27]
[H1 s2] r=10 H=0.463 alive=[0, 1, 2, 3, 4] ema=[0.16899999976158142, 0.3179999887943268, 0.1679999977350235, 0.17299999296665192, 0.1720000058412552] nrmse=0.216 func=[0.52, 0.99, 0.26]
[H1 s2] r=11 H=0.494 alive=[0, 1, 2, 3, 4] ema=[0.16699999570846558, 0.3240000009536743, 0.16599999368190765, 0.1720000058412552, 0.17100000381469727] nrmse=0.191 func=[0.55, 0.99, 0.24]
[H1 s2] r=12 H=0.484 alive=[0, 1, 2, 3, 4] ema=[0.16500000655651093, 0.328000009059906, 0.164000004529953, 0.17000000178813934, 0.1720000058412552] nrmse=0.172 func=[0.53, 1.0, 0.28]
[H1 s2] r=13 H=0.444 alive=[0, 1, 2, 3, 4] ema=[0.164000004529953, 0.3319999873638153, 0.16300000250339508, 0.16899999976158142, 0.1720000058412552] nrmse=0.151 func=[0.53, 0.99, 0.32]
[H1 s2] r=14 H=0.430 alive=[0, 1, 2, 3, 4] ema=[0.16300000250339508, 0.33500000834465027, 0.16200000047683716, 0.16699999570846558, 0.17299999296665192] nrmse=0.133 func=[0.55, 1.0, 0.26]
[H1 s2] r=15 H=0.411 alive=[0, 1, 2, 3, 4] ema=[0.16200000047683716, 0.33799999952316284, 0.16099999845027924, 0.16599999368190765, 0.17399999499320984] nrmse=0.118 func=[0.58, 1.0, 0.32]
[H1 s2] r=16 H=0.409 alive=[0, 1, 2, 3, 4] ema=[0.16099999845027924, 0.3400000035762787, 0.1589999943971634, 0.16500000655651093, 0.17499999701976776] nrmse=0.114 func=[0.58, 1.0, 0.3]
[H1 s2] r=17 H=0.402 alive=[0, 1, 2, 3, 4] ema=[0.16099999845027924, 0.34200000762939453, 0.15800000727176666, 0.16300000250339508, 0.17599999904632568] nrmse=0.100 func=[0.56, 1.0, 0.3]
[H1 s2] r=18 H=0.394 alive=[0, 1, 2, 3, 4] ema=[0.1599999964237213, 0.34299999475479126, 0.15800000727176666, 0.16200000047683716, 0.1770000010728836] nrmse=0.100 func=[0.59, 1.0, 0.33]
[H1 s2] r=19 H=0.387 alive=[0, 1, 2, 3, 4] ema=[0.1599999964237213, 0.3440000116825104, 0.15700000524520874, 0.16099999845027924, 0.17800000309944153] nrmse=0.090 func=[0.58, 1.0, 0.32]
[H1 s2] r=20 H=0.365 alive=[0, 1, 2, 3, 4] ema=[0.1589999943971634, 0.3449999988079071, 0.15700000524520874, 0.1599999964237213, 0.18000000715255737] nrmse=0.086 func=[0.59, 1.0, 0.34]
[H1 s2] r=21 H=0.363 alive=[0, 1, 2, 3, 4] ema=[0.1589999943971634, 0.34599998593330383, 0.15600000321865082, 0.15800000727176666, 0.18199999630451202] nrmse=0.077 func=[0.62, 1.0, 0.36]
[H1 s2] r=22 H=0.364 alive=[0, 1, 2, 3, 4] ema=[0.15800000727176666, 0.34599998593330383, 0.15600000321865082, 0.15700000524520874, 0.18199999630451202] nrmse=0.070 func=[0.63, 1.0, 0.38]
[H1 s2] r=23 H=0.361 alive=[0, 1, 2, 3, 4] ema=[0.15800000727176666, 0.34700000286102295, 0.15600000321865082, 0.15600000321865082, 0.18299999833106995] nrmse=0.066 func=[0.65, 1.0, 0.41]
[H1 s2] r=24 H=0.362 alive=[0, 1, 2, 3, 4] ema=[0.15800000727176666, 0.34700000286102295, 0.15600000321865082, 0.1550000011920929, 0.18400000035762787] nrmse=0.063 func=[0.65, 1.0, 0.4]
[H1 s2] r=25 H=0.362 alive=[0, 1, 2, 3, 4] ema=[0.15800000727176666, 0.34700000286102295, 0.1550000011920929, 0.15399999916553497, 0.1850000023841858] nrmse=0.072 func=[0.66, 1.0, 0.42]
[H1 s2] r=26 H=0.362 alive=[0, 1, 2, 3, 4] ema=[0.15800000727176666, 0.3479999899864197, 0.1550000011920929, 0.15399999916553497, 0.1860000044107437] nrmse=0.060 func=[0.66, 1.0, 0.42]
[H1 s2] r=27 H=0.362 alive=[0, 1, 2, 3, 4] ema=[0.15800000727176666, 0.3479999899864197, 0.15399999916553497, 0.15299999713897705, 0.18700000643730164] nrmse=0.056 func=[0.67, 1.0, 0.43]
[H1 s2] r=28 H=0.358 alive=[0, 1, 2, 3, 4] ema=[0.15800000727176666, 0.3479999899864197, 0.15399999916553497, 0.15399999916553497, 0.18700000643730164] nrmse=0.061 func=[0.67, 1.0, 0.41]
[H1 s2] r=29 H=0.364 alive=[0, 1, 2, 3, 4] ema=[0.15800000727176666, 0.3479999899864197, 0.15299999713897705, 0.15299999713897705, 0.18700000643730164] nrmse=0.059 func=[0.67, 1.0, 0.41]
[H1 s2] r=30 H=0.344 alive=[0, 1, 2, 3, 4] ema=[0.15800000727176666, 0.3479999899864197, 0.15299999713897705, 0.1509999930858612, 0.1889999955892563] nrmse=0.056 func=[0.66, 1.0, 0.41]
[H1 s2] r=31 H=0.345 alive=[0, 1, 2, 3, 4] ema=[0.15800000727176666, 0.3479999899864197, 0.15199999511241913, 0.1509999930858612, 0.1899999976158142] nrmse=0.050 func=[0.67, 1.0, 0.42]
[H1 s2] r=32 H=0.345 alive=[0, 1, 2, 3, 4] ema=[0.15800000727176666, 0.3479999899864197, 0.15199999511241913, 0.15000000596046448, 0.19200000166893005] nrmse=0.057 func=[0.68, 1.0, 0.43]
[H1 s2] r=33 H=0.346 alive=[0, 1, 2, 3, 4] ema=[0.1589999943971634, 0.3479999899864197, 0.15199999511241913, 0.14900000393390656, 0.19300000369548798] nrmse=0.048 func=[0.68, 1.0, 0.42]
[H1 s2] r=34 H=0.345 alive=[0, 1, 2, 3, 4] ema=[0.15800000727176666, 0.3479999899864197, 0.15199999511241913, 0.14900000393390656, 0.19300000369548798] nrmse=0.047 func=[0.68, 1.0, 0.43]
[H1 s2] r=35 H=0.344 alive=[0, 1, 2, 3, 4] ema=[0.1589999943971634, 0.3479999899864197, 0.1509999930858612, 0.14800000190734863, 0.1940000057220459] nrmse=0.047 func=[0.68, 1.0, 0.42]
[H1 s2] r=36 H=0.346 alive=[0, 1, 2, 3, 4] ema=[0.1589999943971634, 0.3479999899864197, 0.1509999930858612, 0.14800000190734863, 0.1940000057220459] nrmse=0.055 func=[0.68, 1.0, 0.42]
[H1 s2] r=37 H=0.344 alive=[0, 1, 2, 3, 4] ema=[0.1589999943971634, 0.3479999899864197, 0.1509999930858612, 0.14800000190734863, 0.1940000057220459] nrmse=0.048 func=[0.71, 1.0, 0.45]
[H1 s2] r=38 H=0.347 alive=[0, 1, 2, 3, 4] ema=[0.15800000727176666, 0.3479999899864197, 0.1509999930858612, 0.14800000190734863, 0.1940000057220459] nrmse=0.045 func=[0.69, 1.0, 0.44]
[H1 s2] r=39 H=0.345 alive=[0, 1, 2, 3, 4] ema=[0.15800000727176666, 0.3479999899864197, 0.1509999930858612, 0.14800000190734863, 0.19499999284744263] nrmse=0.043 func=[0.68, 1.0, 0.43]
{
  "variant": "H1",
  "seed": 2,
  "z4_pass": false,
  "death_events": 0,
  "death_commits": 0,
  "duplicate_prunes": 0,
  "m_discovered": null,
  "family_accuracy": 0.727979274611399,
  "fragmentation": 0.2772568142035509,
  "b1_pass": false,
  "final_pass": false,
  "failure_mode": "F4_persistent_mixing_or_identity_failure"
}
[H2 s0] r=00 H=0.000 alive=[0, 1, 2, 3, 4] ema=[0.2070000022649765, 0.17800000309944153, 0.1770000010728836, 0.21799999475479126, 0.2199999988079071] nrmse=0.926 func=[0.16, 0.27, -0.01]
[H2 s0] r=01 H=0.000 alive=[0, 1, 2, 3, 4] ema=[0.20200000703334808, 0.17100000381469727, 0.15700000524520874, 0.23800000548362732, 0.23199999332427979] nrmse=0.699 func=[0.04, 0.46, -0.06]
[H2 s0] r=02 H=0.000 alive=[0, 1, 2, 3, 4] ema=[0.19900000095367432, 0.17000000178813934, 0.1420000046491623, 0.2540000081062317, 0.23499999940395355] nrmse=0.598 func=[0.01, 0.46, -0.0]
[H2 s0] r=03 H=0.000 alive=[0, 1, 2, 3, 4] ema=[0.19099999964237213, 0.16699999570846558, 0.14499999582767487, 0.2619999945163727, 0.23499999940395355] nrmse=0.509 func=[-0.03, 0.67, 0.16]
[H2 s0] r=04 H=0.000 alive=[0, 1, 2, 3, 4] ema=[0.1809999942779541, 0.16200000047683716, 0.16300000250339508, 0.25999999046325684, 0.23399999737739563] nrmse=0.417 func=[-0.0, 0.82, 0.28]
[H2 s0] r=05 H=0.000 alive=[0, 1, 2, 3, 4] ema=[0.1720000058412552, 0.15600000321865082, 0.1860000044107437, 0.2529999911785126, 0.23199999332427979] nrmse=0.349 func=[0.01, 0.91, 0.37]
[H2 s0] r=06 H=0.000 alive=[0, 1, 2, 3, 4] ema=[0.16599999368190765, 0.14900000393390656, 0.21199999749660492, 0.2460000067949295, 0.2280000001192093] nrmse=0.286 func=[0.21, 0.96, 0.4]
[H2 s0] r=07 H=0.000 alive=[0, 1, 2, 3, 4] ema=[0.164000004529953, 0.14000000059604645, 0.23600000143051147, 0.23899999260902405, 0.22100000083446503] nrmse=0.247 func=[0.35, 0.98, 0.58]
[H2 s0] r=08 H=0.000 alive=[0, 1, 2, 3, 4] ema=[0.17000000178813934, 0.12999999523162842, 0.25600001215934753, 0.23399999737739563, 0.20999999344348907] nrmse=0.209 func=[0.48, 0.98, 0.84]
[H2 s0] r=09 H=0.000 alive=[0, 1, 2, 3, 4] ema=[0.18299999833106995, 0.11900000274181366, 0.27399998903274536, 0.23000000417232513, 0.19300000369548798] nrmse=0.172 func=[0.6, 0.99, 0.94]
[H2 s0] r=10 H=0.000 alive=[0, 1, 2, 3, 4] ema=[0.20100000500679016, 0.10999999940395355, 0.289000004529953, 0.22699999809265137, 0.17299999296665192] nrmse=0.146 func=[0.67, 0.99, 0.98]
[H2 s0] r=11 H=0.000 alive=[0, 1, 2, 3, 4] ema=[0.22300000488758087, 0.10199999809265137, 0.3009999990463257, 0.22499999403953552, 0.15000000596046448] nrmse=0.113 func=[0.74, 1.0, 0.99]
[H2 s0] r=12 H=0.000 alive=[0, 1, 2, 3, 4] ema=[0.24300000071525574, 0.0949999988079071, 0.3100000023841858, 0.22499999403953552, 0.12700000405311584] nrmse=0.091 func=[0.87, 1.0, 0.99]
[H2 s0] r=13 H=0.000 alive=[0, 1, 2, 3, 4] ema=[0.25999999046325684, 0.08799999952316284, 0.3179999887943268, 0.22599999606609344, 0.1080000028014183] nrmse=0.079 func=[0.94, 1.0, 1.0]
[H2 s0] r=14 H=0.000 alive=[0, 1, 2, 3, 4] ema=[0.27399998903274536, 0.0820000022649765, 0.3240000009536743, 0.2290000021457672, 0.09099999815225601] nrmse=0.069 func=[0.96, 1.0, 1.0]
[H2 s0] r=15 H=0.000 alive=[0, 1, 2, 3, 4] ema=[0.2849999964237213, 0.07599999755620956, 0.32899999618530273, 0.23199999332427979, 0.07800000160932541] nrmse=0.063 func=[0.97, 1.0, 1.0]
[H2 s0] r=16 H=0.000 alive=[0, 1, 2, 3, 4] ema=[0.2939999997615814, 0.07199999690055847, 0.3330000042915344, 0.23399999737739563, 0.06800000369548798] nrmse=0.056 func=[0.98, 1.0, 1.0]
[H2 s0] r=17 H=0.000 alive=[0, 1, 2, 3, 4] ema=[0.3009999990463257, 0.06700000166893005, 0.335999995470047, 0.2370000034570694, 0.05900000035762787] nrmse=0.057 func=[0.99, 1.0, 1.0]
[H2 s0] r=18 H=0.000 alive=[0, 1, 2, 3, 4] ema=[0.3070000112056732, 0.06300000101327896, 0.33799999952316284, 0.23899999260902405, 0.052000001072883606] nrmse=0.050 func=[0.99, 1.0, 1.0]
[H2 s0] r=19 H=0.000 alive=[0, 1, 2, 3, 4] ema=[0.31200000643730164, 0.061000000685453415, 0.3400000035762787, 0.24199999868869781, 0.04600000008940697] nrmse=0.048 func=[0.99, 1.0, 1.0]
[H2 s0] r=20 H=0.000 alive=[0, 1, 2, 3, 4] ema=[0.3149999976158142, 0.05700000002980232, 0.34200000762939453, 0.24500000476837158, 0.04100000113248825] nrmse=0.049 func=[0.99, 1.0, 1.0]
[H2 s0] r=21 H=0.000 alive=[0, 1, 2, 3, 4] ema=[0.3179999887943268, 0.05400000140070915, 0.34299999475479126, 0.24799999594688416, 0.035999998450279236] nrmse=0.046 func=[1.0, 1.0, 1.0]
[H2 s0] r=22 H=0.000 alive=[0, 1, 2, 3, 4] ema=[0.32100000977516174, 0.05000000074505806, 0.3440000116825104, 0.25200000405311584, 0.032999999821186066] nrmse=0.041 func=[1.0, 1.0, 1.0]
[H2 s0] r=23 H=0.000 alive=[0, 1, 2, 3, 4] ema=[0.3230000138282776, 0.04699999839067459, 0.3449999988079071, 0.2549999952316284, 0.029999999329447746] nrmse=0.041 func=[1.0, 1.0, 1.0]
[H2 s0] r=24 H=0.000 alive=[0, 1, 2, 3, 4] ema=[0.3240000009536743, 0.04500000178813934, 0.34599998593330383, 0.257999986410141, 0.027000000700354576] nrmse=0.040 func=[1.0, 1.0, 1.0]
[H2 s0] r=25 H=0.000 alive=[0, 1, 2, 3, 4] ema=[0.32499998807907104, 0.0430000014603138, 0.34599998593330383, 0.25999999046325684, 0.02500000037252903] nrmse=0.045 func=[1.0, 1.0, 1.0]
[H2 s0] r=26 H=0.000 alive=[0, 1, 2, 3, 4] ema=[0.32600000500679016, 0.039000000804662704, 0.34700000286102295, 0.26499998569488525, 0.023000000044703484] nrmse=0.039 func=[1.0, 1.0, 1.0]
[H2 s0] r=27 H=0.000 alive=[0, 1, 2, 3, 4] ema=[0.3269999921321869, 0.03799999877810478, 0.34700000286102295, 0.2669999897480011, 0.020999999716877937] nrmse=0.036 func=[1.0, 1.0, 1.0]
[H2 s0] r=28 H=0.000 alive=[0, 1, 2, 3, 4] ema=[0.328000009059906, 0.03500000014901161, 0.34700000286102295, 0.2709999978542328, 0.01899999938905239] nrmse=0.034 func=[1.0, 1.0, 1.0]
[H2 s0] r=29 H=0.000 alive=[0, 1, 2, 3, 4] ema=[0.328000009059906, 0.03200000151991844, 0.3479999899864197, 0.2750000059604645, 0.017000000923871994] nrmse=0.037 func=[1.0, 1.0, 1.0]
[H2 s0] r=30 H=0.000 alive=[0, 1, 2, 3, 4] ema=[0.328000009059906, 0.02800000086426735, 0.3479999899864197, 0.2809999883174896, 0.014999999664723873] nrmse=0.035 func=[1.0, 1.0, 1.0]
[H2 s0] r=31 H=0.000 alive=[0, 1, 2, 3, 4] ema=[0.32899999618530273, 0.026000000536441803, 0.3479999899864197, 0.2849999964237213, 0.013000000268220901] nrmse=0.035 func=[1.0, 1.0, 1.0]
[H2 s0] r=32 H=0.000 alive=[0, 1, 2, 3, 4] ema=[0.32899999618530273, 0.024000000208616257, 0.3479999899864197, 0.2879999876022339, 0.010999999940395355] nrmse=0.034 func=[1.0, 1.0, 1.0]
[H2 s0] r=33 H=0.000 alive=[0, 1, 2, 3, 4] ema=[0.32899999618530273, 0.020999999716877937, 0.3479999899864197, 0.2930000126361847, 0.008999999612569809] nrmse=0.036 func=[1.0, 1.0, 1.0]
[H2 s0] r=34 H=0.000 alive=[0, 1, 2, 3, 4] ema=[0.32899999618530273, 0.01899999938905239, 0.3479999899864197, 0.29600000381469727, 0.007000000216066837] nrmse=0.036 func=[1.0, 1.0, 1.0]
[H2 s0] r=35 H=0.000 alive=[0, 1, 2, 3, 4] ema=[0.33000001311302185, 0.017000000923871994, 0.3479999899864197, 0.29899999499320984, 0.006000000052154064] nrmse=0.032 func=[1.0, 1.0, 1.0]
[H2 s0] r=36 H=0.000 alive=[0, 1, 2, 3, 4] ema=[0.33000001311302185, 0.014999999664723873, 0.3479999899864197, 0.3019999861717224, 0.004999999888241291] nrmse=0.027 func=[1.0, 1.0, 1.0]
[H2 s0] r=37 H=0.000 alive=[0, 1, 2, 3] ema=[0.33000001311302185, 0.013000000268220901, 0.3479999899864197, 0.3050000071525574, 0.004000000189989805] nrmse=0.032 func=[1.0, 1.0, 1.0]
[H2 s0] r=38 H=0.000 alive=[0, 1, 2, 3] ema=[0.33000001311302185, 0.010999999940395355, 0.3479999899864197, 0.3070000112056732, 0.003000000026077032] nrmse=0.032 func=[1.0, 1.0, 1.0]
[H2 s0] r=39 H=0.000 alive=[0, 1, 2, 3] ema=[0.33000001311302185, 0.009999999776482582, 0.3479999899864197, 0.3089999854564667, 0.003000000026077032] nrmse=0.030 func=[1.0, 1.0, 1.0]
{
  "variant": "H2",
  "seed": 0,
  "z4_pass": true,
  "death_events": 1,
  "death_commits": 1,
  "duplicate_prunes": 0,
  "m_discovered": 4,
  "family_accuracy": 0.9974093264248705,
  "fragmentation": 0.002583979328165379,
  "b1_pass": false,
  "final_pass": false,
  "failure_mode": "F5_unsupported_slot_remains"
}
[H2 s1] r=00 H=0.000 alive=[0, 1, 2, 3, 4] ema=[0.21899999678134918, 0.22200000286102295, 0.1809999942779541, 0.1860000044107437, 0.19099999964237213] nrmse=0.989 func=[0.18, 0.09, -0.05]
[H2 s1] r=01 H=0.000 alive=[0, 1, 2, 3, 4] ema=[0.23100000619888306, 0.23899999260902405, 0.1679999977350235, 0.1770000010728836, 0.18400000035762787] nrmse=0.719 func=[0.12, 0.41, 0.03]
[H2 s1] r=02 H=0.000 alive=[0, 1, 2, 3, 4] ema=[0.23199999332427979, 0.26100000739097595, 0.15600000321865082, 0.17599999904632568, 0.17599999904632568] nrmse=0.591 func=[-0.15, 0.5, 0.24]
[H2 s1] r=03 H=0.000 alive=[0, 1, 2, 3, 4] ema=[0.2280000001192093, 0.27799999713897705, 0.1459999978542328, 0.1770000010728836, 0.17000000178813934] nrmse=0.527 func=[-0.25, 0.36, 0.4]
[H2 s1] r=04 H=0.000 alive=[0, 1, 2, 3, 4] ema=[0.21899999678134918, 0.2930000126361847, 0.13899999856948853, 0.18400000035762787, 0.16500000655651093] nrmse=0.476 func=[-0.22, 0.37, 0.49]
[H2 s1] r=05 H=0.000 alive=[0, 1, 2, 3, 4] ema=[0.20900000631809235, 0.30399999022483826, 0.13500000536441803, 0.19200000166893005, 0.1589999943971634] nrmse=0.428 func=[-0.21, 0.37, 0.46]
[H2 s1] r=06 H=0.000 alive=[0, 1, 2, 3, 4] ema=[0.20000000298023224, 0.3109999895095825, 0.13300000131130219, 0.20200000703334808, 0.15399999916553497] nrmse=0.387 func=[-0.17, 0.38, 0.42]
[H2 s1] r=07 H=0.000 alive=[0, 1, 2, 3, 4] ema=[0.19599999487400055, 0.3149999976158142, 0.12999999523162842, 0.21199999749660492, 0.14800000190734863] nrmse=0.366 func=[-0.34, 0.42, 0.43]
[H2 s1] r=08 H=0.000 alive=[0, 1, 2, 3, 4] ema=[0.19099999964237213, 0.3179999887943268, 0.12800000607967377, 0.22100000083446503, 0.1420000046491623] nrmse=0.329 func=[-0.19, 0.43, 0.51]
[H2 s1] r=09 H=0.000 alive=[0, 1, 2, 3, 4] ema=[0.1889999955892563, 0.3190000057220459, 0.12800000607967377, 0.23000000417232513, 0.13500000536441803] nrmse=0.311 func=[-0.16, 0.47, 0.5]
[H2 s1] r=10 H=0.000 alive=[0, 1, 2, 3, 4] ema=[0.18799999356269836, 0.3190000057220459, 0.1289999932050705, 0.2370000034570694, 0.12800000607967377] nrmse=0.280 func=[-0.15, 0.51, 0.44]
[H2 s1] r=11 H=0.000 alive=[0, 1, 2, 3, 4] ema=[0.18700000643730164, 0.3179999887943268, 0.13099999725818634, 0.24400000274181366, 0.12099999934434891] nrmse=0.265 func=[-0.04, 0.53, 0.46]
[H2 s1] r=12 H=0.000 alive=[0, 1, 2, 3, 4] ema=[0.1860000044107437, 0.3149999976158142, 0.1340000033378601, 0.24799999594688416, 0.11599999666213989] nrmse=0.238 func=[0.07, 0.58, 0.49]
[H2 s1] r=13 H=0.000 alive=[0, 1, 2, 3, 4] ema=[0.18700000643730164, 0.31299999356269836, 0.13600000739097595, 0.25099998712539673, 0.11299999803304672] nrmse=0.214 func=[0.09, 0.61, 0.55]
[H2 s1] r=14 H=0.000 alive=[0, 1, 2, 3, 4] ema=[0.19099999964237213, 0.3089999854564667, 0.13899999856948853, 0.25200000405311584, 0.10999999940395355] nrmse=0.185 func=[0.28, 0.71, 0.59]
[H2 s1] r=15 H=0.000 alive=[0, 1, 2, 3, 4] ema=[0.19699999690055847, 0.3019999861717224, 0.1420000046491623, 0.25099998712539673, 0.10700000077486038] nrmse=0.155 func=[0.47, 0.81, 0.65]
[H2 s1] r=16 H=0.000 alive=[0, 1, 2, 3, 4] ema=[0.20499999821186066, 0.2939999997615814, 0.1469999998807907, 0.24899999797344208, 0.10499999672174454] nrmse=0.131 func=[0.55, 0.89, 0.66]
[H2 s1] r=17 H=0.000 alive=[0, 1, 2, 3, 4] ema=[0.21199999749660492, 0.28600001335144043, 0.15199999511241913, 0.24799999594688416, 0.10300000011920929] nrmse=0.113 func=[0.67, 0.93, 0.66]
[H2 s1] r=18 H=0.000 alive=[0, 1, 2, 3, 4] ema=[0.22100000083446503, 0.2750000059604645, 0.15700000524520874, 0.24699999392032623, 0.10000000149011612] nrmse=0.100 func=[0.76, 0.96, 0.7]
[H2 s1] r=19 H=0.000 alive=[0, 1, 2, 3, 4] ema=[0.2280000001192093, 0.26499998569488525, 0.16300000250339508, 0.2460000067949295, 0.09799999743700027] nrmse=0.091 func=[0.79, 0.97, 0.71]
[H2 s1] r=20 H=0.000 alive=[0, 1, 2, 3, 4] ema=[0.23499999940395355, 0.2549999952316284, 0.16899999976158142, 0.24500000476837158, 0.09600000083446503] nrmse=0.081 func=[0.83, 0.98, 0.75]
[H2 s1] r=21 H=0.000 alive=[0, 1, 2, 3, 4] ema=[0.24199999868869781, 0.24400000274181366, 0.17499999701976776, 0.2460000067949295, 0.09300000220537186] nrmse=0.071 func=[0.88, 0.99, 0.81]
[H2 s1] r=22 H=0.000 alive=[0, 1, 2, 3, 4] ema=[0.25, 0.23199999332427979, 0.18000000715255737, 0.24699999392032623, 0.09000000357627869] nrmse=0.063 func=[0.91, 0.99, 0.87]
[H2 s1] r=23 H=0.000 alive=[0, 1, 2, 3, 4] ema=[0.257999986410141, 0.22100000083446503, 0.1850000023841858, 0.24799999594688416, 0.08799999952316284] nrmse=0.061 func=[0.92, 1.0, 0.9]
[H2 s1] r=24 H=0.000 alive=[0, 1, 2, 3, 4] ema=[0.26499998569488525, 0.210999995470047, 0.1889999955892563, 0.24899999797344208, 0.08500000089406967] nrmse=0.055 func=[0.93, 1.0, 0.92]
[H2 s1] r=25 H=0.000 alive=[0, 1, 2, 3, 4] ema=[0.2720000147819519, 0.20200000703334808, 0.19200000166893005, 0.25, 0.08399999886751175] nrmse=0.052 func=[0.94, 1.0, 0.93]
[H2 s1] r=26 H=0.000 alive=[0, 1, 2, 3, 4] ema=[0.27799999713897705, 0.19300000369548798, 0.19599999487400055, 0.25, 0.0820000022649765] nrmse=0.049 func=[0.95, 1.0, 0.94]
[H2 s1] r=27 H=0.000 alive=[0, 1, 2, 3, 4] ema=[0.28299999237060547, 0.18400000035762787, 0.20000000298023224, 0.25099998712539673, 0.08100000023841858] nrmse=0.051 func=[0.96, 1.0, 0.94]
[H2 s1] r=28 H=0.000 alive=[0, 1, 2, 3, 4] ema=[0.2879999876022339, 0.1770000010728836, 0.2029999941587448, 0.25200000405311584, 0.07999999821186066] nrmse=0.043 func=[0.96, 1.0, 0.95]
[H2 s1] r=29 H=0.000 alive=[0, 1, 2, 3, 4] ema=[0.2919999957084656, 0.17000000178813934, 0.20600000023841858, 0.2529999911785126, 0.07900000363588333] nrmse=0.042 func=[0.96, 1.0, 0.95]
[H2 s1] r=30 H=0.000 alive=[0, 1, 2, 3, 4] ema=[0.29499998688697815, 0.16500000655651093, 0.20900000631809235, 0.2529999911785126, 0.07800000160932541] nrmse=0.044 func=[0.97, 1.0, 0.95]
[H2 s1] r=31 H=0.000 alive=[0, 1, 2, 3, 4] ema=[0.2980000078678131, 0.1599999964237213, 0.210999995470047, 0.2529999911785126, 0.07800000160932541] nrmse=0.045 func=[0.97, 1.0, 0.96]
[H2 s1] r=32 H=0.000 alive=[0, 1, 2, 3, 4] ema=[0.3009999990463257, 0.15399999916553497, 0.21400000154972076, 0.2540000081062317, 0.07599999755620956] nrmse=0.047 func=[0.98, 1.0, 0.96]
[H2 s1] r=33 H=0.000 alive=[0, 1, 2, 3, 4] ema=[0.30399999022483826, 0.14900000393390656, 0.2160000056028366, 0.25600001215934753, 0.07500000298023224] nrmse=0.043 func=[0.98, 1.0, 0.96]
[H2 s1] r=34 H=0.000 alive=[0, 1, 2, 3, 4] ema=[0.3059999942779541, 0.14499999582767487, 0.21799999475479126, 0.257999986410141, 0.0729999989271164] nrmse=0.040 func=[0.98, 1.0, 0.97]
[H2 s1] r=35 H=0.000 alive=[0, 1, 2, 3, 4] ema=[0.3100000023841858, 0.14000000059604645, 0.2199999988079071, 0.25999999046325684, 0.07100000232458115] nrmse=0.033 func=[0.98, 1.0, 0.97]
[H2 s1] r=36 H=0.000 alive=[0, 1, 2, 3, 4] ema=[0.3149999976158142, 0.13300000131130219, 0.22200000286102295, 0.2619999945163727, 0.06800000369548798] nrmse=0.035 func=[0.99, 1.0, 0.98]
[H2 s1] r=37 H=0.000 alive=[0, 1, 2, 3, 4] ema=[0.32100000977516174, 0.12600000202655792, 0.22300000488758087, 0.2630000114440918, 0.06700000166893005] nrmse=0.035 func=[0.99, 1.0, 0.98]
[H2 s1] r=38 H=0.000 alive=[0, 1, 2, 3, 4] ema=[0.32499998807907104, 0.11999999731779099, 0.2240000069141388, 0.26499998569488525, 0.06499999761581421] nrmse=0.036 func=[0.99, 1.0, 0.98]
[H2 s1] r=39 H=0.000 alive=[0, 1, 2, 3, 4] ema=[0.32899999618530273, 0.11699999868869781, 0.22499999403953552, 0.2680000066757202, 0.06300000101327896] nrmse=0.050 func=[0.99, 1.0, 0.98]
{
  "variant": "H2",
  "seed": 1,
  "z4_pass": false,
  "death_events": 0,
  "death_commits": 0,
  "duplicate_prunes": 0,
  "m_discovered": null,
  "family_accuracy": 0.8523316062176166,
  "fragmentation": 0.1489803841937928,
  "b1_pass": false,
  "final_pass": false,
  "failure_mode": "F4_persistent_mixing_or_identity_failure"
}
[H2 s2] r=00 H=0.000 alive=[0, 1, 2, 3, 4] ema=[0.19099999964237213, 0.2590000033378601, 0.19200000166893005, 0.17299999296665192, 0.1860000044107437] nrmse=0.994 func=[0.12, 0.1, -0.0]
[H2 s2] r=01 H=0.000 alive=[0, 1, 2, 3, 4] ema=[0.17499999701976776, 0.2750000059604645, 0.19300000369548798, 0.17499999701976776, 0.18199999630451202] nrmse=0.802 func=[0.19, 0.46, 0.04]
[H2 s2] r=02 H=0.000 alive=[0, 1, 2, 3, 4] ema=[0.15700000524520874, 0.2840000092983246, 0.1979999989271164, 0.18400000035762787, 0.1770000010728836] nrmse=0.706 func=[0.11, 0.66, 0.15]
[H2 s2] r=03 H=0.000 alive=[0, 1, 2, 3, 4] ema=[0.14000000059604645, 0.28999999165534973, 0.20000000298023224, 0.1940000057220459, 0.17499999701976776] nrmse=0.607 func=[0.11, 0.78, 0.35]
[H2 s2] r=04 H=0.000 alive=[0, 1, 2, 3, 4] ema=[0.12399999797344208, 0.2980000078678131, 0.1979999989271164, 0.20000000298023224, 0.17900000512599945] nrmse=0.446 func=[0.33, 0.9, 0.52]
[H2 s2] r=05 H=0.000 alive=[0, 1, 2, 3, 4] ema=[0.10499999672174454, 0.30799999833106995, 0.19599999487400055, 0.20399999618530273, 0.18700000643730164] nrmse=0.310 func=[0.68, 0.98, 0.63]
[H2 s2] r=06 H=0.000 alive=[0, 1, 2, 3, 4] ema=[0.09099999815225601, 0.3160000145435333, 0.1899999976158142, 0.20399999618530273, 0.1979999989271164] nrmse=0.245 func=[0.83, 0.99, 0.74]
[H2 s2] r=07 H=0.000 alive=[0, 1, 2, 3, 4] ema=[0.0820000022649765, 0.3230000138282776, 0.18000000715255737, 0.20399999618530273, 0.210999995470047] nrmse=0.192 func=[0.93, 0.99, 0.82]
[H2 s2] r=08 H=0.000 alive=[0, 1, 2, 3, 4] ema=[0.07400000095367432, 0.328000009059906, 0.16699999570846558, 0.20600000023841858, 0.22499999403953552] nrmse=0.133 func=[0.97, 1.0, 0.92]
[H2 s2] r=09 H=0.000 alive=[0, 1, 2, 3, 4] ema=[0.06400000303983688, 0.3319999873638153, 0.15399999916553497, 0.20999999344348907, 0.23899999260902405] nrmse=0.097 func=[0.99, 1.0, 0.97]
[H2 s2] r=10 H=0.000 alive=[0, 1, 2, 3, 4] ema=[0.05400000140070915, 0.33500000834465027, 0.14100000262260437, 0.2160000056028366, 0.2529999911785126] nrmse=0.078 func=[0.99, 1.0, 0.98]
[H2 s2] r=11 H=0.000 alive=[0, 1, 2, 3, 4] ema=[0.04399999976158142, 0.33799999952316284, 0.1289999932050705, 0.22300000488758087, 0.26600000262260437] nrmse=0.068 func=[1.0, 1.0, 0.99]
[H2 s2] r=12 H=0.000 alive=[0, 1, 2, 3, 4] ema=[0.035999998450279236, 0.3400000035762787, 0.11800000071525574, 0.23000000417232513, 0.2759999930858612] nrmse=0.054 func=[1.0, 1.0, 0.99]
[H2 s2] r=13 H=0.000 alive=[0, 1, 2, 3, 4] ema=[0.028999999165534973, 0.34200000762939453, 0.10899999737739563, 0.23499999940395355, 0.2849999964237213] nrmse=0.049 func=[1.0, 1.0, 1.0]
[H2 s2] r=14 H=0.000 alive=[0, 1, 2, 3, 4] ema=[0.023000000044703484, 0.34299999475479126, 0.09799999743700027, 0.24300000071525574, 0.2930000126361847] nrmse=0.046 func=[1.0, 1.0, 1.0]
[H2 s2] r=15 H=0.000 alive=[0, 1, 2, 3, 4] ema=[0.017999999225139618, 0.3440000116825104, 0.08699999749660492, 0.25200000405311584, 0.2980000078678131] nrmse=0.042 func=[1.0, 1.0, 1.0]
[H2 s2] r=16 H=0.000 alive=[0, 1, 2, 3, 4] ema=[0.014999999664723873, 0.3449999988079071, 0.07599999755620956, 0.2619999945163727, 0.30300000309944153] nrmse=0.040 func=[1.0, 1.0, 1.0]
[H2 s2] r=17 H=0.000 alive=[0, 1, 2, 3, 4] ema=[0.012000000104308128, 0.34599998593330383, 0.06700000166893005, 0.26899999380111694, 0.3070000112056732] nrmse=0.036 func=[1.0, 1.0, 1.0]
[H2 s2] r=18 H=0.000 alive=[0, 1, 2, 3, 4] ema=[0.008999999612569809, 0.34599998593330383, 0.05700000002980232, 0.2770000100135803, 0.3100000023841858] nrmse=0.035 func=[1.0, 1.0, 1.0]
[H2 s2] r=19 H=0.000 alive=[0, 1, 2, 3, 4] ema=[0.00800000037997961, 0.34700000286102295, 0.05000000074505806, 0.2840000092983246, 0.31200000643730164] nrmse=0.037 func=[1.0, 1.0, 1.0]
[H2 s2] r=20 H=0.000 alive=[0, 1, 2, 3, 4] ema=[0.006000000052154064, 0.34700000286102295, 0.04399999976158142, 0.289000004529953, 0.3140000104904175] nrmse=0.034 func=[1.0, 1.0, 1.0]
[H2 s2] r=21 H=0.000 alive=[0, 1, 2, 3, 4] ema=[0.004999999888241291, 0.34700000286102295, 0.039000000804662704, 0.2939999997615814, 0.3149999976158142] nrmse=0.027 func=[1.0, 1.0, 1.0]
[H2 s2] r=22 H=0.000 alive=[1, 2, 3, 4] ema=[0.004000000189989805, 0.3479999899864197, 0.03500000014901161, 0.296999990940094, 0.31700000166893005] nrmse=0.034 func=[1.0, 1.0, 1.0]
[H2 s2] r=23 H=0.000 alive=[1, 2, 3, 4] ema=[0.003000000026077032, 0.3479999899864197, 0.03099999949336052, 0.30000001192092896, 0.3179999887943268] nrmse=0.034 func=[1.0, 1.0, 1.0]
[H2 s2] r=24 H=0.000 alive=[1, 2, 3, 4] ema=[0.0020000000949949026, 0.3479999899864197, 0.02800000086426735, 0.30300000309944153, 0.3179999887943268] nrmse=0.033 func=[1.0, 1.0, 1.0]
[H2 s2] r=25 H=0.000 alive=[1, 2, 3, 4] ema=[0.0020000000949949026, 0.3479999899864197, 0.02500000037252903, 0.3059999942779541, 0.3190000057220459] nrmse=0.027 func=[1.0, 1.0, 1.0]
[H2 s2] r=26 H=0.000 alive=[1, 2, 3, 4] ema=[0.0020000000949949026, 0.3479999899864197, 0.023000000044703484, 0.30799999833106995, 0.3199999928474426] nrmse=0.027 func=[1.0, 1.0, 1.0]
[H2 s2] r=27 H=0.000 alive=[1, 2, 3, 4] ema=[0.0010000000474974513, 0.3479999899864197, 0.019999999552965164, 0.3109999895095825, 0.3199999928474426] nrmse=0.037 func=[1.0, 1.0, 1.0]
[H2 s2] r=28 H=0.000 alive=[1, 2, 3, 4] ema=[0.0010000000474974513, 0.3479999899864197, 0.017000000923871994, 0.3140000104904175, 0.3199999928474426] nrmse=0.030 func=[1.0, 1.0, 1.0]
[H2 s2] r=29 H=0.000 alive=[1, 2, 3, 4] ema=[0.0010000000474974513, 0.3479999899864197, 0.014000000432133675, 0.3160000145435333, 0.3199999928474426] nrmse=0.037 func=[1.0, 1.0, 1.0]
[H2 s2] r=30 H=0.000 alive=[1, 2, 3, 4] ema=[0.0010000000474974513, 0.3479999899864197, 0.012000000104308128, 0.3179999887943268, 0.32100000977516174] nrmse=0.035 func=[1.0, 1.0, 1.0]
[H2 s2] r=31 H=0.000 alive=[1, 2, 3, 4] ema=[0.0010000000474974513, 0.3479999899864197, 0.009999999776482582, 0.3199999928474426, 0.32100000977516174] nrmse=0.021 func=[1.0, 1.0, 1.0]
[H2 s2] r=32 H=0.000 alive=[1, 2, 3, 4] ema=[0.0, 0.3479999899864197, 0.008999999612569809, 0.32100000977516174, 0.32100000977516174] nrmse=0.040 func=[1.0, 1.0, 1.0]
[H2 s2] r=33 H=0.000 alive=[1, 2, 3, 4] ema=[0.0, 0.3479999899864197, 0.007000000216066837, 0.3230000138282776, 0.32100000977516174] nrmse=0.027 func=[1.0, 1.0, 1.0]
[H2 s2] r=34 H=0.000 alive=[1, 2, 3, 4] ema=[0.0, 0.3479999899864197, 0.006000000052154064, 0.32499998807907104, 0.32100000977516174] nrmse=0.021 func=[1.0, 1.0, 1.0]
[H2 s2] r=35 H=0.000 alive=[1, 2, 3, 4] ema=[0.0, 0.3479999899864197, 0.004000000189989805, 0.32600000500679016, 0.32100000977516174] nrmse=0.029 func=[1.0, 1.0, 1.0]
[H2 s2] r=36 H=0.000 alive=[1, 3, 4] ema=[0.0, 0.3479999899864197, 0.004000000189989805, 0.3269999921321869, 0.32100000977516174] nrmse=0.020 func=[1.0, 1.0, 1.0]
[H2 s2] r=37 H=0.000 alive=[1, 3, 4] ema=[0.0, 0.3479999899864197, 0.003000000026077032, 0.3269999921321869, 0.32100000977516174] nrmse=0.020 func=[1.0, 1.0, 1.0]
[H2 s2] r=38 H=0.000 alive=[1, 3, 4] ema=[0.0, 0.3479999899864197, 0.0020000000949949026, 0.328000009059906, 0.32100000977516174] nrmse=0.021 func=[1.0, 1.0, 1.0]
[H2 s2] r=39 H=0.000 alive=[1, 3, 4] ema=[0.0, 0.3479999899864197, 0.0020000000949949026, 0.328000009059906, 0.32100000977516174] nrmse=0.023 func=[1.0, 1.0, 1.0]
[B1 adp12_H2_2_test_iid] 1024/20000
[B1 adp12_H2_2_test_iid] 2048/20000
[B1 adp12_H2_2_test_iid] 3072/20000
[B1 adp12_H2_2_test_iid] 4096/20000
[B1 adp12_H2_2_test_iid] 5120/20000
[B1 adp12_H2_2_test_iid] 6144/20000
[B1 adp12_H2_2_test_iid] 7168/20000
[B1 adp12_H2_2_test_iid] 8192/20000
[B1 adp12_H2_2_test_iid] 9216/20000
[B1 adp12_H2_2_test_iid] 10240/20000
[B1 adp12_H2_2_test_iid] 11264/20000
[B1 adp12_H2_2_test_iid] 12288/20000
[B1 adp12_H2_2_test_iid] 13312/20000
[B1 adp12_H2_2_test_iid] 14336/20000
[B1 adp12_H2_2_test_iid] 15360/20000
[B1 adp12_H2_2_test_iid] 16384/20000
[B1 adp12_H2_2_test_iid] 17408/20000
[B1 adp12_H2_2_test_iid] 18432/20000
[B1 adp12_H2_2_test_iid] 19456/20000
[B1 adp12_H2_2_test_iid] 20000/20000
[B1 test_iid] nrmse=0.0284 F1micro=0.998 minR2=0.999
[B1 adp12_H2_2_test_combination_101] 1024/20000
[B1 adp12_H2_2_test_combination_101] 2048/20000
[B1 adp12_H2_2_test_combination_101] 3072/20000
[B1 adp12_H2_2_test_combination_101] 4096/20000
[B1 adp12_H2_2_test_combination_101] 5120/20000
[B1 adp12_H2_2_test_combination_101] 6144/20000
[B1 adp12_H2_2_test_combination_101] 7168/20000
[B1 adp12_H2_2_test_combination_101] 8192/20000
[B1 adp12_H2_2_test_combination_101] 9216/20000
[B1 adp12_H2_2_test_combination_101] 10240/20000
[B1 adp12_H2_2_test_combination_101] 11264/20000
[B1 adp12_H2_2_test_combination_101] 12288/20000
[B1 adp12_H2_2_test_combination_101] 13312/20000
[B1 adp12_H2_2_test_combination_101] 14336/20000
[B1 adp12_H2_2_test_combination_101] 15360/20000
[B1 adp12_H2_2_test_combination_101] 16384/20000
[B1 adp12_H2_2_test_combination_101] 17408/20000
[B1 adp12_H2_2_test_combination_101] 18432/20000
[B1 adp12_H2_2_test_combination_101] 19456/20000
[B1 adp12_H2_2_test_combination_101] 20000/20000
[B1 test_combination_101] nrmse=0.0302 F1micro=0.998 minR2=0.999
{
  "variant": "H2",
  "seed": 2,
  "z4_pass": true,
  "death_events": 2,
  "death_commits": 2,
  "duplicate_prunes": 0,
  "m_discovered": 3,
  "family_accuracy": 1.0,
  "fragmentation": 0.0,
  "b1_pass": true,
  "final_pass": true,
  "failure_mode": null
}
[H3 s0] r=00 H=1.364 alive=[0, 1, 2, 3, 4] ema=[0.19900000095367432, 0.1979999989271164, 0.19900000095367432, 0.2029999941587448, 0.20100000500679016] nrmse=0.940 func=[0.16, 0.27, -0.01]
[H3 s0] r=01 H=1.383 alive=[0, 1, 2, 3, 4] ema=[0.1979999989271164, 0.19599999487400055, 0.1979999989271164, 0.20499999821186066, 0.2029999941587448] nrmse=0.838 func=[0.17, 0.5, -0.09]
[H3 s0] r=02 H=1.390 alive=[0, 1, 2, 3, 4] ema=[0.19699999690055847, 0.19599999487400055, 0.19699999690055847, 0.20499999821186066, 0.20399999618530273] nrmse=0.811 func=[0.09, 0.55, -0.01]
[H3 s0] r=03 H=1.423 alive=[0, 1, 2, 3, 4] ema=[0.1979999989271164, 0.19699999690055847, 0.19699999690055847, 0.20499999821186066, 0.2029999941587448] nrmse=0.783 func=[0.09, 0.61, 0.07]
[H3 s0] r=04 H=1.424 alive=[0, 1, 2, 3, 4] ema=[0.19699999690055847, 0.19699999690055847, 0.19699999690055847, 0.20600000023841858, 0.2029999941587448] nrmse=0.763 func=[0.12, 0.61, 0.23]
[H3 s0] r=05 H=1.431 alive=[0, 1, 2, 3, 4] ema=[0.19699999690055847, 0.19699999690055847, 0.19599999487400055, 0.20600000023841858, 0.2029999941587448] nrmse=0.748 func=[0.09, 0.64, 0.36]
[H3 s0] r=06 H=1.398 alive=[0, 1, 2, 3, 4] ema=[0.19499999284744263, 0.19599999487400055, 0.19499999284744263, 0.20999999344348907, 0.20399999618530273] nrmse=0.738 func=[0.06, 0.67, 0.37]
[H3 s0] r=07 H=1.393 alive=[0, 1, 2, 3, 4] ema=[0.1940000057220459, 0.19499999284744263, 0.1940000057220459, 0.21199999749660492, 0.20399999618530273] nrmse=0.730 func=[0.09, 0.68, 0.36]
[H3 s0] r=08 H=1.355 alive=[0, 1, 2, 3, 4] ema=[0.19300000369548798, 0.19499999284744263, 0.19200000166893005, 0.21299999952316284, 0.20800000429153442] nrmse=0.685 func=[0.06, 0.66, 0.31]
[H3 s0] r=09 H=1.326 alive=[0, 1, 2, 3, 4] ema=[0.19099999964237213, 0.1940000057220459, 0.19099999964237213, 0.21699999272823334, 0.20800000429153442] nrmse=0.677 func=[0.06, 0.62, 0.43]
[H3 s0] r=10 H=1.061 alive=[0, 1, 2, 3, 4] ema=[0.1860000044107437, 0.1899999976158142, 0.1850000023841858, 0.2290000021457672, 0.20999999344348907] nrmse=0.593 func=[0.07, 0.58, 0.47]
[H3 s0] r=11 H=1.038 alive=[0, 1, 2, 3, 4] ema=[0.18199999630451202, 0.1860000044107437, 0.18199999630451202, 0.23999999463558197, 0.20999999344348907] nrmse=0.519 func=[-0.13, 0.48, 0.58]
[H3 s0] r=12 H=1.006 alive=[0, 1, 2, 3, 4] ema=[0.17900000512599945, 0.1850000023841858, 0.18000000715255737, 0.24699999392032623, 0.20900000631809235] nrmse=0.475 func=[-0.15, 0.43, 0.61]
[H3 s0] r=13 H=0.967 alive=[0, 1, 2, 3, 4] ema=[0.17599999904632568, 0.18199999630451202, 0.17800000309944153, 0.2549999952316284, 0.20800000429153442] nrmse=0.442 func=[-0.16, 0.38, 0.68]
[H3 s0] r=14 H=0.945 alive=[0, 1, 2, 3, 4] ema=[0.17399999499320984, 0.18000000715255737, 0.1770000010728836, 0.26100000739097595, 0.2070000022649765] nrmse=0.422 func=[-0.17, 0.36, 0.74]
[H3 s0] r=15 H=0.901 alive=[0, 1, 2, 3, 4] ema=[0.17299999296665192, 0.17900000512599945, 0.17599999904632568, 0.2669999897480011, 0.20499999821186066] nrmse=0.392 func=[-0.18, 0.37, 0.8]
[H3 s0] r=16 H=0.848 alive=[0, 1, 2, 3, 4] ema=[0.17100000381469727, 0.18000000715255737, 0.17399999499320984, 0.2720000147819519, 0.2029999941587448] nrmse=0.372 func=[-0.08, 0.34, 0.83]
[H3 s0] r=17 H=0.712 alive=[0, 1, 2, 3, 4] ema=[0.1679999977350235, 0.18199999630451202, 0.1720000058412552, 0.27900001406669617, 0.19900000095367432] nrmse=0.327 func=[-0.12, 0.33, 0.91]
[H3 s0] r=18 H=0.624 alive=[0, 1, 2, 3, 4] ema=[0.16599999368190765, 0.18700000643730164, 0.17000000178813934, 0.2849999964237213, 0.19200000166893005] nrmse=0.280 func=[-0.17, 0.26, 0.96]
[H3 s0] r=19 H=0.575 alive=[0, 1, 2, 3, 4] ema=[0.16300000250339508, 0.19200000166893005, 0.1679999977350235, 0.2919999957084656, 0.1850000023841858] nrmse=0.251 func=[-0.1, 0.3, 0.98]
[H3 s0] r=20 H=0.427 alive=[0, 1, 2, 3, 4] ema=[0.16099999845027924, 0.19900000095367432, 0.16599999368190765, 0.30000001192092896, 0.17399999499320984] nrmse=0.217 func=[-0.12, 0.31, 0.98]
[H3 s0] r=21 H=0.427 alive=[0, 1, 2, 3, 4] ema=[0.16099999845027924, 0.20399999618530273, 0.16300000250339508, 0.3059999942779541, 0.16599999368190765] nrmse=0.196 func=[-0.11, 0.29, 0.99]
[H3 s0] r=22 H=0.425 alive=[0, 1, 2, 3, 4] ema=[0.16099999845027924, 0.2070000022649765, 0.16300000250339508, 0.3100000023841858, 0.1589999943971634] nrmse=0.189 func=[-0.04, 0.27, 0.99]
[H3 s0] r=23 H=0.426 alive=[0, 1, 2, 3, 4] ema=[0.16200000047683716, 0.20900000631809235, 0.16300000250339508, 0.31200000643730164, 0.15399999916553497] nrmse=0.164 func=[-0.01, 0.27, 0.99]
[H3 s0] r=24 H=0.419 alive=[0, 1, 2, 3, 4] ema=[0.16300000250339508, 0.20900000631809235, 0.164000004529953, 0.3140000104904175, 0.15000000596046448] nrmse=0.154 func=[-0.01, 0.24, 0.99]
[H3 s0] r=25 H=0.407 alive=[0, 1, 2, 3, 4] ema=[0.164000004529953, 0.20900000631809235, 0.16500000655651093, 0.3149999976158142, 0.1469999998807907] nrmse=0.145 func=[0.02, 0.28, 0.99]
[H3 s0] r=26 H=0.405 alive=[0, 1, 2, 3, 4] ema=[0.16599999368190765, 0.20800000429153442, 0.16699999570846558, 0.3149999976158142, 0.14499999582767487] nrmse=0.133 func=[0.0, 0.27, 0.99]
[H3 s0] r=27 H=0.397 alive=[0, 1, 2, 3, 4] ema=[0.1679999977350235, 0.20600000023841858, 0.1679999977350235, 0.3149999976158142, 0.14399999380111694] nrmse=0.126 func=[0.02, 0.27, 0.99]
[H3 s0] r=28 H=0.391 alive=[0, 1, 2, 3, 4] ema=[0.17100000381469727, 0.2029999941587448, 0.1679999977350235, 0.3140000104904175, 0.14300000667572021] nrmse=0.119 func=[-0.02, 0.29, 0.99]
[H3 s0] r=29 H=0.392 alive=[0, 1, 2, 3, 4] ema=[0.1720000058412552, 0.20100000500679016, 0.17000000178813934, 0.3140000104904175, 0.14300000667572021] nrmse=0.112 func=[0.04, 0.31, 1.0]
[H3 s0] r=30 H=0.353 alive=[0, 1, 2, 3, 4] ema=[0.17299999296665192, 0.19900000095367432, 0.1720000058412552, 0.31299999356269836, 0.14300000667572021] nrmse=0.107 func=[0.04, 0.3, 0.99]
[H3 s0] r=31 H=0.350 alive=[0, 1, 2, 3, 4] ema=[0.17399999499320984, 0.1979999989271164, 0.17499999701976776, 0.31200000643730164, 0.1420000046491623] nrmse=0.100 func=[0.08, 0.31, 1.0]
[H3 s0] r=32 H=0.350 alive=[0, 1, 2, 3, 4] ema=[0.17499999701976776, 0.19599999487400055, 0.17599999904632568, 0.3100000023841858, 0.1420000046491623] nrmse=0.091 func=[0.07, 0.34, 1.0]
[H3 s0] r=33 H=0.350 alive=[0, 1, 2, 3, 4] ema=[0.17599999904632568, 0.1940000057220459, 0.17900000512599945, 0.3089999854564667, 0.1420000046491623] nrmse=0.085 func=[0.1, 0.32, 1.0]
[H3 s0] r=34 H=0.350 alive=[0, 1, 2, 3, 4] ema=[0.17599999904632568, 0.19300000369548798, 0.1809999942779541, 0.30799999833106995, 0.14300000667572021] nrmse=0.089 func=[0.1, 0.32, 1.0]
[H3 s0] r=35 H=0.347 alive=[0, 1, 2, 3, 4] ema=[0.17599999904632568, 0.1899999976158142, 0.18400000035762787, 0.3059999942779541, 0.14399999380111694] nrmse=0.078 func=[0.14, 0.35, 1.0]
[H3 s0] r=36 H=0.347 alive=[0, 1, 2, 3, 4] ema=[0.17599999904632568, 0.1889999955892563, 0.1860000044107437, 0.3050000071525574, 0.14499999582767487] nrmse=0.070 func=[0.14, 0.34, 1.0]
[H3 s0] r=37 H=0.349 alive=[0, 1, 2, 3, 4] ema=[0.17599999904632568, 0.18700000643730164, 0.18799999356269836, 0.30300000309944153, 0.1459999978542328] nrmse=0.069 func=[0.13, 0.35, 1.0]
[H3 s0] r=38 H=0.347 alive=[0, 1, 2, 3, 4] ema=[0.17599999904632568, 0.18400000035762787, 0.1899999976158142, 0.3019999861717224, 0.14800000190734863] nrmse=0.064 func=[0.14, 0.37, 1.0]
[H3 s0] r=39 H=0.349 alive=[0, 1, 2, 3, 4] ema=[0.1770000010728836, 0.18199999630451202, 0.19099999964237213, 0.3009999990463257, 0.15000000596046448] nrmse=0.064 func=[0.11, 0.38, 1.0]
{
  "variant": "H3",
  "seed": 0,
  "z4_pass": false,
  "death_events": 0,
  "death_commits": 0,
  "duplicate_prunes": 0,
  "m_discovered": null,
  "family_accuracy": 0.6139896373056994,
  "fragmentation": 0.38472102361429955,
  "b1_pass": false,
  "final_pass": false,
  "failure_mode": "F4_persistent_mixing_or_identity_failure"
}
[H3 s1] r=00 H=1.434 alive=[0, 1, 2, 3, 4] ema=[0.20600000023841858, 0.20999999344348907, 0.19200000166893005, 0.20100000500679016, 0.19200000166893005] nrmse=1.001 func=[0.18, 0.09, -0.05]
[H3 s1] r=01 H=1.248 alive=[0, 1, 2, 3, 4] ema=[0.20399999618530273, 0.2160000056028366, 0.19300000369548798, 0.19499999284744263, 0.19300000369548798] nrmse=0.829 func=[0.25, 0.5, 0.15]
[H3 s1] r=02 H=0.972 alive=[0, 1, 2, 3, 4] ema=[0.19599999487400055, 0.22300000488758087, 0.1979999989271164, 0.1850000023841858, 0.1979999989271164] nrmse=0.687 func=[0.26, 0.68, 0.48]
[H3 s1] r=03 H=0.961 alive=[0, 1, 2, 3, 4] ema=[0.19300000369548798, 0.22200000286102295, 0.20000000298023224, 0.18700000643730164, 0.19900000095367432] nrmse=0.552 func=[0.55, 0.67, 0.74]
[H3 s1] r=04 H=1.130 alive=[0, 1, 2, 3, 4] ema=[0.1940000057220459, 0.21899999678134918, 0.19900000095367432, 0.1899999976158142, 0.1979999989271164] nrmse=0.487 func=[0.8, 0.7, 0.9]
[H3 s1] r=05 H=1.105 alive=[0, 1, 2, 3, 4] ema=[0.1940000057220459, 0.21799999475479126, 0.19699999690055847, 0.19499999284744263, 0.19599999487400055] nrmse=0.452 func=[0.88, 0.79, 0.91]
[H3 s1] r=06 H=1.030 alive=[0, 1, 2, 3, 4] ema=[0.19200000166893005, 0.21699999272823334, 0.19499999284744263, 0.20200000703334808, 0.19499999284744263] nrmse=0.428 func=[0.93, 0.85, 0.9]
[H3 s1] r=07 H=0.859 alive=[0, 1, 2, 3, 4] ema=[0.1899999976158142, 0.21400000154972076, 0.19200000166893005, 0.21199999749660492, 0.19200000166893005] nrmse=0.334 func=[0.96, 0.89, 0.95]
[H3 s1] r=08 H=0.539 alive=[0, 1, 2, 3, 4] ema=[0.18400000035762787, 0.210999995470047, 0.18799999356269836, 0.23000000417232513, 0.18700000643730164] nrmse=0.203 func=[0.98, 0.95, 0.96]
[H3 s1] r=09 H=0.430 alive=[0, 1, 2, 3, 4] ema=[0.17800000309944153, 0.20800000429153442, 0.18299999833106995, 0.24899999797344208, 0.18299999833106995] nrmse=0.089 func=[0.99, 0.99, 0.99]
[H3 s1] r=10 H=0.412 alive=[0, 1, 2, 3, 4] ema=[0.17100000381469727, 0.2070000022649765, 0.18000000715255737, 0.2630000114440918, 0.17900000512599945] nrmse=0.062 func=[1.0, 1.0, 1.0]
[H3 s1] r=11 H=0.413 alive=[0, 1, 2, 3, 4] ema=[0.16599999368190765, 0.20600000023841858, 0.1770000010728836, 0.2750000059604645, 0.17599999904632568] nrmse=0.053 func=[1.0, 1.0, 1.0]
[H3 s1] r=12 H=0.409 alive=[0, 1, 2, 3, 4] ema=[0.16300000250339508, 0.20499999821186066, 0.17399999499320984, 0.2840000092983246, 0.17399999499320984] nrmse=0.047 func=[1.0, 1.0, 1.0]
[H3 s1] r=13 H=0.408 alive=[0, 1, 2, 3, 4] ema=[0.1599999964237213, 0.2029999941587448, 0.1720000058412552, 0.2919999957084656, 0.1720000058412552] nrmse=0.042 func=[1.0, 1.0, 1.0]
[H3 s1] r=14 H=0.408 alive=[0, 1, 2, 3, 4] ema=[0.15700000524520874, 0.2029999941587448, 0.17100000381469727, 0.2980000078678131, 0.17100000381469727] nrmse=0.038 func=[1.0, 1.0, 1.0]
[H3 s1] r=15 H=0.402 alive=[0, 1, 2, 3, 4] ema=[0.15600000321865082, 0.20200000703334808, 0.17000000178813934, 0.3019999861717224, 0.16899999976158142] nrmse=0.035 func=[1.0, 1.0, 1.0]
[H3 s1] r=16 H=0.405 alive=[0, 1, 2, 3, 4] ema=[0.15299999713897705, 0.2029999941587448, 0.16899999976158142, 0.3059999942779541, 0.1679999977350235] nrmse=0.040 func=[1.0, 1.0, 1.0]
[H3 s1] r=17 H=0.410 alive=[0, 1, 2, 3, 4] ema=[0.15000000596046448, 0.20399999618530273, 0.16899999976158142, 0.3089999854564667, 0.16699999570846558] nrmse=0.031 func=[1.0, 1.0, 1.0]
[H3 s1] r=18 H=0.409 alive=[0, 1, 2, 3, 4] ema=[0.14800000190734863, 0.20600000023841858, 0.16899999976158142, 0.31200000643730164, 0.16599999368190765] nrmse=0.030 func=[1.0, 1.0, 1.0]
[H3 s1] r=19 H=0.405 alive=[0, 1, 2, 3, 4] ema=[0.1469999998807907, 0.20600000023841858, 0.1679999977350235, 0.3140000104904175, 0.16599999368190765] nrmse=0.031 func=[1.0, 1.0, 1.0]
[H3 s1] r=20 H=0.378 alive=[0, 1, 2, 3, 4] ema=[0.14399999380111694, 0.20800000429153442, 0.16699999570846558, 0.3149999976158142, 0.16599999368190765] nrmse=0.028 func=[1.0, 1.0, 1.0]
[H3 s1] r=21 H=0.384 alive=[0, 1, 2, 3, 4] ema=[0.13899999856948853, 0.21199999749660492, 0.16599999368190765, 0.3160000145435333, 0.16699999570846558] nrmse=0.030 func=[1.0, 1.0, 1.0]
[H3 s1] r=22 H=0.376 alive=[0, 1, 2, 3, 4] ema=[0.13600000739097595, 0.21400000154972076, 0.16300000250339508, 0.31700000166893005, 0.16899999976158142] nrmse=0.027 func=[1.0, 1.0, 1.0]
[H3 s1] r=23 H=0.373 alive=[0, 1, 2, 3, 4] ema=[0.13699999451637268, 0.21400000154972076, 0.16500000655651093, 0.3179999887943268, 0.16599999368190765] nrmse=0.031 func=[1.0, 1.0, 1.0]
[H3 s1] r=24 H=0.390 alive=[0, 1, 2, 3, 4] ema=[0.14000000059604645, 0.20999999344348907, 0.16500000655651093, 0.3190000057220459, 0.16599999368190765] nrmse=0.038 func=[1.0, 1.0, 1.0]
[H3 s1] r=25 H=0.390 alive=[0, 1, 2, 3, 4] ema=[0.13699999451637268, 0.21199999749660492, 0.16500000655651093, 0.3190000057220459, 0.16599999368190765] nrmse=0.023 func=[1.0, 1.0, 1.0]
[H3 s1] r=26 H=0.387 alive=[0, 1, 2, 3, 4] ema=[0.14000000059604645, 0.20900000631809235, 0.16500000655651093, 0.3199999928474426, 0.16599999368190765] nrmse=0.033 func=[1.0, 1.0, 1.0]
[H3 s1] r=27 H=0.387 alive=[0, 1, 2, 3, 4] ema=[0.14100000262260437, 0.20800000429153442, 0.16599999368190765, 0.3199999928474426, 0.16500000655651093] nrmse=0.022 func=[1.0, 1.0, 1.0]
[H3 s1] r=28 H=0.386 alive=[0, 1, 2, 3, 4] ema=[0.14800000190734863, 0.20100000500679016, 0.17100000381469727, 0.3199999928474426, 0.1599999964237213] nrmse=0.026 func=[1.0, 1.0, 1.0]
[H3 s1] r=29 H=0.398 alive=[0, 1, 2, 3, 4] ema=[0.1469999998807907, 0.20200000703334808, 0.17000000178813934, 0.32100000977516174, 0.16099999845027924] nrmse=0.029 func=[1.0, 1.0, 1.0]
[H3 s1] r=30 H=0.329 alive=[0, 1, 2, 3, 4] ema=[0.13899999856948853, 0.20900000631809235, 0.16899999976158142, 0.32100000977516174, 0.16200000047683716] nrmse=0.026 func=[1.0, 1.0, 1.0]
[H3 s1] r=31 H=0.330 alive=[0, 1, 2, 3, 4] ema=[0.14300000667572021, 0.20499999821186066, 0.164000004529953, 0.32100000977516174, 0.16599999368190765] nrmse=0.028 func=[1.0, 1.0, 1.0]
[H3 s1] r=32 H=0.317 alive=[0, 1, 2, 3, 4] ema=[0.15199999511241913, 0.19599999487400055, 0.1469999998807907, 0.32100000977516174, 0.18299999833106995] nrmse=0.043 func=[1.0, 1.0, 1.0]
[H3 s1] r=33 H=0.332 alive=[0, 1, 2, 3, 4] ema=[0.15000000596046448, 0.19900000095367432, 0.14800000190734863, 0.32100000977516174, 0.18299999833106995] nrmse=0.018 func=[1.0, 1.0, 1.0]
[H3 s1] r=34 H=0.326 alive=[0, 1, 2, 3, 4] ema=[0.1509999930858612, 0.1979999989271164, 0.1459999978542328, 0.32100000977516174, 0.18400000035762787] nrmse=0.017 func=[1.0, 1.0, 1.0]
[H3 s1] r=35 H=0.332 alive=[0, 1, 2, 3, 4] ema=[0.14800000190734863, 0.20000000298023224, 0.14300000667572021, 0.32100000977516174, 0.18700000643730164] nrmse=0.019 func=[1.0, 1.0, 1.0]
[H3 s1] r=36 H=0.336 alive=[0, 1, 2, 3, 4] ema=[0.1379999965429306, 0.20999999344348907, 0.1420000046491623, 0.32100000977516174, 0.1889999955892563] nrmse=0.025 func=[1.0, 1.0, 1.0]
[H3 s1] r=37 H=0.329 alive=[0, 1, 2, 3, 4] ema=[0.1379999965429306, 0.20999999344348907, 0.13899999856948853, 0.32100000977516174, 0.19200000166893005] nrmse=0.023 func=[1.0, 1.0, 1.0]
[H3 s1] r=38 H=0.329 alive=[0, 1, 2, 3, 4] ema=[0.13500000536441803, 0.21400000154972076, 0.1459999978542328, 0.32100000977516174, 0.18400000035762787] nrmse=0.020 func=[1.0, 1.0, 1.0]
[H3 s1] r=39 H=0.333 alive=[0, 1, 2, 3, 4] ema=[0.12999999523162842, 0.21899999678134918, 0.15600000321865082, 0.32100000977516174, 0.17399999499320984] nrmse=0.030 func=[1.0, 1.0, 1.0]
{
  "variant": "H3",
  "seed": 1,
  "z4_pass": true,
  "death_events": 0,
  "death_commits": 0,
  "duplicate_prunes": 2,
  "m_discovered": 3,
  "family_accuracy": 1.0,
  "fragmentation": 0.0,
  "b1_pass": false,
  "final_pass": false,
  "failure_mode": "F6_duplicate_or_reassignment_failure"
}
[H3 s2] r=00 H=1.170 alive=[0, 1, 2, 3, 4] ema=[0.1899999976158142, 0.22200000286102295, 0.1899999976158142, 0.20000000298023224, 0.19900000095367432] nrmse=0.996 func=[0.12, 0.1, -0.0]
[H3 s2] r=01 H=1.120 alive=[0, 1, 2, 3, 4] ema=[0.18299999833106995, 0.23100000619888306, 0.1850000023841858, 0.20200000703334808, 0.19900000095367432] nrmse=0.835 func=[0.19, 0.5, -0.12]
[H3 s2] r=02 H=1.085 alive=[0, 1, 2, 3, 4] ema=[0.18000000715255737, 0.23800000548362732, 0.18400000035762787, 0.20100000500679016, 0.1979999989271164] nrmse=0.741 func=[0.18, 0.69, 0.01]
[H3 s2] r=03 H=1.046 alive=[0, 1, 2, 3, 4] ema=[0.17800000309944153, 0.2460000067949295, 0.18199999630451202, 0.19699999690055847, 0.19599999487400055] nrmse=0.675 func=[0.29, 0.82, 0.18]
[H3 s2] r=04 H=0.921 alive=[0, 1, 2, 3, 4] ema=[0.17800000309944153, 0.257999986410141, 0.18000000715255737, 0.19200000166893005, 0.19200000166893005] nrmse=0.550 func=[0.42, 0.92, 0.36]
[H3 s2] r=05 H=0.725 alive=[0, 1, 2, 3, 4] ema=[0.17599999904632568, 0.27300000190734863, 0.17800000309944153, 0.1860000044107437, 0.1860000044107437] nrmse=0.461 func=[0.47, 0.97, 0.33]
[H3 s2] r=06 H=0.718 alive=[0, 1, 2, 3, 4] ema=[0.17499999701976776, 0.2849999964237213, 0.17599999904632568, 0.18199999630451202, 0.18199999630451202] nrmse=0.377 func=[0.49, 0.98, 0.35]
[H3 s2] r=07 H=0.719 alive=[0, 1, 2, 3, 4] ema=[0.17399999499320984, 0.2939999997615814, 0.17399999499320984, 0.17900000512599945, 0.17900000512599945] nrmse=0.348 func=[0.48, 0.99, 0.3]
[H3 s2] r=08 H=0.599 alive=[0, 1, 2, 3, 4] ema=[0.1720000058412552, 0.30300000309944153, 0.1720000058412552, 0.1770000010728836, 0.17499999701976776] nrmse=0.304 func=[0.52, 0.99, 0.25]
[H3 s2] r=09 H=0.560 alive=[0, 1, 2, 3, 4] ema=[0.17100000381469727, 0.3109999895095825, 0.17100000381469727, 0.17599999904632568, 0.1720000058412552] nrmse=0.267 func=[0.55, 0.99, 0.27]
[H3 s2] r=10 H=0.463 alive=[0, 1, 2, 3, 4] ema=[0.16899999976158142, 0.3179999887943268, 0.1679999977350235, 0.17299999296665192, 0.1720000058412552] nrmse=0.216 func=[0.52, 0.99, 0.26]
[H3 s2] r=11 H=0.494 alive=[0, 1, 2, 3, 4] ema=[0.16699999570846558, 0.3240000009536743, 0.16599999368190765, 0.1720000058412552, 0.17100000381469727] nrmse=0.191 func=[0.55, 0.99, 0.24]
[H3 s2] r=12 H=0.484 alive=[0, 1, 2, 3, 4] ema=[0.16500000655651093, 0.328000009059906, 0.164000004529953, 0.17000000178813934, 0.1720000058412552] nrmse=0.172 func=[0.53, 1.0, 0.28]
[H3 s2] r=13 H=0.444 alive=[0, 1, 2, 3, 4] ema=[0.164000004529953, 0.3319999873638153, 0.16300000250339508, 0.16899999976158142, 0.1720000058412552] nrmse=0.151 func=[0.53, 0.99, 0.32]
[H3 s2] r=14 H=0.430 alive=[0, 1, 2, 3, 4] ema=[0.16300000250339508, 0.33500000834465027, 0.16200000047683716, 0.16699999570846558, 0.17299999296665192] nrmse=0.133 func=[0.55, 1.0, 0.26]
[H3 s2] r=15 H=0.411 alive=[0, 1, 2, 3, 4] ema=[0.16200000047683716, 0.33799999952316284, 0.16099999845027924, 0.16599999368190765, 0.17399999499320984] nrmse=0.118 func=[0.58, 1.0, 0.32]
[H3 s2] r=16 H=0.409 alive=[0, 1, 2, 3, 4] ema=[0.16099999845027924, 0.3400000035762787, 0.1589999943971634, 0.16500000655651093, 0.17499999701976776] nrmse=0.114 func=[0.58, 1.0, 0.3]
[H3 s2] r=17 H=0.402 alive=[0, 1, 2, 3, 4] ema=[0.16099999845027924, 0.34200000762939453, 0.15800000727176666, 0.16300000250339508, 0.17599999904632568] nrmse=0.100 func=[0.56, 1.0, 0.3]
[H3 s2] r=18 H=0.394 alive=[0, 1, 2, 3, 4] ema=[0.1599999964237213, 0.34299999475479126, 0.15800000727176666, 0.16200000047683716, 0.1770000010728836] nrmse=0.100 func=[0.59, 1.0, 0.33]
[H3 s2] r=19 H=0.387 alive=[0, 1, 2, 3, 4] ema=[0.1599999964237213, 0.3440000116825104, 0.15700000524520874, 0.16099999845027924, 0.17800000309944153] nrmse=0.090 func=[0.58, 1.0, 0.32]
[H3 s2] r=20 H=0.365 alive=[0, 1, 2, 3, 4] ema=[0.1589999943971634, 0.3449999988079071, 0.15700000524520874, 0.1599999964237213, 0.18000000715255737] nrmse=0.086 func=[0.59, 1.0, 0.34]
[H3 s2] r=21 H=0.363 alive=[0, 1, 2, 3, 4] ema=[0.1589999943971634, 0.34599998593330383, 0.15600000321865082, 0.15800000727176666, 0.18199999630451202] nrmse=0.077 func=[0.62, 1.0, 0.36]
[H3 s2] r=22 H=0.364 alive=[0, 1, 2, 3, 4] ema=[0.15800000727176666, 0.34599998593330383, 0.15600000321865082, 0.15700000524520874, 0.18199999630451202] nrmse=0.070 func=[0.63, 1.0, 0.38]
[H3 s2] r=23 H=0.361 alive=[0, 1, 2, 3, 4] ema=[0.15800000727176666, 0.34700000286102295, 0.15600000321865082, 0.15600000321865082, 0.18299999833106995] nrmse=0.066 func=[0.65, 1.0, 0.41]
[H3 s2] r=24 H=0.362 alive=[0, 1, 2, 3, 4] ema=[0.15800000727176666, 0.34700000286102295, 0.15600000321865082, 0.1550000011920929, 0.18400000035762787] nrmse=0.063 func=[0.65, 1.0, 0.4]
[H3 s2] r=25 H=0.362 alive=[0, 1, 2, 3, 4] ema=[0.15800000727176666, 0.34700000286102295, 0.1550000011920929, 0.15399999916553497, 0.1850000023841858] nrmse=0.072 func=[0.66, 1.0, 0.42]
[H3 s2] r=26 H=0.362 alive=[0, 1, 2, 3, 4] ema=[0.15800000727176666, 0.3479999899864197, 0.1550000011920929, 0.15399999916553497, 0.1860000044107437] nrmse=0.060 func=[0.66, 1.0, 0.42]
[H3 s2] r=27 H=0.362 alive=[0, 1, 2, 3, 4] ema=[0.15800000727176666, 0.3479999899864197, 0.15399999916553497, 0.15299999713897705, 0.18700000643730164] nrmse=0.056 func=[0.67, 1.0, 0.43]
[H3 s2] r=28 H=0.358 alive=[0, 1, 2, 3, 4] ema=[0.15800000727176666, 0.3479999899864197, 0.15399999916553497, 0.15399999916553497, 0.18700000643730164] nrmse=0.061 func=[0.67, 1.0, 0.41]
[H3 s2] r=29 H=0.364 alive=[0, 1, 2, 3, 4] ema=[0.15800000727176666, 0.3479999899864197, 0.15299999713897705, 0.15299999713897705, 0.18700000643730164] nrmse=0.059 func=[0.67, 1.0, 0.41]
[H3 s2] r=30 H=0.344 alive=[0, 1, 2, 3, 4] ema=[0.15800000727176666, 0.3479999899864197, 0.15299999713897705, 0.1509999930858612, 0.1889999955892563] nrmse=0.056 func=[0.66, 1.0, 0.41]
[H3 s2] r=31 H=0.345 alive=[0, 1, 2, 3, 4] ema=[0.15800000727176666, 0.3479999899864197, 0.15199999511241913, 0.1509999930858612, 0.1899999976158142] nrmse=0.050 func=[0.67, 1.0, 0.42]
[H3 s2] r=32 H=0.345 alive=[0, 1, 2, 3, 4] ema=[0.15800000727176666, 0.3479999899864197, 0.15199999511241913, 0.15000000596046448, 0.19200000166893005] nrmse=0.057 func=[0.68, 1.0, 0.43]
[H3 s2] r=33 H=0.346 alive=[0, 1, 2, 3, 4] ema=[0.1589999943971634, 0.3479999899864197, 0.15199999511241913, 0.14900000393390656, 0.19300000369548798] nrmse=0.048 func=[0.68, 1.0, 0.42]
[H3 s2] r=34 H=0.345 alive=[0, 1, 2, 3, 4] ema=[0.15800000727176666, 0.3479999899864197, 0.15199999511241913, 0.14900000393390656, 0.19300000369548798] nrmse=0.047 func=[0.68, 1.0, 0.43]
[H3 s2] r=35 H=0.344 alive=[0, 1, 2, 3, 4] ema=[0.1589999943971634, 0.3479999899864197, 0.1509999930858612, 0.14800000190734863, 0.1940000057220459] nrmse=0.047 func=[0.68, 1.0, 0.42]
[H3 s2] r=36 H=0.346 alive=[0, 1, 2, 3, 4] ema=[0.1589999943971634, 0.3479999899864197, 0.1509999930858612, 0.14800000190734863, 0.1940000057220459] nrmse=0.055 func=[0.68, 1.0, 0.42]
[H3 s2] r=37 H=0.344 alive=[0, 1, 2, 3, 4] ema=[0.1589999943971634, 0.3479999899864197, 0.1509999930858612, 0.14800000190734863, 0.1940000057220459] nrmse=0.048 func=[0.71, 1.0, 0.45]
[H3 s2] r=38 H=0.347 alive=[0, 1, 2, 3, 4] ema=[0.15800000727176666, 0.3479999899864197, 0.1509999930858612, 0.14800000190734863, 0.1940000057220459] nrmse=0.045 func=[0.69, 1.0, 0.44]
[H3 s2] r=39 H=0.345 alive=[0, 1, 2, 3, 4] ema=[0.15800000727176666, 0.3479999899864197, 0.1509999930858612, 0.14800000190734863, 0.19499999284744263] nrmse=0.043 func=[0.68, 1.0, 0.43]
{
  "variant": "H3",
  "seed": 2,
  "z4_pass": false,
  "death_events": 0,
  "death_commits": 0,
  "duplicate_prunes": 0,
  "m_discovered": null,
  "family_accuracy": 0.727979274611399,
  "fragmentation": 0.2772568142035509,
  "b1_pass": false,
  "final_pass": false,
  "failure_mode": "F4_persistent_mixing_or_identity_failure"
}
{
  "stage": "adp12_pilot",
  "seeds": [
    0,
    1,
    2
  ],
  "variants": {
    "H0": {
      "z4_pass": 2,
      "end_to_end_pass": 0
    },
    "H1": {
      "z4_pass": 1,
      "end_to_end_pass": 0
    },
    "H2": {
      "z4_pass": 2,
      "end_to_end_pass": 1
    },
    "H3": {
      "z4_pass": 1,
      "end_to_end_pass": 0
    }
  },
  "h3_pilot_gate": false,
  "pass": false
}
