D2 tp=orthogonal seed=0 source=E:\codes_python\relation latent world\E0\outputs\e0a\main\orthogonal\seed_0\best_checkpoint.pt device=cpu
probe=participation/linear step=0000 loss=0.725076
probe=participation/linear step=0100 loss=0.702769
probe=participation/linear step=0200 loss=0.681353
probe=participation/linear step=0300 loss=0.675548
probe=participation/linear step=0400 loss=0.674443
probe=participation/linear step=0500 loss=0.665666
probe=participation/linear step=0600 loss=0.664253
probe=participation/linear step=0700 loss=0.670579
probe=participation/linear step=0800 loss=0.670078
probe=participation/linear step=0900 loss=0.662567
probe=participation/linear step=1000 loss=0.663614
probe=participation/linear step=1100 loss=0.663366
probe=participation/linear step=1200 loss=0.659664
probe=participation/linear step=1300 loss=0.656679
probe=participation/linear step=1400 loss=0.657407
probe=participation/linear step=1500 loss=0.654635
probe=participation/linear step=1600 loss=0.660822
probe=participation/linear step=1700 loss=0.665410
probe=participation/linear step=1800 loss=0.657606
probe=participation/linear step=1900 loss=0.653474
probe=participation/linear step=1999 loss=0.665074
probe=participation/mlp step=0000 loss=0.695708
probe=participation/mlp step=0100 loss=0.506184
probe=participation/mlp step=0200 loss=0.402012
probe=participation/mlp step=0300 loss=0.376735
probe=participation/mlp step=0400 loss=0.347214
probe=participation/mlp step=0500 loss=0.328736
probe=participation/mlp step=0600 loss=0.310386
probe=participation/mlp step=0700 loss=0.287669
probe=participation/mlp step=0800 loss=0.272929
probe=participation/mlp step=0900 loss=0.270469
probe=participation/mlp step=1000 loss=0.262458
probe=participation/mlp step=1100 loss=0.259388
probe=participation/mlp step=1200 loss=0.236944
probe=participation/mlp step=1300 loss=0.245926
probe=participation/mlp step=1400 loss=0.257526
probe=participation/mlp step=1500 loss=0.239322
probe=participation/mlp step=1600 loss=0.234019
probe=participation/mlp step=1700 loss=0.227273
probe=participation/mlp step=1800 loss=0.228870
probe=participation/mlp step=1900 loss=0.212250
probe=participation/mlp step=1999 loss=0.214543
probe=realization/linear step=0000 loss=1.327891
probe=realization/linear step=0100 loss=0.921470
probe=realization/linear step=0200 loss=0.563944
probe=realization/linear step=0300 loss=0.425196
probe=realization/linear step=0400 loss=0.341610
probe=realization/linear step=0500 loss=0.317116
probe=realization/linear step=0600 loss=0.268342
probe=realization/linear step=0700 loss=0.280928
probe=realization/linear step=0800 loss=0.257896
probe=realization/linear step=0900 loss=0.267658
probe=realization/linear step=1000 loss=0.233073
probe=realization/linear step=1100 loss=0.253919
probe=realization/linear step=1200 loss=0.247159
probe=realization/linear step=1300 loss=0.246179
probe=realization/linear step=1400 loss=0.236210
probe=realization/linear step=1500 loss=0.255191
probe=realization/linear step=1600 loss=0.234482
probe=realization/linear step=1700 loss=0.232772
probe=realization/linear step=1800 loss=0.222108
probe=realization/linear step=1900 loss=0.249046
probe=realization/linear step=1999 loss=0.233602
probe=realization/mlp step=0000 loss=0.446927
probe=realization/mlp step=0100 loss=0.220071
probe=realization/mlp step=0200 loss=0.203157
probe=realization/mlp step=0300 loss=0.202132
probe=realization/mlp step=0400 loss=0.186443
probe=realization/mlp step=0500 loss=0.189215
probe=realization/mlp step=0600 loss=0.192473
probe=realization/mlp step=0700 loss=0.176768
probe=realization/mlp step=0800 loss=0.167107
probe=realization/mlp step=0900 loss=0.198120
probe=realization/mlp step=1000 loss=0.168069
probe=realization/mlp step=1100 loss=0.166445
probe=realization/mlp step=1200 loss=0.190120
probe=realization/mlp step=1300 loss=0.175381
probe=realization/mlp step=1400 loss=0.168660
probe=realization/mlp step=1500 loss=0.160970
probe=realization/mlp step=1600 loss=0.172051
probe=realization/mlp step=1700 loss=0.169604
probe=realization/mlp step=1800 loss=0.171384
probe=realization/mlp step=1900 loss=0.174212
probe=realization/mlp step=1999 loss=0.162797
